Product: MDK-ARM Standard 5.10
Component: ARM Compiler 5.04 update 1 (build 49)
Tool: armlink [5040049]

==============================================================================

Section Cross References

    main.o(i.advertising_data_init) refers to memseta.o(.text) for __aeabi_memclr4
    main.o(i.advertising_data_init) refers to ble_advdata.o(i.ble_advdata_set) for ble_advdata_set
    main.o(i.advertising_data_init) refers to app_error.o(i.app_error_handler) for app_error_handler
    main.o(i.advertising_data_init) refers to main.o(.bss) for m_addl_adv_manuf_data
    main.o(i.advertising_start) refers to pstorage.o(i.pstorage_access_status_get) for pstorage_access_status_get
    main.o(i.advertising_start) refers to app_error.o(i.app_error_handler) for app_error_handler
    main.o(i.advertising_start) refers to nrf_delay.o(i.nrf_delay_ms) for nrf_delay_ms
    main.o(i.advertising_start) refers to main.o(.bss) for m_adv_params
    main.o(i.advertising_stop) refers to app_error.o(i.app_error_handler) for app_error_handler
    main.o(i.application_timers_start) refers to app_timer.o(i.app_timer_start) for app_timer_start
    main.o(i.application_timers_start) refers to app_error.o(i.app_error_handler) for app_error_handler
    main.o(i.application_timers_start) refers to main.o(.data) for m_notif_timer_id
    main.o(i.application_timers_stop) refers to app_timer.o(i.app_timer_stop) for app_timer_stop
    main.o(i.application_timers_stop) refers to app_error.o(i.app_error_handler) for app_error_handler
    main.o(i.application_timers_stop) refers to main.o(.data) for m_notif_timer_id
    main.o(i.assert_nrf_callback) refers to app_error.o(i.app_error_handler) for app_error_handler
    main.o(i.battery_start) refers to uidiv.o(.text) for __aeabi_uidivmod
    main.o(i.battery_start) refers to main.o(.data) for batt_lvl_in_milli_volts
    main.o(i.ble_evt_dispatch) refers to ble_dfu.o(i.ble_dfu_on_ble_evt) for ble_dfu_on_ble_evt
    main.o(i.ble_evt_dispatch) refers to main.o(i.on_ble_evt) for on_ble_evt
    main.o(i.ble_evt_dispatch) refers to main.o(.bss) for m_dfus
    main.o(i.ble_stack_init) refers to softdevice_handler.o(i.softdevice_handler_init) for softdevice_handler_init
    main.o(i.ble_stack_init) refers to app_error.o(i.app_error_handler) for app_error_handler
    main.o(i.ble_stack_init) refers to softdevice_handler.o(i.softdevice_ble_evt_handler_set) for softdevice_ble_evt_handler_set
    main.o(i.ble_stack_init) refers to softdevice_handler.o(i.softdevice_sys_evt_handler_set) for softdevice_sys_evt_handler_set
    main.o(i.ble_stack_init) refers to main.o(.bss) for EVT_BUFFER
    main.o(i.ble_stack_init) refers to main.o(i.ble_evt_dispatch) for ble_evt_dispatch
    main.o(i.ble_stack_init) refers to main.o(i.sys_evt_dispatch) for sys_evt_dispatch
    main.o(i.char_add) refers to memseta.o(.text) for __aeabi_memclr4
    main.o(i.char_add) refers to app_error.o(i.app_error_handler) for app_error_handler
    main.o(i.char_add) refers to main.o(.bss) for m_char_value
    main.o(i.char_add) refers to main.o(.data) for m_char_handles
    main.o(i.char_notify) refers to app_error.o(i.app_error_handler) for app_error_handler
    main.o(i.char_notify) refers to main.o(i.application_timers_start) for application_timers_start
    main.o(i.char_notify) refers to main.o(.data) for m_conn_handle
    main.o(i.char_notify) refers to main.o(.bss) for m_bas
    main.o(i.connectable_adv_init) refers to memseta.o(.text) for __aeabi_memclr4
    main.o(i.connectable_adv_init) refers to main.o(.bss) for m_adv_params
    main.o(i.connection_interval_timeout_handler) refers to main.o(i.char_notify) for char_notify
    main.o(i.example_cb_handler) refers to main.o(.data) for pstorage_wait_handle
    main.o(i.gap_params_init) refers to printf8.o(i.__0sprintf$8) for __2sprintf
    main.o(i.gap_params_init) refers to app_error.o(i.app_error_handler) for app_error_handler
    main.o(i.main) refers to main.o(i.nrf_gpio_pin_set) for nrf_gpio_pin_set
    main.o(i.main) refers to nrf_delay.o(i.nrf_delay_ms) for nrf_delay_ms
    main.o(i.main) refers to spi_master.o(i.spi_master_init) for spi_master_init
    main.o(i.main) refers to spi_master.o(i.spi_master_tx_rx) for spi_master_tx_rx
    main.o(i.main) refers to main.o(i.timers_init) for timers_init
    main.o(i.main) refers to main.o(i.ble_stack_init) for ble_stack_init
    main.o(i.main) refers to main.o(i.scheduler_init) for scheduler_init
    main.o(i.main) refers to pstorage.o(i.pstorage_init) for pstorage_init
    main.o(i.main) refers to pstorage.o(i.pstorage_register) for pstorage_register
    main.o(i.main) refers to main.o(i.gap_params_init) for gap_params_init
    main.o(i.main) refers to main.o(i.service_add) for service_add
    main.o(i.main) refers to main.o(i.connectable_adv_init) for connectable_adv_init
    main.o(i.main) refers to memseta.o(.text) for __aeabi_memclr4
    main.o(i.main) refers to ble_advdata.o(i.ble_advdata_set) for ble_advdata_set
[...]
    Removing ble_conn_params.o(i.is_conn_params_ok), (36 bytes).
    Removing ble_conn_params.o(i.on_conn_params_update), (24 bytes).
    Removing ble_conn_params.o(i.on_connect), (60 bytes).
    Removing ble_conn_params.o(i.on_disconnect), (68 bytes).
    Removing ble_conn_params.o(i.on_write), (92 bytes).
    Removing ble_conn_params.o(i.update_timeout_handler), (156 bytes).
    Removing ble_conn_params.o(.bss), (28 bytes).
    Removing ble_dfu.o(i.ble_dfu_bytes_rcvd_report), (168 bytes).
    Removing ble_dfu.o(i.ble_dfu_pkts_rcpt_notify), (136 bytes).
    Removing ble_dfu.o(i.uint32_encode), (32 bytes).
    Removing device_manager_peripheral.o(i.app_evt_notify), (28 bytes).
    Removing device_manager_peripheral.o(i.bond_data_load), (80 bytes).
    Removing device_manager_peripheral.o(i.connection_instance_find), (72 bytes).
    Removing device_manager_peripheral.o(i.connection_instance_init), (56 bytes).
    Removing device_manager_peripheral.o(i.device_context_store), (208 bytes).
    Removing device_manager_peripheral.o(i.device_instance_allocate), (124 bytes).
    Removing device_manager_peripheral.o(i.device_instance_find), (88 bytes).
    Removing device_manager_peripheral.o(i.device_instance_free), (48 bytes).
    Removing device_manager_peripheral.o(i.dm_application_context_delete), (12 bytes).
    Removing device_manager_peripheral.o(i.dm_application_context_get), (12 bytes).
    Removing device_manager_peripheral.o(i.dm_application_context_set), (12 bytes).
    Removing device_manager_peripheral.o(i.dm_application_instance_set), (88 bytes).
    Removing device_manager_peripheral.o(i.dm_ble_evt_handler), (1320 bytes).
    Removing device_manager_peripheral.o(i.dm_device_add), (12 bytes).
    Removing device_manager_peripheral.o(i.dm_device_delete), (120 bytes).
    Removing device_manager_peripheral.o(i.dm_device_delete_all), (112 bytes).
    Removing device_manager_peripheral.o(i.dm_handle_initialize), (28 bytes).
    Removing device_manager_peripheral.o(i.dm_init), (256 bytes).
    Removing device_manager_peripheral.o(i.dm_peer_addr_get), (196 bytes).
    Removing device_manager_peripheral.o(i.dm_peer_addr_set), (196 bytes).
    Removing device_manager_peripheral.o(i.dm_pstorage_cb_handler), (484 bytes).
    Removing device_manager_peripheral.o(i.dm_register), (116 bytes).
    Removing device_manager_peripheral.o(i.dm_security_setup_req), (152 bytes).
    Removing device_manager_peripheral.o(i.dm_security_status_req), (176 bytes).
    Removing device_manager_peripheral.o(i.dm_service_context_delete), (112 bytes).
    Removing device_manager_peripheral.o(i.dm_service_context_get), (236 bytes).
    Removing device_manager_peripheral.o(i.dm_service_context_set), (244 bytes).
    Removing device_manager_peripheral.o(i.dm_whitelist_create), (220 bytes).
    Removing device_manager_peripheral.o(i.gattc_context_apply), (6 bytes).
    Removing device_manager_peripheral.o(i.gattc_context_load), (6 bytes).
    Removing device_manager_peripheral.o(i.gattc_context_store), (6 bytes).
    Removing device_manager_peripheral.o(i.gatts_context_apply), (128 bytes).
    Removing device_manager_peripheral.o(i.gatts_context_load), (68 bytes).
    Removing device_manager_peripheral.o(i.gatts_context_store), (200 bytes).
    Removing device_manager_peripheral.o(i.gattsc_context_apply), (26 bytes).
    Removing device_manager_peripheral.o(i.gattsc_context_load), (30 bytes).
    Removing device_manager_peripheral.o(i.gattsc_context_store), (30 bytes).
    Removing device_manager_peripheral.o(i.no_service_context_apply), (6 bytes).
    Removing device_manager_peripheral.o(i.no_service_context_load), (6 bytes).
    Removing device_manager_peripheral.o(i.no_service_context_store), (6 bytes).
    Removing device_manager_peripheral.o(i.peer_instance_init), (80 bytes).
    Removing device_manager_peripheral.o(i.storage_operation_dummy_handler), (8 bytes).
    Removing device_manager_peripheral.o(i.update_status_bit_reset), (20 bytes).
    Removing device_manager_peripheral.o(.constdata), (52 bytes).
    Removing nrf_delay.o(.rev16_text), (4 bytes).
    Removing nrf_delay.o(.revsh_text), (4 bytes).
    Removing simple_uart.o(.rev16_text), (4 bytes).
    Removing simple_uart.o(.revsh_text), (4 bytes).
    Removing simple_uart.o(i.simple_uart_get), (32 bytes).
    Removing simple_uart.o(i.simple_uart_put), (32 bytes).
    Removing simple_uart.o(i.simple_uart_putstring), (32 bytes).
    Removing pstorage.o(.rev16_text), (4 bytes).
    Removing pstorage.o(.revsh_text), (4 bytes).
    Removing pstorage.o(i.pstorage_update), (212 bytes).
    Removing app_error.o(.rev16_text), (4 bytes).
    Removing app_error.o(.revsh_text), (4 bytes).
    Removing app_fifo.o(i.app_fifo_flush), (10 bytes).
    Removing app_fifo.o(i.app_fifo_get), (36 bytes).
    Removing app_fifo.o(i.app_fifo_init), (42 bytes).
    Removing app_fifo.o(i.app_fifo_put), (38 bytes).
    Removing app_scheduler.o(.rev16_text), (4 bytes).
    Removing app_scheduler.o(.revsh_text), (4 bytes).
    Removing app_scheduler.o(i.app_sched_event_put), (264 bytes).
    Removing app_scheduler.o(i.current_int_priority_get), (92 bytes).
    Removing app_timer.o(.rev16_text), (4 bytes).
    Removing app_timer.o(.revsh_text), (4 bytes).
    Removing app_timer.o(i.app_timer_cnt_diff_compute), (22 bytes).
    Removing app_timer.o(i.app_timer_cnt_get), (14 bytes).
    Removing app_timer.o(i.app_timer_stop_all), (32 bytes).
    Removing app_timer.o(i.timer_stop_all_op_schedule), (64 bytes).
    Removing dfu_app_handler.o(.rev16_text), (4 bytes).
    Removing dfu_app_handler.o(.revsh_text), (4 bytes).
    Removing dfu_app_handler.o(i.dfu_app_set_dm_handle), (40 bytes).
    Removing softdevice_handler.o(.rev16_text), (4 bytes).
    Removing softdevice_handler.o(.revsh_text), (4 bytes).
    Removing softdevice_handler.o(i.softdevice_handler_sd_disable), (28 bytes).
    Removing dadd.o(.text), (356 bytes).
    Removing dmul.o(.text), (208 bytes).
    Removing ddiv.o(.text), (240 bytes).
    Removing dfixul.o(.text), (64 bytes).
    Removing cdrcmple.o(.text), (40 bytes).
    Removing depilogue.o(.text), (190 bytes).
    Removing depilogue.o(i.__ARM_clz), (46 bytes).

120 unused section(s) (total 12622 bytes) removed from the image.

==============================================================================

Image Symbol Table

    Local Symbols

    Symbol Name                              Value     Ov Type        Size  Object(Section)

    ../clib/microlib/division.c              0x00000000   Number         0  idiv.o ABSOLUTE
    ../clib/microlib/division.c              0x00000000   Number         0  uidiv.o ABSOLUTE
    ../clib/microlib/division.c              0x00000000   Number         0  uldiv.o ABSOLUTE
    ../clib/microlib/init/entry.s            0x00000000   Number         0  entry.o ABSOLUTE
    ../clib/microlib/init/entry.s            0x00000000   Number         0  entry7a.o ABSOLUTE
    ../clib/microlib/init/entry.s            0x00000000   Number         0  entry11a.o ABSOLUTE
    ../clib/microlib/init/entry.s            0x00000000   Number         0  entry10b.o ABSOLUTE
    ../clib/microlib/init/entry.s            0x00000000   Number         0  entry10a.o ABSOLUTE
    ../clib/microlib/init/entry.s            0x00000000   Number         0  entry9a.o ABSOLUTE
    ../clib/microlib/init/entry.s            0x00000000   Number         0  entry9b.o ABSOLUTE
    ../clib/microlib/init/entry.s            0x00000000   Number         0  entry11b.o ABSOLUTE
    ../clib/microlib/init/entry.s            0x00000000   Number         0  entry7b.o ABSOLUTE
    ../clib/microlib/init/entry.s            0x00000000   Number         0  entry8a.o ABSOLUTE
    ../clib/microlib/init/entry.s            0x00000000   Number         0  entry8b.o ABSOLUTE
    ../clib/microlib/init/entry.s            0x00000000   Number         0  entry5.o ABSOLUTE
    ../clib/microlib/init/entry.s            0x00000000   Number         0  entry2.o ABSOLUTE
    ../clib/microlib/longlong.c              0x00000000   Number         0  llshl.o ABSOLUTE
    ../clib/microlib/longlong.c              0x00000000   Number         0  llsshr.o ABSOLUTE
    ../clib/microlib/longlong.c              0x00000000   Number         0  llushr.o ABSOLUTE
    ../clib/microlib/printf/printf.c         0x00000000   Number         0  printf7.o ABSOLUTE
    ../clib/microlib/printf/printf.c         0x00000000   Number         0  printf1.o ABSOLUTE
    ../clib/microlib/printf/printf.c         0x00000000   Number         0  printf2.o ABSOLUTE
    ../clib/microlib/printf/printf.c         0x00000000   Number         0  printf4.o ABSOLUTE
    ../clib/microlib/printf/printf.c         0x00000000   Number         0  printf5.o ABSOLUTE
    ../clib/microlib/printf/printf.c         0x00000000   Number         0  printf8.o ABSOLUTE
    ../clib/microlib/printf/printf.c         0x00000000   Number         0  printfb.o ABSOLUTE
    ../clib/microlib/printf/printf.c         0x00000000   Number         0  printf3.o ABSOLUTE
    ../clib/microlib/printf/printf.c         0x00000000   Number         0  printf6.o ABSOLUTE
    ../clib/microlib/printf/printf.c         0x00000000   Number         0  printf0.o ABSOLUTE
    ../clib/microlib/printf/printf.c         0x00000000   Number         0  printfa.o ABSOLUTE
    ../clib/microlib/printf/stubs.s          0x00000000   Number         0  stubs.o ABSOLUTE
    ../clib/microlib/stdio/fputc.c           0x00000000   Number         0  fputc.o ABSOLUTE
    ../clib/microlib/stdio/semi.s            0x00000000   Number         0  semi.o ABSOLUTE
    ../clib/microlib/stdio/streams.c         0x00000000   Number         0  stdout.o ABSOLUTE
    ../clib/microlib/string/memcmp.c         0x00000000   Number         0  memcmp.o ABSOLUTE
    ../clib/microlib/string/memcpy.c         0x00000000   Number         0  memcpya.o ABSOLUTE
    ../clib/microlib/string/memcpy.c         0x00000000   Number         0  memcpyb.o ABSOLUTE
    ../clib/microlib/string/memset.c         0x00000000   Number         0  memseta.o ABSOLUTE
    ../clib/microlib/string/strlen.c         0x00000000   Number         0  strlen.o ABSOLUTE
    ../clib/microlib/stubs.s                 0x00000000   Number         0  iusesemip.o ABSOLUTE
    ../clib/microlib/stubs.s                 0x00000000   Number         0  iusefp.o ABSOLUTE
    ../fplib/microlib/fpadd.c                0x00000000   Number         0  dadd.o ABSOLUTE
    ../fplib/microlib/fpdiv.c                0x00000000   Number         0  ddiv.o ABSOLUTE
    ../fplib/microlib/fpepilogue.c           0x00000000   Number         0  depilogue.o ABSOLUTE
    ../fplib/microlib/fpfix.c                0x00000000   Number         0  dfixul.o ABSOLUTE
    ../fplib/microlib/fpmul.c                0x00000000   Number         0  dmul.o ABSOLUTE
    ..\..\..\ble_bas.c                       0x00000000   Number         0  ble_bas.o ABSOLUTE
    ..\..\..\main.c                          0x00000000   Number         0  main.o ABSOLUTE
    ..\..\..\spi_master.c                    0x00000000   Number         0  spi_master.o ABSOLUTE
    ..\\..\\..\\main.c                       0x00000000   Number         0  main.o ABSOLUTE
    ..\\..\\..\\spi_master.c                 0x00000000   Number         0  spi_master.o ABSOLUTE
    C:\Keil_v5\ARM\PACK\NordicSemiconductor\nRF_BLE\1.1.0\ble_services\ble_dfu\ble_dfu.c 0x00000000   Number         0  ble_dfu.o ABSOLUTE
    C:\Keil_v5\ARM\PACK\NordicSemiconductor\nRF_BLE\1.1.0\common\ble_srv_common.c 0x00000000   Number         0  ble_srv_common.o ABSOLUTE
    C:\Keil_v5\ARM\PACK\NordicSemiconductor\nRF_BLE\1.1.0\device_manager\device_manager_peripheral.c 0x00000000   Number         0  device_manager_peripheral.o ABSOLUTE
    C:\Keil_v5\ARM\PACK\NordicSemiconductor\nRF_Drivers\1.2.0\hal\nrf_delay.c 0x00000000   Number         0  nrf_delay.o ABSOLUTE
    C:\Keil_v5\ARM\PACK\NordicSemiconductor\nRF_Libraries\1.1.0\bootloader_dfu\bootloader_util_arm.c 0x00000000   Number         0  bootloader_util_arm.o ABSOLUTE
    C:\Keil_v5\ARM\PACK\NordicSemiconductor\nRF_Libraries\1.1.0\bootloader_dfu\experimental\dfu_app_handler.c 0x00000000   Number         0  dfu_app_handler.o ABSOLUTE
    C:\\Keil_v5\\ARM\\PACK\\NordicSemiconductor\\nRF_Drivers\\1.2.0\\hal\\nrf_delay.c 0x00000000   Number         0  nrf_delay.o ABSOLUTE
    C:\\Keil_v5\\ARM\\PACK\\NordicSemiconductor\\nRF_Libraries\\1.1.0\\bootloader_dfu\\bootloader_util_arm.c 0x00000000   Number         0  bootloader_util_arm.o ABSOLUTE
    C:\\Keil_v5\\ARM\\PACK\\NordicSemiconductor\\nRF_Libraries\\1.1.0\\bootloader_dfu\\experimental\\dfu_app_handler.c 0x00000000   Number         0  dfu_app_handler.o ABSOLUTE
    RTE\Device\nRF51822_xxAA\arm_startup_nrf51.s 0x00000000   Number         0  arm_startup_nrf51.o ABSOLUTE
    RTE\Device\nRF51822_xxAA\system_nrf51.c  0x00000000   Number         0  system_nrf51.o ABSOLUTE
    RTE\\Device\\nRF51822_xxAA\\system_nrf51.c 0x00000000   Number         0  system_nrf51.o ABSOLUTE
    RTE\\nRF_Drivers\\nRF51822_xxAA\\pstorage.c 0x00000000   Number         0  pstorage.o ABSOLUTE
    RTE\\nRF_Drivers\\nRF51822_xxAA\\simple_uart.c 0x00000000   Number         0  simple_uart.o ABSOLUTE
    RTE\\nRF_Libraries\\nRF51822_xxAA\\app_error.c 0x00000000   Number         0  app_error.o ABSOLUTE
    RTE\\nRF_Libraries\\nRF51822_xxAA\\app_scheduler.c 0x00000000   Number         0  app_scheduler.o ABSOLUTE
    RTE\\nRF_Libraries\\nRF51822_xxAA\\app_timer.c 0x00000000   Number         0  app_timer.o ABSOLUTE
    RTE\\nRF_SoftDevice\\nRF51822_xxAA\\softdevice_handler.c 0x00000000   Number         0  softdevice_handler.o ABSOLUTE
    RTE\nRF_BLE\nRF51822_xxAA\ble_advdata.c  0x00000000   Number         0  ble_advdata.o ABSOLUTE
    RTE\nRF_BLE\nRF51822_xxAA\ble_conn_params.c 0x00000000   Number         0  ble_conn_params.o ABSOLUTE
    RTE\nRF_Drivers\nRF51822_xxAA\pstorage.c 0x00000000   Number         0  pstorage.o ABSOLUTE
    RTE\nRF_Drivers\nRF51822_xxAA\simple_uart.c 0x00000000   Number         0  simple_uart.o ABSOLUTE
    RTE\nRF_Libraries\nRF51822_xxAA\app_error.c 0x00000000   Number         0  app_error.o ABSOLUTE
    RTE\nRF_Libraries\nRF51822_xxAA\app_fifo.c 0x00000000   Number         0  app_fifo.o ABSOLUTE
    RTE\nRF_Libraries\nRF51822_xxAA\app_scheduler.c 0x00000000   Number         0  app_scheduler.o ABSOLUTE
    RTE\nRF_Libraries\nRF51822_xxAA\app_timer.c 0x00000000   Number         0  app_timer.o ABSOLUTE
    RTE\nRF_Libraries\nRF51822_xxAA\nrf_assert.c 0x00000000   Number         0  nrf_assert.o ABSOLUTE
    RTE\nRF_SoftDevice\nRF51822_xxAA\softdevice_handler.c 0x00000000   Number         0  softdevice_handler.o ABSOLUTE
    cdrcmple.s                               0x00000000   Number         0  cdrcmple.o ABSOLUTE
    dc.s                                     0x00000000   Number         0  dc.o ABSOLUTE
    handlers.s                               0x00000000   Number         0  handlers.o ABSOLUTE
    init.s                                   0x00000000   Number         0  init.o ABSOLUTE
    RESET                                    0x00016000   Section      192  arm_startup_nrf51.o(RESET)
    .ARM.Collect$$$$00000000                 0x000160c0   Section        0  entry.o(.ARM.Collect$$$$00000000)
    .ARM.Collect$$$$00000001                 0x000160c0   Section        4  entry2.o(.ARM.Collect$$$$00000001)
    .ARM.Collect$$$$00000004                 0x000160c4   Section        4  entry5.o(.ARM.Collect$$$$00000004)
    .ARM.Collect$$$$00000008                 0x000160c8   Section        0  entry7b.o(.ARM.Collect$$$$00000008)
    .ARM.Collect$$$$0000000A                 0x000160c8   Section        0  entry8b.o(.ARM.Collect$$$$0000000A)
    .ARM.Collect$$$$0000000B                 0x000160c8   Section        8  entry9a.o(.ARM.Collect$$$$0000000B)
    .ARM.Collect$$$$0000000D                 0x000160d0   Section        0  entry10a.o(.ARM.Collect$$$$0000000D)
    .ARM.Collect$$$$0000000F                 0x000160d0   Section        0  entry11a.o(.ARM.Collect$$$$0000000F)
    .ARM.Collect$$$$00002712                 0x000160d0   Section        4  entry2.o(.ARM.Collect$$$$00002712)
    __lit__00000000                          0x000160d0   Data           4  entry2.o(.ARM.Collect$$$$00002712)
    .emb_text                                0x000160d4   Section       30  nrf_delay.o(.emb_text)
    .emb_text                                0x000160f4   Section       30  simple_uart.o(.emb_text)
    .emb_text                                0x00016114   Section       30  app_timer.o(.emb_text)
    .emb_text                                0x00016134   Section       68  bootloader_util_arm.o(.emb_text)
    .text                                    0x00016178   Section       56  arm_startup_nrf51.o(.text)
    .text                                    0x000161b0   Section        0  uidiv.o(.text)
    .text                                    0x000161dc   Section        0  idiv.o(.text)
    .text                                    0x00016204   Section        0  memcpya.o(.text)
    .text                                    0x00016228   Section        0  memseta.o(.text)
    .text                                    0x0001624c   Section        0  uldiv.o(.text)
    .text                                    0x000162ac   Section       36  init.o(.text)
    .text                                    0x000162d0   Section        0  llshl.o(.text)
    .text                                    0x000162f0   Section        0  llushr.o(.text)
    i.NVIC_ClearPendingIRQ                   0x00016314   Section        0  app_timer.o(i.NVIC_ClearPendingIRQ)
    NVIC_ClearPendingIRQ                     0x00016315   Thumb Code    14  app_timer.o(i.NVIC_ClearPendingIRQ)
    i.NVIC_EnableIRQ                         0x00016328   Section        0  app_timer.o(i.NVIC_EnableIRQ)
    NVIC_EnableIRQ                           0x00016329   Thumb Code    14  app_timer.o(i.NVIC_EnableIRQ)
    i.NVIC_SetPendingIRQ                     0x0001633c   Section        0  app_timer.o(i.NVIC_SetPendingIRQ)
    NVIC_SetPendingIRQ                       0x0001633d   Thumb Code    14  app_timer.o(i.NVIC_SetPendingIRQ)
    i.NVIC_SetPriority                       0x00016350   Section        0  app_timer.o(i.NVIC_SetPriority)
    NVIC_SetPriority                         0x00016351   Thumb Code   110  app_timer.o(i.NVIC_SetPriority)
    i.RTC1_IRQHandler                        0x000163c8   Section        0  app_timer.o(i.RTC1_IRQHandler)
    i.SWI0_IRQHandler                        0x000163f0   Section        0  app_timer.o(i.SWI0_IRQHandler)
    i.SWI2_IRQHandler                        0x000163f8   Section        0  softdevice_handler.o(i.SWI2_IRQHandler)
    i.SystemInit                             0x00016430   Section        0  system_nrf51.o(i.SystemInit)
    i.__0sprintf$8                           0x00016468   Section        0  printf8.o(i.__0sprintf$8)
    i.__ARM_common_switch8                   0x00016490   Section        0  ble_dfu.o(i.__ARM_common_switch8)
    i.__scatterload_copy                     0x000164ac   Section       14  handlers.o(i.__scatterload_copy)
    i.__scatterload_null                     0x000164ba   Section        2  handlers.o(i.__scatterload_null)
    i.__scatterload_zeroinit                 0x000164bc   Section       14  handlers.o(i.__scatterload_zeroinit)
    i._printf_core                           0x000164cc   Section        0  printf8.o(i._printf_core)
    _printf_core                             0x000164cd   Thumb Code  1020  printf8.o(i._printf_core)
    i._printf_post_padding                   0x000168f4   Section        0  printf8.o(i._printf_post_padding)
    _printf_post_padding                     0x000168f5   Thumb Code    32  printf8.o(i._printf_post_padding)
    i._printf_pre_padding                    0x00016914   Section        0  printf8.o(i._printf_pre_padding)
    _printf_pre_padding                      0x00016915   Thumb Code    44  printf8.o(i._printf_pre_padding)
    i._sputc                                 0x00016940   Section        0  printf8.o(i._sputc)
    _sputc                                   0x00016941   Thumb Code    10  printf8.o(i._sputc)
    i.adv_data_encode                        0x0001694a   Section        0  ble_advdata.o(i.adv_data_encode)
    adv_data_encode                          0x0001694b   Thumb Code   302  ble_advdata.o(i.adv_data_encode)
    i.advdata_check                          0x00016a78   Section        0  ble_advdata.o(i.advdata_check)
    advdata_check                            0x00016a79   Thumb Code    34  ble_advdata.o(i.advdata_check)
    i.advertising_start                      0x00016a9c   Section        0  main.o(i.advertising_start)
    advertising_start                        0x00016a9d   Thumb Code    78  main.o(i.advertising_start)
    i.advertising_stop                       0x00016af0   Section        0  main.o(i.advertising_stop)
    advertising_stop                         0x00016af1   Thumb Code    32  main.o(i.advertising_stop)
    i.app_error_handler                      0x00016b10   Section        0  app_error.o(i.app_error_handler)
    i.app_notify                             0x00016b30   Section        0  pstorage.o(i.app_notify)
    app_notify                               0x00016b31   Thumb Code   100  pstorage.o(i.app_notify)
    i.app_sched_event_get                    0x00016b9c   Section        0  app_scheduler.o(i.app_sched_event_get)
    app_sched_event_get                      0x00016b9d   Thumb Code    84  app_scheduler.o(i.app_sched_event_get)
    i.app_sched_execute                      0x00016c04   Section        0  app_scheduler.o(i.app_sched_execute)
    i.app_sched_init                         0x00016c24   Section        0  app_scheduler.o(i.app_sched_init)
    i.app_timer_create                       0x00016c80   Section        0  app_timer.o(i.app_timer_create)
    i.app_timer_init                         0x00016cf4   Section        0  app_timer.o(i.app_timer_init)
    i.app_timer_start                        0x00016de4   Section        0  app_timer.o(i.app_timer_start)
    i.app_timer_stop                         0x00016e50   Section        0  app_timer.o(i.app_timer_stop)
    i.appearance_encode                      0x00016e94   Section        0  ble_advdata.o(i.appearance_encode)
    appearance_encode                        0x00016e95   Thumb Code    74  ble_advdata.o(i.appearance_encode)
    i.application_timers_start               0x00016ee0   Section        0  main.o(i.application_timers_start)
    application_timers_start                 0x00016ee1   Thumb Code    44  main.o(i.application_timers_start)
    i.application_timers_stop                0x00016f10   Section        0  main.o(i.application_timers_stop)
    application_timers_stop                  0x00016f11   Thumb Code    38  main.o(i.application_timers_stop)
    i.battery_start                          0x00016f3c   Section        0  main.o(i.battery_start)
    i.ble_advdata_set                        0x00016fbc   Section        0  ble_advdata.o(i.ble_advdata_set)
    i.ble_conn_params_stop                   0x00017038   Section        0  ble_conn_params.o(i.ble_conn_params_stop)
    i.ble_dfu_init                           0x00017048   Section        0  ble_dfu.o(i.ble_dfu_init)
    i.ble_dfu_on_ble_evt                     0x000170f8   Section        0  ble_dfu.o(i.ble_dfu_on_ble_evt)
    i.ble_dfu_response_send                  0x00017154   Section        0  ble_dfu.o(i.ble_dfu_response_send)
    i.ble_evt_dispatch                       0x000171e0   Section        0  main.o(i.ble_evt_dispatch)
    ble_evt_dispatch                         0x000171e1   Thumb Code    20  main.o(i.ble_evt_dispatch)
    i.ble_stack_init                         0x000171f8   Section        0  main.o(i.ble_stack_init)
    ble_stack_init                           0x000171f9   Thumb Code   146  main.o(i.ble_stack_init)
    i.bootloader_start                       0x00017298   Section        0  dfu_app_handler.o(i.bootloader_start)
    bootloader_start                         0x00017299   Thumb Code   136  dfu_app_handler.o(i.bootloader_start)
    i.bootloader_util_app_start              0x00017330   Section        0  bootloader_util_arm.o(i.bootloader_util_app_start)
    i.char_notify                            0x0001733c   Section        0  main.o(i.char_notify)
    char_notify                              0x0001733d   Thumb Code   158  main.o(i.char_notify)
    i.cmd_process                            0x000173fc   Section        0  pstorage.o(i.cmd_process)
    cmd_process                              0x000173fd   Thumb Code   360  pstorage.o(i.cmd_process)
    i.cmd_queue_dequeue                      0x00017570   Section        0  pstorage.o(i.cmd_queue_dequeue)
    cmd_queue_dequeue                        0x00017571   Thumb Code    32  pstorage.o(i.cmd_queue_dequeue)
    i.cmd_queue_element_init                 0x00017594   Section        0  pstorage.o(i.cmd_queue_element_init)
    cmd_queue_element_init                   0x00017595   Thumb Code    56  pstorage.o(i.cmd_queue_element_init)
    i.cmd_queue_enqueue                      0x000175d0   Section        0  pstorage.o(i.cmd_queue_enqueue)
    cmd_queue_enqueue                        0x000175d1   Thumb Code   138  pstorage.o(i.cmd_queue_enqueue)
    i.cmd_queue_init                         0x00017660   Section        0  pstorage.o(i.cmd_queue_init)
    cmd_queue_init                           0x00017661   Thumb Code    38  pstorage.o(i.cmd_queue_init)
    i.compare_reg_update                     0x00017694   Section        0  app_timer.o(i.compare_reg_update)
    compare_reg_update                       0x00017695   Thumb Code   124  app_timer.o(i.compare_reg_update)
    i.conn_int_check                         0x00017724   Section        0  ble_advdata.o(i.conn_int_check)
    conn_int_check                           0x00017725   Thumb Code    88  ble_advdata.o(i.conn_int_check)
    i.conn_int_encode                        0x00017780   Section        0  ble_advdata.o(i.conn_int_encode)
    conn_int_encode                          0x00017781   Thumb Code    92  ble_advdata.o(i.conn_int_encode)
    i.connectable_adv_init                   0x000177dc   Section        0  main.o(i.connectable_adv_init)
    connectable_adv_init                     0x000177dd   Thumb Code    32  main.o(i.connectable_adv_init)
    i.connection_interval_timeout_handler    0x00017800   Section        0  main.o(i.connection_interval_timeout_handler)
    connection_interval_timeout_handler      0x00017801   Thumb Code    10  main.o(i.connection_interval_timeout_handler)
    i.current_int_priority_get               0x0001780c   Section        0  app_timer.o(i.current_int_priority_get)
    current_int_priority_get                 0x0001780d   Thumb Code    84  app_timer.o(i.current_int_priority_get)
    i.dfu_app_on_dfu_evt                     0x00017868   Section        0  dfu_app_handler.o(i.dfu_app_on_dfu_evt)
    i.dfu_app_reset_prepare                  0x000178c4   Section        0  dfu_app_handler.o(i.dfu_app_reset_prepare)
    dfu_app_reset_prepare                    0x000178c5   Thumb Code     2  dfu_app_handler.o(i.dfu_app_reset_prepare)
    i.dfu_app_reset_prepare_set              0x000178c8   Section        0  dfu_app_handler.o(i.dfu_app_reset_prepare_set)
    i.dfu_app_set_peer_data                  0x000178d4   Section        0  dfu_app_handler.o(i.dfu_app_set_peer_data)
    dfu_app_set_peer_data                    0x000178d5   Thumb Code   112  dfu_app_handler.o(i.dfu_app_set_peer_data)
    i.dfu_ctrl_pt_add                        0x0001794c   Section        0  ble_dfu.o(i.dfu_ctrl_pt_add)
    dfu_ctrl_pt_add                          0x0001794d   Thumb Code   218  ble_dfu.o(i.dfu_ctrl_pt_add)
    i.dfu_pkt_char_add                       0x00017a2c   Section        0  ble_dfu.o(i.dfu_pkt_char_add)
    dfu_pkt_char_add                         0x00017a2d   Thumb Code   206  ble_dfu.o(i.dfu_pkt_char_add)
    i.dfu_rev_char_add                       0x00017b00   Section        0  ble_dfu.o(i.dfu_rev_char_add)
    dfu_rev_char_add                         0x00017b01   Thumb Code   210  ble_dfu.o(i.dfu_rev_char_add)
    i.dm_distributed_keys_get                0x00017bd8   Section        0  device_manager_peripheral.o(i.dm_distributed_keys_get)
    i.elapsed_ticks_acquire                  0x00017c78   Section        0  app_timer.o(i.elapsed_ticks_acquire)
    elapsed_ticks_acquire                    0x00017c79   Thumb Code    82  app_timer.o(i.elapsed_ticks_acquire)
    i.example_cb_handler                     0x00017cdc   Section        0  main.o(i.example_cb_handler)
    example_cb_handler                       0x00017cdd   Thumb Code    22  main.o(i.example_cb_handler)
    i.expired_timers_handler                 0x00017cfc   Section        0  app_timer.o(i.expired_timers_handler)
    expired_timers_handler                   0x00017cfd   Thumb Code   100  app_timer.o(i.expired_timers_handler)
    i.gap_params_init                        0x00017d68   Section        0  main.o(i.gap_params_init)
    gap_params_init                          0x00017d69   Thumb Code   120  main.o(i.gap_params_init)
    i.intern_softdevice_events_execute       0x00017df8   Section        0  softdevice_handler.o(i.intern_softdevice_events_execute)
    i.interrupts_disable                     0x00017eb4   Section        0  dfu_app_handler.o(i.interrupts_disable)
    interrupts_disable                       0x00017eb5   Thumb Code    48  dfu_app_handler.o(i.interrupts_disable)
    i.is_cccd_configured                     0x00017ee8   Section        0  ble_dfu.o(i.is_cccd_configured)
    is_cccd_configured                       0x00017ee9   Thumb Code    58  ble_dfu.o(i.is_cccd_configured)
    i.is_disabled_in_debug_needed            0x00017f24   Section        0  system_nrf51.o(i.is_disabled_in_debug_needed)
    is_disabled_in_debug_needed              0x00017f25   Thumb Code    52  system_nrf51.o(i.is_disabled_in_debug_needed)
    i.is_manual_peripheral_setup_needed      0x00017f5c   Section        0  system_nrf51.o(i.is_manual_peripheral_setup_needed)
    is_manual_peripheral_setup_needed        0x00017f5d   Thumb Code   104  system_nrf51.o(i.is_manual_peripheral_setup_needed)
    i.is_word_aligned                        0x00017fc8   Section        0  pstorage.o(i.is_word_aligned)
    is_word_aligned                          0x00017fc9   Thumb Code    18  pstorage.o(i.is_word_aligned)
    i.list_deletions_handler                 0x00017fdc   Section        0  app_timer.o(i.list_deletions_handler)
    list_deletions_handler                   0x00017fdd   Thumb Code   176  app_timer.o(i.list_deletions_handler)
    i.list_insertions_handler                0x0001809c   Section        0  app_timer.o(i.list_insertions_handler)
    list_insertions_handler                  0x0001809d   Thumb Code   276  app_timer.o(i.list_insertions_handler)
    i.main                                   0x000181cc   Section        0  main.o(i.main)
    i.manuf_specific_data_encode             0x00018304   Section        0  ble_advdata.o(i.manuf_specific_data_encode)
    manuf_specific_data_encode               0x00018305   Thumb Code   106  ble_advdata.o(i.manuf_specific_data_encode)
    i.name_encode                            0x0001836e   Section        0  ble_advdata.o(i.name_encode)
    name_encode                              0x0001836f   Thumb Code   150  ble_advdata.o(i.name_encode)
    i.next_index                             0x00018404   Section        0  app_scheduler.o(i.next_index)
    next_index                               0x00018405   Thumb Code    20  app_scheduler.o(i.next_index)
    i.notif_timeout_handler                  0x0001841c   Section        0  main.o(i.notif_timeout_handler)
    notif_timeout_handler                    0x0001841d   Thumb Code    74  main.o(i.notif_timeout_handler)
    i.nrf_delay_ms                           0x00018470   Section        0  nrf_delay.o(i.nrf_delay_ms)
    i.nrf_gpio_cfg_input                     0x0001848c   Section        0  spi_master.o(i.nrf_gpio_cfg_input)
    nrf_gpio_cfg_input                       0x0001848d   Thumb Code    20  spi_master.o(i.nrf_gpio_cfg_input)
    i.nrf_gpio_cfg_input                     0x000184a0   Section        0  simple_uart.o(i.nrf_gpio_cfg_input)
    nrf_gpio_cfg_input                       0x000184a1   Thumb Code    20  simple_uart.o(i.nrf_gpio_cfg_input)
    i.nrf_gpio_cfg_output                    0x000184b4   Section        0  spi_master.o(i.nrf_gpio_cfg_output)
    nrf_gpio_cfg_output                      0x000184b5   Thumb Code    18  spi_master.o(i.nrf_gpio_cfg_output)
    i.nrf_gpio_cfg_output                    0x000184c6   Section        0  simple_uart.o(i.nrf_gpio_cfg_output)
    nrf_gpio_cfg_output                      0x000184c7   Thumb Code    18  simple_uart.o(i.nrf_gpio_cfg_output)
    i.nrf_gpio_pin_clear                     0x000184d8   Section        0  main.o(i.nrf_gpio_pin_clear)
    nrf_gpio_pin_clear                       0x000184d9   Thumb Code    10  main.o(i.nrf_gpio_pin_clear)
    i.nrf_gpio_pin_set                       0x000184e8   Section        0  main.o(i.nrf_gpio_pin_set)
    nrf_gpio_pin_set                         0x000184e9   Thumb Code    10  main.o(i.nrf_gpio_pin_set)
    i.nrf_gpio_pin_set                       0x000184f8   Section        0  spi_master.o(i.nrf_gpio_pin_set)
    nrf_gpio_pin_set                         0x000184f9   Thumb Code    10  spi_master.o(i.nrf_gpio_pin_set)
    i.on_ble_evt                             0x00018508   Section        0  main.o(i.on_ble_evt)
    on_ble_evt                               0x00018509   Thumb Code   514  main.o(i.on_ble_evt)
    i.on_connect                             0x00018734   Section        0  ble_dfu.o(i.on_connect)
    on_connect                               0x00018735   Thumb Code     6  ble_dfu.o(i.on_connect)
    i.on_ctrl_pt_write                       0x0001873a   Section        0  ble_dfu.o(i.on_ctrl_pt_write)
    on_ctrl_pt_write                         0x0001873b   Thumb Code   334  ble_dfu.o(i.on_ctrl_pt_write)
    i.on_disconnect                          0x00018888   Section        0  ble_dfu.o(i.on_disconnect)
    on_disconnect                            0x00018889   Thumb Code     8  ble_dfu.o(i.on_disconnect)
    i.on_rw_auth_req                         0x00018890   Section        0  ble_dfu.o(i.on_rw_auth_req)
    on_rw_auth_req                           0x00018891   Thumb Code    52  ble_dfu.o(i.on_rw_auth_req)
    i.on_write                               0x000188c4   Section        0  main.o(i.on_write)
    on_write                                 0x000188c5   Thumb Code   108  main.o(i.on_write)
    i.on_write                               0x00018948   Section        0  ble_dfu.o(i.on_write)
    on_write                                 0x00018949   Thumb Code    42  ble_dfu.o(i.on_write)
    i.power_manage                           0x00018972   Section        0  main.o(i.power_manage)
    power_manage                             0x00018973   Thumb Code    32  main.o(i.power_manage)
    i.pstorage_access_status_get             0x00018994   Section        0  pstorage.o(i.pstorage_access_status_get)
    i.pstorage_block_identifier_get          0x000189c0   Section        0  pstorage.o(i.pstorage_block_identifier_get)
    i.pstorage_clear                         0x00018a50   Section        0  pstorage.o(i.pstorage_clear)
    i.pstorage_init                          0x00018b00   Section        0  pstorage.o(i.pstorage_init)
    i.pstorage_load                          0x00018be4   Section        0  pstorage.o(i.pstorage_load)
    i.pstorage_register                      0x00018cd0   Section        0  pstorage.o(i.pstorage_register)
    i.pstorage_store                         0x00018e50   Section        0  pstorage.o(i.pstorage_store)
    i.pstorage_sys_event_handler             0x00018f24   Section        0  pstorage.o(i.pstorage_sys_event_handler)
    i.reset_prepare                          0x0001907c   Section        0  main.o(i.reset_prepare)
    reset_prepare                            0x0001907d   Thumb Code    82  main.o(i.reset_prepare)
    i.rtc1_counter_get                       0x000190d8   Section        0  app_timer.o(i.rtc1_counter_get)
    rtc1_counter_get                         0x000190d9   Thumb Code     6  app_timer.o(i.rtc1_counter_get)
    i.rtc1_init                              0x000190e4   Section        0  app_timer.o(i.rtc1_init)
    rtc1_init                                0x000190e5   Thumb Code    18  app_timer.o(i.rtc1_init)
    i.rtc1_start                             0x000190fc   Section        0  app_timer.o(i.rtc1_start)
    rtc1_start                               0x000190fd   Thumb Code    48  app_timer.o(i.rtc1_start)
    i.rtc1_stop                              0x00019138   Section        0  app_timer.o(i.rtc1_stop)
    rtc1_stop                                0x00019139   Thumb Code    66  app_timer.o(i.rtc1_stop)
    i.s5tm_timeout_handler                   0x00019190   Section        0  main.o(i.s5tm_timeout_handler)
    s5tm_timeout_handler                     0x00019191   Thumb Code   420  main.o(i.s5tm_timeout_handler)
    i.scheduler_init                         0x00019360   Section        0  main.o(i.scheduler_init)
    scheduler_init                           0x00019361   Thumb Code    44  main.o(i.scheduler_init)
    i.service_add                            0x00019390   Section        0  main.o(i.service_add)
    service_add                              0x00019391   Thumb Code   750  main.o(i.service_add)
    i.service_data_encode                    0x0001969c   Section        0  ble_advdata.o(i.service_data_encode)
    service_data_encode                      0x0001969d   Thumb Code   140  ble_advdata.o(i.service_data_encode)
    i.simple_uart_config                     0x00019728   Section        0  simple_uart.o(i.simple_uart_config)
    i.simple_uart_get_with_timeout           0x00019790   Section        0  simple_uart.o(i.simple_uart_get_with_timeout)
    i.softdevice_assertion_handler           0x000197d8   Section        0  softdevice_handler.o(i.softdevice_assertion_handler)
    i.softdevice_ble_evt_handler_set         0x000197ec   Section        0  softdevice_handler.o(i.softdevice_ble_evt_handler_set)
    i.softdevice_handler_init                0x00019804   Section        0  softdevice_handler.o(i.softdevice_handler_init)
    i.softdevice_sys_evt_handler_set         0x0001986c   Section        0  softdevice_handler.o(i.softdevice_sys_evt_handler_set)
    i.spi_master_init                        0x00019884   Section        0  spi_master.o(i.spi_master_init)
    i.spi_master_tx_rx                       0x00019988   Section        0  spi_master.o(i.spi_master_tx_rx)
    i.srdata_check                           0x00019a18   Section        0  ble_advdata.o(i.srdata_check)
    srdata_check                             0x00019a19   Thumb Code    16  ble_advdata.o(i.srdata_check)
    i.swap_state_process                     0x00019a28   Section        0  pstorage.o(i.swap_state_process)
    swap_state_process                       0x00019a29   Thumb Code   578  pstorage.o(i.swap_state_process)
    i.sys_evt_dispatch                       0x00019c74   Section        0  main.o(i.sys_evt_dispatch)
    sys_evt_dispatch                         0x00019c75   Thumb Code    48  main.o(i.sys_evt_dispatch)
    i.ticks_diff_get                         0x00019ca8   Section        0  app_timer.o(i.ticks_diff_get)
    ticks_diff_get                           0x00019ca9   Thumb Code    10  app_timer.o(i.ticks_diff_get)
    i.timecounter_handler                    0x00019cb4   Section        0  main.o(i.timecounter_handler)
    timecounter_handler                      0x00019cb5   Thumb Code    76  main.o(i.timecounter_handler)
    i.timeout_handler_exec                   0x00019d0c   Section        0  app_timer.o(i.timeout_handler_exec)
    timeout_handler_exec                     0x00019d0d   Thumb Code    58  app_timer.o(i.timeout_handler_exec)
    i.timer_list_handler                     0x00019d4c   Section        0  app_timer.o(i.timer_list_handler)
    timer_list_handler                       0x00019d4d   Thumb Code    76  app_timer.o(i.timer_list_handler)
    i.timer_list_handler_sched               0x00019da4   Section        0  app_timer.o(i.timer_list_handler_sched)
    timer_list_handler_sched                 0x00019da5   Thumb Code    10  app_timer.o(i.timer_list_handler_sched)
    i.timer_list_insert                      0x00019db0   Section        0  app_timer.o(i.timer_list_insert)
    timer_list_insert                        0x00019db1   Thumb Code   212  app_timer.o(i.timer_list_insert)
    i.timer_list_remove                      0x00019e8c   Section        0  app_timer.o(i.timer_list_remove)
    timer_list_remove                        0x00019e8d   Thumb Code   184  app_timer.o(i.timer_list_remove)
    i.timer_start_op_schedule                0x00019f58   Section        0  app_timer.o(i.timer_start_op_schedule)
    timer_start_op_schedule                  0x00019f59   Thumb Code    80  app_timer.o(i.timer_start_op_schedule)
    i.timer_stop_op_schedule                 0x00019fac   Section        0  app_timer.o(i.timer_stop_op_schedule)
    timer_stop_op_schedule                   0x00019fad   Thumb Code    58  app_timer.o(i.timer_stop_op_schedule)
    i.timer_timeouts_check                   0x00019fec   Section        0  app_timer.o(i.timer_timeouts_check)
    timer_timeouts_check                     0x00019fed   Thumb Code   132  app_timer.o(i.timer_timeouts_check)
    i.timer_timeouts_check_sched             0x0001a088   Section        0  app_timer.o(i.timer_timeouts_check_sched)
    timer_timeouts_check_sched               0x0001a089   Thumb Code    10  app_timer.o(i.timer_timeouts_check_sched)
    i.timers_init                            0x0001a094   Section        0  main.o(i.timers_init)
    timers_init                              0x0001a095   Thumb Code   156  main.o(i.timers_init)
    i.tx_power_level_encode                  0x0001a14c   Section        0  ble_advdata.o(i.tx_power_level_encode)
    tx_power_level_encode                    0x0001a14d   Thumb Code    48  ble_advdata.o(i.tx_power_level_encode)
    i.uint16_decode                          0x0001a17c   Section        0  ble_dfu.o(i.uint16_decode)
    uint16_decode                            0x0001a17d   Thumb Code    12  ble_dfu.o(i.uint16_decode)
    i.uint16_encode                          0x0001a188   Section        0  ble_advdata.o(i.uint16_encode)
    uint16_encode                            0x0001a189   Thumb Code    18  ble_advdata.o(i.uint16_encode)
    i.uint8_array_encode                     0x0001a19a   Section        0  ble_advdata.o(i.uint8_array_encode)
    uint8_array_encode                       0x0001a19b   Thumb Code    82  ble_advdata.o(i.uint8_array_encode)
    i.user_id_get                            0x0001a1ec   Section        0  app_timer.o(i.user_id_get)
    user_id_get                              0x0001a1ed   Thumb Code    34  app_timer.o(i.user_id_get)
    i.user_op_alloc                          0x0001a20e   Section        0  app_timer.o(i.user_op_alloc)
    user_op_alloc                            0x0001a20f   Thumb Code    44  app_timer.o(i.user_op_alloc)
    i.user_op_enque                          0x0001a23a   Section        0  app_timer.o(i.user_op_enque)
    user_op_enque                            0x0001a23b   Thumb Code     4  app_timer.o(i.user_op_enque)
    i.uuid_list_encode                       0x0001a23e   Section        0  ble_advdata.o(i.uuid_list_encode)
    uuid_list_encode                         0x0001a23f   Thumb Code    64  ble_advdata.o(i.uuid_list_encode)
    i.uuid_list_sized_encode                 0x0001a27e   Section        0  ble_advdata.o(i.uuid_list_sized_encode)
    uuid_list_sized_encode                   0x0001a27f   Thumb Code   196  ble_advdata.o(i.uuid_list_sized_encode)
    .constdata                               0x0001a344   Section       16  ble_dfu.o(.constdata)
    .conststring                             0x0001a354   Section        5  main.o(.conststring)
    .data                                    0x20002000   Section      106  main.o(.data)
    m_storage_handle                         0x20002000   Data           8  main.o(.data)
    m_char_handles                           0x20002008   Data           8  main.o(.data)
    m_conn_handle                            0x20002010   Data           2  main.o(.data)
    m_service_handle                         0x20002012   Data           2  main.o(.data)
    m_is_notifying_enabled                   0x20002014   Data           1  main.o(.data)
    m_conn_int_timer_id                      0x20002018   Data           4  main.o(.data)
    m_notif_timer_id                         0x2000201c   Data           4  main.o(.data)
    m_s5tm_timer_id                          0x20002020   Data           4  main.o(.data)
    m_timecounter_id                         0x20002024   Data           4  main.o(.data)
    spi_base_address                         0x20002028   Data           4  main.o(.data)
    spi_flash_pages                          0x2000202c   Data           2  main.o(.data)
    spi_flash_pages_count                    0x2000202e   Data           2  main.o(.data)
    timer_counter                            0x20002030   Data           4  main.o(.data)
    timer_shifting                           0x20002034   Data           4  main.o(.data)
    flash_handle_last                        0x20002038   Data           8  main.o(.data)
    flags                                    0x20002040   Data           1  main.o(.data)
    advname                                  0x20002044   Data           4  main.o(.data)
    Vtm_humi                                 0x20002048   Data           2  main.o(.data)
    Vtm_unknow                               0x2000204a   Data           2  main.o(.data)
    Vtm_temp                                 0x2000204c   Data           2  main.o(.data)
    nrf_temp                                 0x20002050   Data           4  main.o(.data)
    m_memory_access_in_progress              0x20002054   Data           1  main.o(.data)
    pstorage_wait_flag                       0x20002055   Data           1  main.o(.data)
    pstorage_wait_handle                     0x20002058   Data           4  main.o(.data)
    flash_base_handle                        0x2000205c   Data           8  main.o(.data)
    flash_block_num                          0x20002064   Data           4  main.o(.data)
    .data                                    0x2000206c   Section        4  system_nrf51.o(.data)
    __tagsym$$used                           0x2000206c   Number         0  system_nrf51.o(.data)
    .data                                    0x20002070   Section       25  ble_conn_params.o(.data)
    m_preferred_conn_params                  0x20002070   Data           8  ble_conn_params.o(.data)
    m_update_count                           0x20002078   Data           1  ble_conn_params.o(.data)
    m_conn_handle                            0x2000207a   Data           2  ble_conn_params.o(.data)
    m_current_conn_params                    0x2000207c   Data           8  ble_conn_params.o(.data)
    m_conn_params_timer_id                   0x20002084   Data           4  ble_conn_params.o(.data)
    m_change_param                           0x20002088   Data           1  ble_conn_params.o(.data)
    .data                                    0x20002089   Section        8  ble_dfu.o(.data)
    m_is_dfu_service_initialized             0x20002089   Data           1  ble_dfu.o(.data)
    m_notif_buffer                           0x2000208a   Data           7  ble_dfu.o(.data)
    .data                                    0x20002094   Section       20  device_manager_peripheral.o(.data)
    m_storage_handle                         0x20002094   Data           8  device_manager_peripheral.o(.data)
    m_peer_addr_update                       0x2000209c   Data           4  device_manager_peripheral.o(.data)
    m_module_initialized                     0x200020a0   Data           1  device_manager_peripheral.o(.data)
    m_irk_index_table                        0x200020a1   Data           7  device_manager_peripheral.o(.data)
    .data                                    0x200020a8   Section       12  pstorage.o(.data)
    m_next_app_instance                      0x200020a8   Data           2  pstorage.o(.data)
    m_next_page_addr                         0x200020ac   Data           4  pstorage.o(.data)
    m_round_val                              0x200020b0   Data           2  pstorage.o(.data)
    m_module_initialized                     0x200020b2   Data           1  pstorage.o(.data)
    m_swap_state                             0x200020b3   Data           1  pstorage.o(.data)
    .data                                    0x200020b4   Section       14  app_scheduler.o(.data)
    m_queue_event_headers                    0x200020b4   Data           4  app_scheduler.o(.data)
    m_queue_event_data                       0x200020b8   Data           4  app_scheduler.o(.data)
    m_queue_start_index                      0x200020bc   Data           1  app_scheduler.o(.data)
    m_queue_end_index                        0x200020bd   Data           1  app_scheduler.o(.data)
    m_queue_event_size                       0x200020be   Data           2  app_scheduler.o(.data)
    m_queue_size                             0x200020c0   Data           2  app_scheduler.o(.data)
    .data                                    0x200020c4   Section       42  app_timer.o(.data)
    m_node_array_size                        0x200020c4   Data           1  app_timer.o(.data)
    mp_nodes                                 0x200020c8   Data           4  app_timer.o(.data)
    m_user_array_size                        0x200020cc   Data           1  app_timer.o(.data)
    mp_users                                 0x200020d0   Data           4  app_timer.o(.data)
    m_timer_id_head                          0x200020d4   Data           4  app_timer.o(.data)
    m_ticks_latest                           0x200020d8   Data           4  app_timer.o(.data)
    m_ticks_elapsed                          0x200020dc   Data           8  app_timer.o(.data)
    m_ticks_elapsed_q_read_ind               0x200020e4   Data           1  app_timer.o(.data)
    m_ticks_elapsed_q_write_ind              0x200020e5   Data           1  app_timer.o(.data)
    m_evt_schedule_func                      0x200020e8   Data           4  app_timer.o(.data)
    m_rtc1_running                           0x200020ec   Data           1  app_timer.o(.data)
    m_rtc1_reset                             0x200020ed   Data           1  app_timer.o(.data)
    .data                                    0x200020f0   Section        9  dfu_app_handler.o(.data)
    m_reset_prepare                          0x200020f0   Data           4  dfu_app_handler.o(.data)
    m_dm_handle                              0x200020f4   Data           4  dfu_app_handler.o(.data)
    m_dm_handle_valid                        0x200020f8   Data           1  dfu_app_handler.o(.data)
    .data                                    0x200020fc   Section       20  softdevice_handler.o(.data)
    m_evt_schedule_func                      0x200020fc   Data           4  softdevice_handler.o(.data)
    m_evt_buffer                             0x20002100   Data           4  softdevice_handler.o(.data)
    m_ble_evt_buffer_size                    0x20002104   Data           2  softdevice_handler.o(.data)
    m_softdevice_enabled                     0x20002106   Data           1  softdevice_handler.o(.data)
    m_ble_evt_handler                        0x20002108   Data           4  softdevice_handler.o(.data)
    m_sys_evt_handler                        0x2000210c   Data           4  softdevice_handler.o(.data)
    .bss                                     0x20002110   Section     2340  main.o(.bss)
    m_bas                                    0x20002110   Data          64  main.o(.bss)
    m_adv_params                             0x20002150   Data          20  main.o(.bss)
    m_char_value                             0x20002164   Data          20  main.o(.bss)
    m_addl_adv_manuf_data                    0x20002178   Data          24  main.o(.bss)
    flash_page_data                          0x20002190   Data        1040  main.o(.bss)
    advdata                                  0x200025a0   Data          56  main.o(.bss)
    manuf_data                               0x200025d8   Data          12  main.o(.bss)
    m_dfus                                   0x200025e4   Data          48  main.o(.bss)
    APP_TIMER_BUF                            0x20002614   Data         800  main.o(.bss)
    EVT_BUFFER                               0x20002934   Data          80  main.o(.bss)
    APP_SCHED_BUF                            0x20002984   Data         176  main.o(.bss)
    .bss                                     0x20002a34   Section      268  device_manager_peripheral.o(.bss)
    m_peer_table                             0x20002a34   Data         196  device_manager_peripheral.o(.bss)
    m_bond_table                             0x20002af8   Data          24  device_manager_peripheral.o(.bss)
    m_gatts_table                            0x20002b10   Data          24  device_manager_peripheral.o(.bss)
    m_connection_table                       0x20002b28   Data          12  device_manager_peripheral.o(.bss)
    m_application_table                      0x20002b34   Data          12  device_manager_peripheral.o(.bss)
    .bss                                     0x20002b40   Section     1804  pstorage.o(.bss)
    m_cmd_queue                              0x20002b40   Data         204  pstorage.o(.bss)
    m_app_table                              0x20002c0c   Data        1600  pstorage.o(.bss)
    .bss                                     0x2000324c   Section       44  dfu_app_handler.o(.bss)
    m_peer_data                              0x2000324c   Data          44  dfu_app_handler.o(.bss)
    STACK                                    0x20003278   Section     2048  arm_startup_nrf51.o(STACK)

    Global Symbols

    Symbol Name                              Value     Ov Type        Size  Object(Section)

    BuildAttributes$$THM_ISAv3M$S$PE$A:L22$X:L11$S22$IEEE1$IW$USESV6$~STKCKD$USESV7$~SHL$OSPACE$ROPI$EBA8$MICROLIB$REQ8$PRES8$EABIv2 0x00000000   Number         0  anon$$obj.o ABSOLUTE
    __ARM_use_no_argv                        0x00000000   Number         0  main.o ABSOLUTE
    _printf_a                                0x00000000   Number         0  stubs.o ABSOLUTE
    _printf_c                                0x00000000   Number         0  stubs.o ABSOLUTE
    _printf_charcount                        0x00000000   Number         0  stubs.o ABSOLUTE
    _printf_d                                0x00000000   Number         0  stubs.o ABSOLUTE
    _printf_e                                0x00000000   Number         0  stubs.o ABSOLUTE
    _printf_f                                0x00000000   Number         0  stubs.o ABSOLUTE
    _printf_flags                            0x00000000   Number         0  stubs.o ABSOLUTE
    _printf_fp_dec                           0x00000000   Number         0  stubs.o ABSOLUTE
    _printf_fp_hex                           0x00000000   Number         0  stubs.o ABSOLUTE
    _printf_g                                0x00000000   Number         0  stubs.o ABSOLUTE
    _printf_i                                0x00000000   Number         0  stubs.o ABSOLUTE
    _printf_int_dec                          0x00000000   Number         0  stubs.o ABSOLUTE
    _printf_l                                0x00000000   Number         0  stubs.o ABSOLUTE
    _printf_lc                               0x00000000   Number         0  stubs.o ABSOLUTE
    _printf_ll                               0x00000000   Number         0  stubs.o ABSOLUTE
    _printf_lld                              0x00000000   Number         0  stubs.o ABSOLUTE
    _printf_lli                              0x00000000   Number         0  stubs.o ABSOLUTE
    _printf_llo                              0x00000000   Number         0  stubs.o ABSOLUTE
    _printf_llu                              0x00000000   Number         0  stubs.o ABSOLUTE
    _printf_llx                              0x00000000   Number         0  stubs.o ABSOLUTE
    _printf_longlong_dec                     0x00000000   Number         0  stubs.o ABSOLUTE
    _printf_longlong_hex                     0x00000000   Number         0  stubs.o ABSOLUTE
    _printf_longlong_oct                     0x00000000   Number         0  stubs.o ABSOLUTE
    _printf_ls                               0x00000000   Number         0  stubs.o ABSOLUTE
    _printf_mbtowc                           0x00000000   Number         0  stubs.o ABSOLUTE
    _printf_n                                0x00000000   Number         0  stubs.o ABSOLUTE
    _printf_o                                0x00000000   Number         0  stubs.o ABSOLUTE
    _printf_p                                0x00000000   Number         0  stubs.o ABSOLUTE
    _printf_percent                          0x00000000   Number         0  stubs.o ABSOLUTE
    _printf_pre_padding                      0x00000000   Number         0  stubs.o ABSOLUTE
    _printf_return_value                     0x00000000   Number         0  stubs.o ABSOLUTE
    _printf_s                                0x00000000   Number         0  stubs.o ABSOLUTE
    _printf_sizespec                         0x00000000   Number         0  stubs.o ABSOLUTE
    _printf_str                              0x00000000   Number         0  stubs.o ABSOLUTE
    _printf_truncate_signed                  0x00000000   Number         0  stubs.o ABSOLUTE
    _printf_truncate_unsigned                0x00000000   Number         0  stubs.o ABSOLUTE
    _printf_u                                0x00000000   Number         0  stubs.o ABSOLUTE
    _printf_wc                               0x00000000   Number         0  stubs.o ABSOLUTE
    _printf_wctomb                           0x00000000   Number         0  stubs.o ABSOLUTE
    _printf_widthprec                        0x00000000   Number         0  stubs.o ABSOLUTE
    _printf_x                                0x00000000   Number         0  stubs.o ABSOLUTE
    __cpp_initialize__aeabi_                  - Undefined Weak Reference
    __cxa_finalize                            - Undefined Weak Reference
    __decompress                              - Undefined Weak Reference
    _clock_init                               - Undefined Weak Reference
    _microlib_exit                            - Undefined Weak Reference
    __Vectors_Size                           0x000000c0   Number         0  arm_startup_nrf51.o ABSOLUTE
    __Vectors                                0x00016000   Data           4  arm_startup_nrf51.o(RESET)
    __Vectors_End                            0x000160c0   Data           0  arm_startup_nrf51.o(RESET)
    __main                                   0x000160c1   Thumb Code     0  entry.o(.ARM.Collect$$$$00000000)
    _main_stk                                0x000160c1   Thumb Code     0  entry2.o(.ARM.Collect$$$$00000001)
    _main_scatterload                        0x000160c5   Thumb Code     0  entry5.o(.ARM.Collect$$$$00000004)
    __main_after_scatterload                 0x000160c9   Thumb Code     0  entry5.o(.ARM.Collect$$$$00000004)
    _main_clock                              0x000160c9   Thumb Code     0  entry7b.o(.ARM.Collect$$$$00000008)
    _main_cpp_init                           0x000160c9   Thumb Code     0  entry8b.o(.ARM.Collect$$$$0000000A)
    _main_init                               0x000160c9   Thumb Code     0  entry9a.o(.ARM.Collect$$$$0000000B)
    __rt_final_cpp                           0x000160d1   Thumb Code     0  entry10a.o(.ARM.Collect$$$$0000000D)
    __rt_final_exit                          0x000160d1   Thumb Code     0  entry11a.o(.ARM.Collect$$$$0000000F)
    __asm___11_nrf_delay_c_532987f3__nrf_delay_us 0x000160d5   Thumb Code    30  nrf_delay.o(.emb_text)
    __asm___13_simple_uart_c_5dda6715__nrf_delay_us 0x000160f5   Thumb Code    30  simple_uart.o(.emb_text)
    __asm___11_app_timer_c_cd27f9c3__nrf_delay_us 0x00016115   Thumb Code    30  app_timer.o(.emb_text)
    __asm___21_bootloader_util_arm_c_c13d365c__bootloader_util_reset 0x00016135   Thumb Code    52  bootloader_util_arm.o(.emb_text)
    Reset_Handler                            0x00016179   Thumb Code    26  arm_startup_nrf51.o(.text)
    NMI_Handler                              0x00016193   Thumb Code     2  arm_startup_nrf51.o(.text)
    HardFault_Handler                        0x00016195   Thumb Code     2  arm_startup_nrf51.o(.text)
    SVC_Handler                              0x00016197   Thumb Code     2  arm_startup_nrf51.o(.text)
    PendSV_Handler                           0x00016199   Thumb Code     2  arm_startup_nrf51.o(.text)
    SysTick_Handler                          0x0001619b   Thumb Code     2  arm_startup_nrf51.o(.text)
    ADC_IRQHandler                           0x0001619d   Thumb Code     0  arm_startup_nrf51.o(.text)
    CCM_AAR_IRQHandler                       0x0001619d   Thumb Code     0  arm_startup_nrf51.o(.text)
    ECB_IRQHandler                           0x0001619d   Thumb Code     0  arm_startup_nrf51.o(.text)
    GPIOTE_IRQHandler                        0x0001619d   Thumb Code     0  arm_startup_nrf51.o(.text)
    LPCOMP_IRQHandler                        0x0001619d   Thumb Code     0  arm_startup_nrf51.o(.text)
    POWER_CLOCK_IRQHandler                   0x0001619d   Thumb Code     0  arm_startup_nrf51.o(.text)
    QDEC_IRQHandler                          0x0001619d   Thumb Code     0  arm_startup_nrf51.o(.text)
    RADIO_IRQHandler                         0x0001619d   Thumb Code     0  arm_startup_nrf51.o(.text)
    RNG_IRQHandler                           0x0001619d   Thumb Code     0  arm_startup_nrf51.o(.text)
    RTC0_IRQHandler                          0x0001619d   Thumb Code     0  arm_startup_nrf51.o(.text)
    SPI0_TWI0_IRQHandler                     0x0001619d   Thumb Code     0  arm_startup_nrf51.o(.text)
    SPI1_TWI1_IRQHandler                     0x0001619d   Thumb Code     0  arm_startup_nrf51.o(.text)
    SWI1_IRQHandler                          0x0001619d   Thumb Code     0  arm_startup_nrf51.o(.text)
    SWI3_IRQHandler                          0x0001619d   Thumb Code     0  arm_startup_nrf51.o(.text)
    SWI4_IRQHandler                          0x0001619d   Thumb Code     0  arm_startup_nrf51.o(.text)
    SWI5_IRQHandler                          0x0001619d   Thumb Code     0  arm_startup_nrf51.o(.text)
    TEMP_IRQHandler                          0x0001619d   Thumb Code     0  arm_startup_nrf51.o(.text)
    TIMER0_IRQHandler                        0x0001619d   Thumb Code     0  arm_startup_nrf51.o(.text)
    TIMER1_IRQHandler                        0x0001619d   Thumb Code     0  arm_startup_nrf51.o(.text)
    TIMER2_IRQHandler                        0x0001619d   Thumb Code     0  arm_startup_nrf51.o(.text)
    UART0_IRQHandler                         0x0001619d   Thumb Code     0  arm_startup_nrf51.o(.text)
    WDT_IRQHandler                           0x0001619d   Thumb Code     0  arm_startup_nrf51.o(.text)
    __aeabi_uidiv                            0x000161b1   Thumb Code     0  uidiv.o(.text)
    __aeabi_uidivmod                         0x000161b1   Thumb Code    44  uidiv.o(.text)
    __aeabi_idiv                             0x000161dd   Thumb Code     0  idiv.o(.text)
    __aeabi_idivmod                          0x000161dd   Thumb Code    40  idiv.o(.text)
    __aeabi_memcpy                           0x00016205   Thumb Code    36  memcpya.o(.text)
    __aeabi_memcpy4                          0x00016205   Thumb Code     0  memcpya.o(.text)
    __aeabi_memcpy8                          0x00016205   Thumb Code     0  memcpya.o(.text)
    __aeabi_memset                           0x00016229   Thumb Code    14  memseta.o(.text)
    __aeabi_memset4                          0x00016229   Thumb Code     0  memseta.o(.text)
    __aeabi_memset8                          0x00016229   Thumb Code     0  memseta.o(.text)
    __aeabi_memclr                           0x00016237   Thumb Code     4  memseta.o(.text)
    __aeabi_memclr4                          0x00016237   Thumb Code     0  memseta.o(.text)
    __aeabi_memclr8                          0x00016237   Thumb Code     0  memseta.o(.text)
    _memset$wrapper                          0x0001623b   Thumb Code    18  memseta.o(.text)
    __aeabi_uldivmod                         0x0001624d   Thumb Code    96  uldiv.o(.text)
    __scatterload                            0x000162ad   Thumb Code    28  init.o(.text)
    __scatterload_rt2                        0x000162ad   Thumb Code     0  init.o(.text)
    __aeabi_llsl                             0x000162d1   Thumb Code    32  llshl.o(.text)
    _ll_shift_l                              0x000162d1   Thumb Code     0  llshl.o(.text)
    __aeabi_llsr                             0x000162f1   Thumb Code    34  llushr.o(.text)
    _ll_ushift_r                             0x000162f1   Thumb Code     0  llushr.o(.text)
    RTC1_IRQHandler                          0x000163c9   Thumb Code    34  app_timer.o(i.RTC1_IRQHandler)
    SWI0_IRQHandler                          0x000163f1   Thumb Code     8  app_timer.o(i.SWI0_IRQHandler)
    SWI2_IRQHandler                          0x000163f9   Thumb Code    50  softdevice_handler.o(i.SWI2_IRQHandler)
    SystemInit                               0x00016431   Thumb Code    38  system_nrf51.o(i.SystemInit)
    __0sprintf$8                             0x00016469   Thumb Code    36  printf8.o(i.__0sprintf$8)
    __1sprintf$8                             0x00016469   Thumb Code     0  printf8.o(i.__0sprintf$8)
    __2sprintf                               0x00016469   Thumb Code     0  printf8.o(i.__0sprintf$8)
    __ARM_common_switch8                     0x00016491   Thumb Code    28  ble_dfu.o(i.__ARM_common_switch8)
    __scatterload_copy                       0x000164ad   Thumb Code    14  handlers.o(i.__scatterload_copy)
    __scatterload_null                       0x000164bb   Thumb Code     2  handlers.o(i.__scatterload_null)
    __scatterload_zeroinit                   0x000164bd   Thumb Code    14  handlers.o(i.__scatterload_zeroinit)
    app_error_handler                        0x00016b11   Thumb Code    22  app_error.o(i.app_error_handler)
    app_sched_execute                        0x00016c05   Thumb Code    30  app_scheduler.o(i.app_sched_execute)
    app_sched_init                           0x00016c25   Thumb Code    66  app_scheduler.o(i.app_sched_init)
    app_timer_create                         0x00016c81   Thumb Code   108  app_timer.o(i.app_timer_create)
    app_timer_init                           0x00016cf5   Thumb Code   204  app_timer.o(i.app_timer_init)
    app_timer_start                          0x00016de5   Thumb Code    98  app_timer.o(i.app_timer_start)
    app_timer_stop                           0x00016e51   Thumb Code    60  app_timer.o(i.app_timer_stop)
    battery_start                            0x00016f3d   Thumb Code   108  main.o(i.battery_start)
    ble_advdata_set                          0x00016fbd   Thumb Code   122  ble_advdata.o(i.ble_advdata_set)
    ble_conn_params_stop                     0x00017039   Thumb Code    12  ble_conn_params.o(i.ble_conn_params_stop)
    ble_dfu_init                             0x00017049   Thumb Code   162  ble_dfu.o(i.ble_dfu_init)
    ble_dfu_on_ble_evt                       0x000170f9   Thumb Code    90  ble_dfu.o(i.ble_dfu_on_ble_evt)
    ble_dfu_response_send                    0x00017155   Thumb Code   128  ble_dfu.o(i.ble_dfu_response_send)
    bootloader_util_app_start                0x00017331   Thumb Code    12  bootloader_util_arm.o(i.bootloader_util_app_start)
    dfu_app_on_dfu_evt                       0x00017869   Thumb Code    92  dfu_app_handler.o(i.dfu_app_on_dfu_evt)
    dfu_app_reset_prepare_set                0x000178c9   Thumb Code     6  dfu_app_handler.o(i.dfu_app_reset_prepare_set)
    dm_distributed_keys_get                  0x00017bd9   Thumb Code   140  device_manager_peripheral.o(i.dm_distributed_keys_get)
    intern_softdevice_events_execute         0x00017df9   Thumb Code   168  softdevice_handler.o(i.intern_softdevice_events_execute)
    main                                     0x000181cd   Thumb Code   262  main.o(i.main)
    nrf_delay_ms                             0x00018471   Thumb Code    24  nrf_delay.o(i.nrf_delay_ms)
    pstorage_access_status_get               0x00018995   Thumb Code    36  pstorage.o(i.pstorage_access_status_get)
    pstorage_block_identifier_get            0x000189c1   Thumb Code   136  pstorage.o(i.pstorage_block_identifier_get)
    pstorage_clear                           0x00018a51   Thumb Code   166  pstorage.o(i.pstorage_clear)
    pstorage_init                            0x00018b01   Thumb Code   196  pstorage.o(i.pstorage_init)
    pstorage_load                            0x00018be5   Thumb Code   226  pstorage.o(i.pstorage_load)
    pstorage_register                        0x00018cd1   Thumb Code   362  pstorage.o(i.pstorage_register)
    pstorage_store                           0x00018e51   Thumb Code   202  pstorage.o(i.pstorage_store)
    pstorage_sys_event_handler               0x00018f25   Thumb Code   326  pstorage.o(i.pstorage_sys_event_handler)
    simple_uart_config                       0x00019729   Thumb Code    92  simple_uart.o(i.simple_uart_config)
    simple_uart_get_with_timeout             0x00019791   Thumb Code    62  simple_uart.o(i.simple_uart_get_with_timeout)
    softdevice_assertion_handler             0x000197d9   Thumb Code    18  softdevice_handler.o(i.softdevice_assertion_handler)
    softdevice_ble_evt_handler_set           0x000197ed   Thumb Code    18  softdevice_handler.o(i.softdevice_ble_evt_handler_set)
    softdevice_handler_init                  0x00019805   Thumb Code    84  softdevice_handler.o(i.softdevice_handler_init)
    softdevice_sys_evt_handler_set           0x0001986d   Thumb Code    18  softdevice_handler.o(i.softdevice_sys_evt_handler_set)
    spi_master_init                          0x00019885   Thumb Code   250  spi_master.o(i.spi_master_init)
    spi_master_tx_rx                         0x00019989   Thumb Code   134  spi_master.o(i.spi_master_tx_rx)
    Region$$Table$$Base                      0x0001a35c   Number         0  anon$$obj.o(Region$$Table)
    Region$$Table$$Limit                     0x0001a37c   Number         0  anon$$obj.o(Region$$Table)
    batt_lvl_in_milli_volts                  0x20002068   Data           2  main.o(.data)
    SystemCoreClock                          0x2000206c   Data           4  system_nrf51.o(.data)
    __initial_sp                             0x20003a78   Data           0  arm_startup_nrf51.o(STACK)



==============================================================================

Memory Map of the image

  Image Entry point : 0x000160c1

  Load Region LR_IROM1 (Base: 0x00016000, Size: 0x0000448c, Max: 0x00029000, ABSOLUTE)

    Execution Region ER_IROM1 (Base: 0x00016000, Size: 0x0000437c, Max: 0x00029000, ABSOLUTE)

    Base Addr    Size         Type   Attr      Idx    E Section Name        Object

    0x00016000   0x000000c0   Data   RO          456    RESET               arm_startup_nrf51.o
    0x000160c0   0x00000000   Code   RO         1779  * .ARM.Collect$$$$00000000  mc_p.l(entry.o)
    0x000160c0   0x00000004   Code   RO         2057    .ARM.Collect$$$$00000001  mc_p.l(entry2.o)
    0x000160c4   0x00000004   Code   RO         2060    .ARM.Collect$$$$00000004  mc_p.l(entry5.o)
    0x000160c8   0x00000000   Code   RO         2062    .ARM.Collect$$$$00000008  mc_p.l(entry7b.o)
    0x000160c8   0x00000000   Code   RO         2064    .ARM.Collect$$$$0000000A  mc_p.l(entry8b.o)
    0x000160c8   0x00000008   Code   RO         2065    .ARM.Collect$$$$0000000B  mc_p.l(entry9a.o)
    0x000160d0   0x00000000   Code   RO         2067    .ARM.Collect$$$$0000000D  mc_p.l(entry10a.o)
    0x000160d0   0x00000000   Code   RO         2069    .ARM.Collect$$$$0000000F  mc_p.l(entry11a.o)
    0x000160d0   0x00000004   Code   RO         2058    .ARM.Collect$$$$00002712  mc_p.l(entry2.o)
    0x000160d4   0x0000001e   Code   RO         1052    .emb_text           nrf_delay.o
    0x000160f2   0x00000002   PAD
    0x000160f4   0x0000001e   Code   RO         1101    .emb_text           simple_uart.o
    0x00016112   0x00000002   PAD
    0x00016114   0x0000001e   Code   RO         1411    .emb_text           app_timer.o
    0x00016132   0x00000002   PAD
    0x00016134   0x00000044   Code   RO         1638    .emb_text           bootloader_util_arm.o
    0x00016178   0x00000038   Code   RO          457    .text               arm_startup_nrf51.o
    0x000161b0   0x0000002c   Code   RO         1782    .text               mc_p.l(uidiv.o)
    0x000161dc   0x00000028   Code   RO         1784    .text               mc_p.l(idiv.o)
    0x00016204   0x00000024   Code   RO         1786    .text               mc_p.l(memcpya.o)
    0x00016228   0x00000024   Code   RO         1788    .text               mc_p.l(memseta.o)
    0x0001624c   0x00000060   Code   RO         2074    .text               mc_p.l(uldiv.o)
    0x000162ac   0x00000024   Code   RO         2087    .text               mc_p.l(init.o)
    0x000162d0   0x00000020   Code   RO         2090    .text               mc_p.l(llshl.o)
    0x000162f0   0x00000022   Code   RO         2092    .text               mc_p.l(llushr.o)
    0x00016312   0x00000002   PAD
    0x00016314   0x00000014   Code   RO         1412    i.NVIC_ClearPendingIRQ  app_timer.o
    0x00016328   0x00000014   Code   RO         1413    i.NVIC_EnableIRQ    app_timer.o
    0x0001633c   0x00000014   Code   RO         1414    i.NVIC_SetPendingIRQ  app_timer.o
    0x00016350   0x00000078   Code   RO         1415    i.NVIC_SetPriority  app_timer.o
    0x000163c8   0x00000028   Code   RO         1416    i.RTC1_IRQHandler   app_timer.o
    0x000163f0   0x00000008   Code   RO         1417    i.SWI0_IRQHandler   app_timer.o
    0x000163f8   0x00000038   Code   RO         1723    i.SWI2_IRQHandler   softdevice_handler.o
    0x00016430   0x00000038   Code   RO          464    i.SystemInit        system_nrf51.o
    0x00016468   0x00000028   Code   RO         2005    i.__0sprintf$8      mc_p.l(printf8.o)
    0x00016490   0x0000001c   Code   RO          784    i.__ARM_common_switch8  ble_dfu.o
    0x000164ac   0x0000000e   Code   RO         2103    i.__scatterload_copy  mc_p.l(handlers.o)
    0x000164ba   0x00000002   Code   RO         2104    i.__scatterload_null  mc_p.l(handlers.o)
    0x000164bc   0x0000000e   Code   RO         2105    i.__scatterload_zeroinit  mc_p.l(handlers.o)
    0x000164ca   0x00000002   PAD
    0x000164cc   0x00000428   Code   RO         2010    i._printf_core      mc_p.l(printf8.o)
    0x000168f4   0x00000020   Code   RO         2011    i._printf_post_padding  mc_p.l(printf8.o)
    0x00016914   0x0000002c   Code   RO         2012    i._printf_pre_padding  mc_p.l(printf8.o)
    0x00016940   0x0000000a   Code   RO         2014    i._sputc            mc_p.l(printf8.o)
    0x0001694a   0x0000012e   Code   RO          527    i.adv_data_encode   ble_advdata.o
    0x00016a78   0x00000022   Code   RO          528    i.advdata_check     ble_advdata.o
    0x00016a9a   0x00000002   PAD
    0x00016a9c   0x00000054   Code   RO            5    i.advertising_start  main.o
    0x00016af0   0x00000020   Code   RO            6    i.advertising_stop  main.o
    0x00016b10   0x00000020   Code   RO         1291    i.app_error_handler  app_error.o
    0x00016b30   0x0000006c   Code   RO         1165    i.app_notify        pstorage.o
    0x00016b9c   0x00000068   Code   RO         1350    i.app_sched_event_get  app_scheduler.o
    0x00016c04   0x0000001e   Code   RO         1352    i.app_sched_execute  app_scheduler.o
    0x00016c22   0x00000002   PAD
    0x00016c24   0x0000005c   Code   RO         1353    i.app_sched_init    app_scheduler.o
    0x00016c80   0x00000074   Code   RO         1420    i.app_timer_create  app_timer.o
    0x00016cf4   0x000000f0   Code   RO         1421    i.app_timer_init    app_timer.o
    0x00016de4   0x0000006c   Code   RO         1422    i.app_timer_start   app_timer.o
    0x00016e50   0x00000044   Code   RO         1423    i.app_timer_stop    app_timer.o
    0x00016e94   0x0000004a   Code   RO          529    i.appearance_encode  ble_advdata.o
    0x00016ede   0x00000002   PAD
    0x00016ee0   0x00000030   Code   RO            7    i.application_timers_start  main.o
    0x00016f10   0x0000002c   Code   RO            8    i.application_timers_stop  main.o
    0x00016f3c   0x00000080   Code   RO           10    i.battery_start     main.o
    0x00016fbc   0x0000007a   Code   RO          530    i.ble_advdata_set   ble_advdata.o
    0x00017036   0x00000002   PAD
    0x00017038   0x00000010   Code   RO          618    i.ble_conn_params_stop  ble_conn_params.o
    0x00017048   0x000000b0   Code   RO          694    i.ble_dfu_init      ble_dfu.o
    0x000170f8   0x0000005a   Code   RO          695    i.ble_dfu_on_ble_evt  ble_dfu.o
    0x00017152   0x00000002   PAD
    0x00017154   0x0000008c   Code   RO          697    i.ble_dfu_response_send  ble_dfu.o
    0x000171e0   0x00000018   Code   RO           11    i.ble_evt_dispatch  main.o
    0x000171f8   0x000000a0   Code   RO           12    i.ble_stack_init    main.o
    0x00017298   0x00000098   Code   RO         1659    i.bootloader_start  dfu_app_handler.o
    0x00017330   0x0000000c   Code   RO         1639    i.bootloader_util_app_start  bootloader_util_arm.o
    0x0001733c   0x000000c0   Code   RO           14    i.char_notify       main.o
    0x000173fc   0x00000174   Code   RO         1166    i.cmd_process       pstorage.o
    0x00017570   0x00000024   Code   RO         1167    i.cmd_queue_dequeue  pstorage.o
    0x00017594   0x0000003c   Code   RO         1168    i.cmd_queue_element_init  pstorage.o
    0x000175d0   0x00000090   Code   RO         1169    i.cmd_queue_enqueue  pstorage.o
    0x00017660   0x00000034   Code   RO         1170    i.cmd_queue_init    pstorage.o
    0x00017694   0x00000090   Code   RO         1425    i.compare_reg_update  app_timer.o
    0x00017724   0x0000005c   Code   RO          531    i.conn_int_check    ble_advdata.o
    0x00017780   0x0000005c   Code   RO          532    i.conn_int_encode   ble_advdata.o
    0x000177dc   0x00000024   Code   RO           15    i.connectable_adv_init  main.o
    0x00017800   0x0000000a   Code   RO           16    i.connection_interval_timeout_handler  main.o
    0x0001780a   0x00000002   PAD
    0x0001780c   0x0000005c   Code   RO         1426    i.current_int_priority_get  app_timer.o
    0x00017868   0x0000005c   Code   RO         1660    i.dfu_app_on_dfu_evt  dfu_app_handler.o
    0x000178c4   0x00000002   Code   RO         1661    i.dfu_app_reset_prepare  dfu_app_handler.o
    0x000178c6   0x00000002   PAD
    0x000178c8   0x0000000c   Code   RO         1662    i.dfu_app_reset_prepare_set  dfu_app_handler.o
    0x000178d4   0x00000078   Code   RO         1664    i.dfu_app_set_peer_data  dfu_app_handler.o
    0x0001794c   0x000000e0   Code   RO          698    i.dfu_ctrl_pt_add   ble_dfu.o
    0x00017a2c   0x000000d4   Code   RO          699    i.dfu_pkt_char_add  ble_dfu.o
    0x00017b00   0x000000d8   Code   RO          700    i.dfu_rev_char_add  ble_dfu.o
    0x00017bd8   0x000000a0   Code   RO          811    i.dm_distributed_keys_get  device_manager_peripheral.o
    0x00017c78   0x00000064   Code   RO         1427    i.elapsed_ticks_acquire  app_timer.o
    0x00017cdc   0x00000020   Code   RO           18    i.example_cb_handler  main.o
    0x00017cfc   0x0000006c   Code   RO         1428    i.expired_timers_handler  app_timer.o
    0x00017d68   0x00000090   Code   RO           19    i.gap_params_init   main.o
    0x00017df8   0x000000bc   Code   RO         1724    i.intern_softdevice_events_execute  softdevice_handler.o
    0x00017eb4   0x00000034   Code   RO         1665    i.interrupts_disable  dfu_app_handler.o
    0x00017ee8   0x0000003a   Code   RO          701    i.is_cccd_configured  ble_dfu.o
    0x00017f22   0x00000002   PAD
    0x00017f24   0x00000038   Code   RO          465    i.is_disabled_in_debug_needed  system_nrf51.o
    0x00017f5c   0x0000006c   Code   RO          466    i.is_manual_peripheral_setup_needed  system_nrf51.o
    0x00017fc8   0x00000012   Code   RO         1171    i.is_word_aligned   pstorage.o
    0x00017fda   0x00000002   PAD
    0x00017fdc   0x000000c0   Code   RO         1429    i.list_deletions_handler  app_timer.o
    0x0001809c   0x00000130   Code   RO         1430    i.list_insertions_handler  app_timer.o
    0x000181cc   0x00000138   Code   RO           20    i.main              main.o
    0x00018304   0x0000006a   Code   RO          533    i.manuf_specific_data_encode  ble_advdata.o
    0x0001836e   0x00000096   Code   RO          534    i.name_encode       ble_advdata.o
    0x00018404   0x00000018   Code   RO         1355    i.next_index        app_scheduler.o
    0x0001841c   0x00000054   Code   RO           21    i.notif_timeout_handler  main.o
    0x00018470   0x0000001c   Code   RO         1053    i.nrf_delay_ms      nrf_delay.o
    0x0001848c   0x00000014   Code   RO          356    i.nrf_gpio_cfg_input  spi_master.o
    0x000184a0   0x00000014   Code   RO         1102    i.nrf_gpio_cfg_input  simple_uart.o
    0x000184b4   0x00000012   Code   RO          357    i.nrf_gpio_cfg_output  spi_master.o
    0x000184c6   0x00000012   Code   RO         1103    i.nrf_gpio_cfg_output  simple_uart.o
    0x000184d8   0x00000010   Code   RO           22    i.nrf_gpio_pin_clear  main.o
    0x000184e8   0x00000010   Code   RO           23    i.nrf_gpio_pin_set  main.o
    0x000184f8   0x00000010   Code   RO          358    i.nrf_gpio_pin_set  spi_master.o
    0x00018508   0x0000022c   Code   RO           24    i.on_ble_evt        main.o
    0x00018734   0x00000006   Code   RO          702    i.on_connect        ble_dfu.o
    0x0001873a   0x0000014e   Code   RO          703    i.on_ctrl_pt_write  ble_dfu.o
    0x00018888   0x00000008   Code   RO          704    i.on_disconnect     ble_dfu.o
    0x00018890   0x00000034   Code   RO          705    i.on_rw_auth_req    ble_dfu.o
    0x000188c4   0x00000084   Code   RO           25    i.on_write          main.o
    0x00018948   0x0000002a   Code   RO          706    i.on_write          ble_dfu.o
    0x00018972   0x00000020   Code   RO           26    i.power_manage      main.o
    0x00018992   0x00000002   PAD
    0x00018994   0x0000002c   Code   RO         1172    i.pstorage_access_status_get  pstorage.o
    0x000189c0   0x00000090   Code   RO         1173    i.pstorage_block_identifier_get  pstorage.o
    0x00018a50   0x000000b0   Code   RO         1174    i.pstorage_clear    pstorage.o
    0x00018b00   0x000000e4   Code   RO         1175    i.pstorage_init     pstorage.o
    0x00018be4   0x000000ec   Code   RO         1176    i.pstorage_load     pstorage.o
    0x00018cd0   0x00000180   Code   RO         1177    i.pstorage_register  pstorage.o
    0x00018e50   0x000000d4   Code   RO         1178    i.pstorage_store    pstorage.o
    0x00018f24   0x00000158   Code   RO         1179    i.pstorage_sys_event_handler  pstorage.o
    0x0001907c   0x0000005c   Code   RO           27    i.reset_prepare     main.o
    0x000190d8   0x0000000c   Code   RO         1431    i.rtc1_counter_get  app_timer.o
    0x000190e4   0x00000018   Code   RO         1432    i.rtc1_init         app_timer.o
    0x000190fc   0x0000003c   Code   RO         1433    i.rtc1_start        app_timer.o
    0x00019138   0x00000058   Code   RO         1434    i.rtc1_stop         app_timer.o
    0x00019190   0x000001d0   Code   RO           28    i.s5tm_timeout_handler  main.o
    0x00019360   0x00000030   Code   RO           29    i.scheduler_init    main.o
    0x00019390   0x0000030c   Code   RO           30    i.service_add       main.o
    0x0001969c   0x0000008c   Code   RO          535    i.service_data_encode  ble_advdata.o
    0x00019728   0x00000068   Code   RO         1104    i.simple_uart_config  simple_uart.o
    0x00019790   0x00000048   Code   RO         1106    i.simple_uart_get_with_timeout  simple_uart.o
    0x000197d8   0x00000012   Code   RO         1725    i.softdevice_assertion_handler  softdevice_handler.o
    0x000197ea   0x00000002   PAD
    0x000197ec   0x00000018   Code   RO         1726    i.softdevice_ble_evt_handler_set  softdevice_handler.o
    0x00019804   0x00000068   Code   RO         1727    i.softdevice_handler_init  softdevice_handler.o
    0x0001986c   0x00000018   Code   RO         1729    i.softdevice_sys_evt_handler_set  softdevice_handler.o
    0x00019884   0x00000104   Code   RO          359    i.spi_master_init   spi_master.o
    0x00019988   0x00000090   Code   RO          360    i.spi_master_tx_rx  spi_master.o
    0x00019a18   0x00000010   Code   RO          536    i.srdata_check      ble_advdata.o
    0x00019a28   0x0000024c   Code   RO         1181    i.swap_state_process  pstorage.o
    0x00019c74   0x00000034   Code   RO           31    i.sys_evt_dispatch  main.o
    0x00019ca8   0x0000000a   Code   RO         1435    i.ticks_diff_get    app_timer.o
    0x00019cb2   0x00000002   PAD
    0x00019cb4   0x00000058   Code   RO           32    i.timecounter_handler  main.o
    0x00019d0c   0x00000040   Code   RO         1436    i.timeout_handler_exec  app_timer.o
    0x00019d4c   0x00000058   Code   RO         1437    i.timer_list_handler  app_timer.o
    0x00019da4   0x0000000a   Code   RO         1438    i.timer_list_handler_sched  app_timer.o
    0x00019dae   0x00000002   PAD
    0x00019db0   0x000000dc   Code   RO         1439    i.timer_list_insert  app_timer.o
    0x00019e8c   0x000000cc   Code   RO         1440    i.timer_list_remove  app_timer.o
    0x00019f58   0x00000054   Code   RO         1441    i.timer_start_op_schedule  app_timer.o
    0x00019fac   0x00000040   Code   RO         1443    i.timer_stop_op_schedule  app_timer.o
    0x00019fec   0x0000009c   Code   RO         1444    i.timer_timeouts_check  app_timer.o
    0x0001a088   0x0000000a   Code   RO         1445    i.timer_timeouts_check_sched  app_timer.o
    0x0001a092   0x00000002   PAD
    0x0001a094   0x000000b8   Code   RO           33    i.timers_init       main.o
    0x0001a14c   0x00000030   Code   RO          537    i.tx_power_level_encode  ble_advdata.o
    0x0001a17c   0x0000000c   Code   RO          707    i.uint16_decode     ble_dfu.o
    0x0001a188   0x00000012   Code   RO          538    i.uint16_encode     ble_advdata.o
    0x0001a19a   0x00000052   Code   RO          539    i.uint8_array_encode  ble_advdata.o
    0x0001a1ec   0x00000022   Code   RO         1446    i.user_id_get       app_timer.o
    0x0001a20e   0x0000002c   Code   RO         1447    i.user_op_alloc     app_timer.o
    0x0001a23a   0x00000004   Code   RO         1448    i.user_op_enque     app_timer.o
    0x0001a23e   0x00000040   Code   RO          540    i.uuid_list_encode  ble_advdata.o
    0x0001a27e   0x000000c4   Code   RO          541    i.uuid_list_sized_encode  ble_advdata.o
    0x0001a342   0x00000002   PAD
    0x0001a344   0x00000010   Data   RO          709    .constdata          ble_dfu.o
    0x0001a354   0x00000005   Data   RO           35    .conststring        main.o
    0x0001a359   0x00000003   PAD
    0x0001a35c   0x00000020   Data   RO         2101    Region$$Table       anon$$obj.o


    Execution Region RW_IRAM1 (Base: 0x20002000, Size: 0x00001a78, Max: 0x00002000, ABSOLUTE)

    Base Addr    Size         Type   Attr      Idx    E Section Name        Object

    0x20002000   0x0000006a   Data   RW           36    .data               main.o
    0x2000206a   0x00000002   PAD
    0x2000206c   0x00000004   Data   RW          467    .data               system_nrf51.o
    0x20002070   0x00000019   Data   RW          627    .data               ble_conn_params.o
    0x20002089   0x00000008   Data   RW          710    .data               ble_dfu.o
    0x20002091   0x00000003   PAD
    0x20002094   0x00000014   Data   RW          841    .data               device_manager_peripheral.o
    0x200020a8   0x0000000c   Data   RW         1183    .data               pstorage.o
    0x200020b4   0x0000000e   Data   RW         1356    .data               app_scheduler.o
    0x200020c2   0x00000002   PAD
    0x200020c4   0x0000002a   Data   RW         1449    .data               app_timer.o
    0x200020ee   0x00000002   PAD
    0x200020f0   0x00000009   Data   RW         1667    .data               dfu_app_handler.o
    0x200020f9   0x00000003   PAD
    0x200020fc   0x00000014   Data   RW         1730    .data               softdevice_handler.o
    0x20002110   0x00000924   Zero   RW           34    .bss                main.o
    0x20002a34   0x0000010c   Zero   RW          839    .bss                device_manager_peripheral.o
    0x20002b40   0x0000070c   Zero   RW         1182    .bss                pstorage.o
    0x2000324c   0x0000002c   Zero   RW         1666    .bss                dfu_app_handler.o
    0x20003278   0x00000800   Zero   RW          454    STACK               arm_startup_nrf51.o


==============================================================================

Image component sizes


      Code (inc. data)   RO Data    RW Data    ZI Data      Debug   Object Name

        32         10          0          0          0       6876   app_error.o
       250         50          0         14          0       6565   app_scheduler.o
      2906        320          0         42          0      32903   app_timer.o
        56         18        192          0       2048        660   arm_startup_nrf51.o
      1536          4          0          0          0      14822   ble_advdata.o
        16          4          0         25          0       2003   ble_conn_params.o
      1598         56         16          8          0      12228   ble_dfu.o
         0          0          0          0          0       5104   ble_srv_common.o
        80         18          0          0          0       1188   bootloader_util_arm.o
       160         20          0         20        268       7334   device_manager_peripheral.o
       430         46          0          9         44      14253   dfu_app_handler.o
      3790        396          5        106       2340      96833   main.o
        58          4          0          0          0       1503   nrf_delay.o
      3146        186          0         12       1804      18352   pstorage.o
       244         22          0          0          0       5604   simple_uart.o
       414         58          0         20          0       5812   softdevice_handler.o
       458         26          0          0          0       5897   spi_master.o
       220         26          0          4          0       1835   system_nrf51.o

    ----------------------------------------------------------------------
     15430       1264        248        272       6504     239772   Object Totals
         0          0         32          0          0          0   (incl. Generated)
        36          0          3         12          0          0   (incl. Padding)

    ----------------------------------------------------------------------

      Code (inc. data)   RO Data    RW Data    ZI Data      Debug   Library Member Name

         0          0          0          0          0          0   entry.o
         0          0          0          0          0          0   entry10a.o
         0          0          0          0          0          0   entry11a.o
         8          4          0          0          0          0   entry2.o
         4          0          0          0          0          0   entry5.o
         0          0          0          0          0          0   entry7b.o
         0          0          0          0          0          0   entry8b.o
         8          4          0          0          0          0   entry9a.o
        30          0          0          0          0          0   handlers.o
        40          0          0          0          0         72   idiv.o
        36          8          0          0          0         68   init.o
        32          0          0          0          0         68   llshl.o
        34          0          0          0          0         68   llushr.o
        36          0          0          0          0         60   memcpya.o
        36          0          0          0          0        100   memseta.o
      1190         48          0          0          0        384   printf8.o
        44          0          0          0          0         72   uidiv.o
        96          0          0          0          0         84   uldiv.o

    ----------------------------------------------------------------------
      1598         64          0          0          0        976   Library Totals
         4          0          0          0          0          0   (incl. Padding)

    ----------------------------------------------------------------------

      Code (inc. data)   RO Data    RW Data    ZI Data      Debug   Library Name

      1594         64          0          0          0        976   mc_p.l

    ----------------------------------------------------------------------
      1598         64          0          0          0        976   Library Totals

    ----------------------------------------------------------------------

==============================================================================


      Code (inc. data)   RO Data    RW Data    ZI Data      Debug   

     17028       1328        248        272       6504     234268   Grand Totals
     17028       1328        248        272       6504     234268   ELF Image Totals
     17028       1328        248        272          0          0   ROM Totals

==============================================================================

    Total RO  Size (Code + RO Data)                17276 (  16.87kB)
    Total RW  Size (RW Data + ZI Data)              6776 (   6.62kB)
    Total ROM Size (Code + RO Data + RW Data)      17548 (  17.14kB)

==============================================================================

