Product: MDK-ARM Standard 5.10
Component: ARM Compiler 5.04 update 1 (build 49)
Tool: armlink [5040049]

==============================================================================

Section Cross References

    main.o(i.advertising_start) refers to pstorage.o(i.pstorage_access_status_get) for pstorage_access_status_get
    main.o(i.advertising_start) refers to app_error.o(i.app_error_handler) for app_error_handler
    main.o(i.advertising_start) refers to nrf_delay.o(i.nrf_delay_ms) for nrf_delay_ms
    main.o(i.advertising_start) refers to main.o(.bss) for .bss
    main.o(i.application_timers_start) refers to app_timer.o(i.app_timer_start) for app_timer_start
    main.o(i.application_timers_start) refers to app_error.o(i.app_error_handler) for app_error_handler
    main.o(i.application_timers_start) refers to main.o(.data) for .data
    main.o(i.application_timers_stop) refers to app_timer.o(i.app_timer_stop) for app_timer_stop
    main.o(i.application_timers_stop) refers to app_error.o(i.app_error_handler) for app_error_handler
    main.o(i.application_timers_stop) refers to main.o(.data) for .data
    main.o(i.assert_nrf_callback) refers to app_error.o(i.app_error_handler) for app_error_handler
    main.o(i.battery_start) refers to uidiv.o(.text) for __aeabi_uidivmod
    main.o(i.battery_start) refers to main.o(.data) for .data
    main.o(i.ble_evt_dispatch) refers to main.o(i.on_ble_evt) for on_ble_evt
    main.o(i.ble_stack_init) refers to softdevice_handler.o(i.softdevice_handler_init) for softdevice_handler_init
    main.o(i.ble_stack_init) refers to app_error.o(i.app_error_handler) for app_error_handler
    main.o(i.ble_stack_init) refers to softdevice_handler.o(i.softdevice_ble_evt_handler_set) for softdevice_ble_evt_handler_set
    main.o(i.ble_stack_init) refers to softdevice_handler.o(i.softdevice_sys_evt_handler_set) for softdevice_sys_evt_handler_set
    main.o(i.ble_stack_init) refers to main.o(.bss) for .bss
    main.o(i.ble_stack_init) refers to main.o(i.ble_evt_dispatch) for ble_evt_dispatch
    main.o(i.ble_stack_init) refers to main.o(i.sys_evt_dispatch) for sys_evt_dispatch
    main.o(i.char_notify) refers to app_error.o(i.app_error_handler) for app_error_handler
    main.o(i.char_notify) refers to main.o(i.application_timers_start) for application_timers_start
    main.o(i.char_notify) refers to main.o(.data) for .data
    main.o(i.char_notify) refers to main.o(.bss) for .bss
    main.o(i.connection_interval_timeout_handler) refers to main.o(i.char_notify) for char_notify
    main.o(i.example_cb_handler) refers to main.o(.data) for .data
    main.o(i.gap_params_init) refers to main.o(i.char_hex) for char_hex
    main.o(i.gap_params_init) refers to app_error.o(i.app_error_handler) for app_error_handler
    main.o(i.gap_params_init) refers to main.o(.data) for .data
    main.o(i.main) refers to nrf_delay.o(i.nrf_delay_ms) for nrf_delay_ms
    main.o(i.main) refers to spi_master.o(i.spi_master_init) for spi_master_init
    main.o(i.main) refers to spi_master.o(i.spi_master_tx_rx) for spi_master_tx_rx
    main.o(i.main) refers to main.o(i.timers_init) for timers_init
    main.o(i.main) refers to main.o(i.ble_stack_init) for ble_stack_init
    main.o(i.main) refers to app_scheduler.o(i.app_sched_init) for app_sched_init
    main.o(i.main) refers to app_error.o(i.app_error_handler) for app_error_handler
    main.o(i.main) refers to pstorage.o(i.pstorage_init) for pstorage_init
    main.o(i.main) refers to pstorage.o(i.pstorage_register) for pstorage_register
    main.o(i.main) refers to main.o(i.gap_params_init) for gap_params_init
    main.o(i.main) refers to main.o(i.service_add) for service_add
    main.o(i.main) refers to memseta.o(.text) for __aeabi_memclr4
    main.o(i.main) refers to ble_advdata.o(i.ble_advdata_set) for ble_advdata_set
    main.o(i.main) refers to main.o(i.advertising_start) for advertising_start
    main.o(i.main) refers to app_timer.o(i.app_timer_start) for app_timer_start
    main.o(i.main) refers to app_scheduler.o(i.app_sched_execute) for app_sched_execute
    main.o(i.main) refers to main.o(.bss) for .bss
    main.o(i.main) refers to main.o(i.example_cb_handler) for example_cb_handler
    main.o(i.main) refers to main.o(.data) for .data
    main.o(i.notif_timeout_handler) refers to app_timer.o(i.app_timer_stop) for app_timer_stop
    main.o(i.notif_timeout_handler) refers to app_error.o(i.app_error_handler) for app_error_handler
    main.o(i.notif_timeout_handler) refers to main.o(.data) for .data
    main.o(i.on_ble_evt) refers to main.o(i.advertising_start) for advertising_start
    main.o(i.on_ble_evt) refers to app_error.o(i.app_error_handler) for app_error_handler
    main.o(i.on_ble_evt) refers to main.o(i.application_timers_start) for application_timers_start
    main.o(i.on_ble_evt) refers to uidiv.o(.text) for __aeabi_uidivmod
    main.o(i.on_ble_evt) refers to main.o(i.char_notify) for char_notify
    main.o(i.on_ble_evt) refers to main.o(i.application_timers_stop) for application_timers_stop
    main.o(i.on_ble_evt) refers to main.o(i.on_write) for on_write
    main.o(i.on_ble_evt) refers to main.o(.data) for .data
    main.o(i.on_ble_evt) refers to main.o(.bss) for .bss
    main.o(i.on_write) refers to main.o(i.application_timers_stop) for application_timers_stop
    main.o(i.on_write) refers to pstorage.o(i.pstorage_block_identifier_get) for pstorage_block_identifier_get
    main.o(i.on_write) refers to pstorage.o(i.pstorage_load) for pstorage_load
    main.o(i.on_write) refers to main.o(i.char_notify) for char_notify
    main.o(i.on_write) refers to main.o(i.application_timers_start) for application_timers_start
    main.o(i.on_write) refers to main.o(i.gap_params_init) for gap_params_init
    main.o(i.on_write) refers to ble_advdata.o(i.ble_advdata_set) for ble_advdata_set
    main.o(i.on_write) refers to main.o(.bss) for .bss
    main.o(i.on_write) refers to main.o(.data) for .data
    main.o(i.s5tm_timeout_handler) refers to uidiv.o(.text) for __aeabi_uidivmod
    main.o(i.s5tm_timeout_handler) refers to main.o(i.battery_start) for battery_start
    main.o(i.s5tm_timeout_handler) refers to simple_uart.o(i.simple_uart_config) for simple_uart_config
    main.o(i.s5tm_timeout_handler) refers to simple_uart.o(i.simple_uart_get_with_timeout) for simple_uart_get_with_timeout
    main.o(i.s5tm_timeout_handler) refers to pstorage.o(i.pstorage_block_identifier_get) for pstorage_block_identifier_get
    main.o(i.s5tm_timeout_handler) refers to pstorage.o(i.pstorage_clear) for pstorage_clear
    main.o(i.s5tm_timeout_handler) refers to pstorage.o(i.pstorage_store) for pstorage_store
    main.o(i.s5tm_timeout_handler) refers to ble_advdata.o(i.ble_advdata_set) for ble_advdata_set
    main.o(i.s5tm_timeout_handler) refers to app_error.o(i.app_error_handler) for app_error_handler
    main.o(i.s5tm_timeout_handler) refers to main.o(.data) for .data
    main.o(i.s5tm_timeout_handler) refers to main.o(.bss) for .bss
    main.o(i.service_add) refers to app_error.o(i.app_error_handler) for app_error_handler
    main.o(i.service_add) refers to memseta.o(.text) for __aeabi_memclr4
    main.o(i.service_add) refers to main.o(.data) for .data
    main.o(i.service_add) refers to main.o(.bss) for .bss
    main.o(i.sys_evt_dispatch) refers to pstorage.o(i.pstorage_sys_event_handler) for pstorage_sys_event_handler
    main.o(i.sys_evt_dispatch) refers to main.o(i.advertising_start) for advertising_start
    main.o(i.sys_evt_dispatch) refers to main.o(.data) for .data
    main.o(i.timecounter_handler) refers to uidiv.o(.text) for __aeabi_uidivmod
    main.o(i.timecounter_handler) refers to ble_advdata.o(i.ble_advdata_set) for ble_advdata_set
    main.o(i.timecounter_handler) refers to main.o(i.s5tm_timeout_handler) for s5tm_timeout_handler
    main.o(i.timecounter_handler) refers to main.o(.data) for .data
    main.o(i.timecounter_handler) refers to main.o(.bss) for .bss
    main.o(i.timers_init) refers to app_timer.o(i.app_timer_init) for app_timer_init
    main.o(i.timers_init) refers to app_error.o(i.app_error_handler) for app_error_handler
    main.o(i.timers_init) refers to app_timer.o(i.app_timer_create) for app_timer_create
    main.o(i.timers_init) refers to main.o(.bss) for .bss
    main.o(i.timers_init) refers to main.o(i.connection_interval_timeout_handler) for connection_interval_timeout_handler
    main.o(i.timers_init) refers to main.o(.data) for .data
    main.o(i.timers_init) refers to main.o(i.notif_timeout_handler) for notif_timeout_handler
    main.o(i.timers_init) refers to main.o(i.timecounter_handler) for timecounter_handler
    spi_master.o(i.spi_master_init) refers to spi_master.o(i.nrf_gpio_pin_set) for nrf_gpio_pin_set
    spi_master.o(i.spi_master_tx_rx) refers to spi_master.o(i.nrf_gpio_pin_set) for nrf_gpio_pin_set
    arm_startup_nrf51.o(RESET) refers to arm_startup_nrf51.o(STACK) for __initial_sp
    arm_startup_nrf51.o(RESET) refers to arm_startup_nrf51.o(.text) for Reset_Handler
    arm_startup_nrf51.o(RESET) refers to app_uart.o(i.UART0_IRQHandler) for UART0_IRQHandler
    arm_startup_nrf51.o(RESET) refers to app_gpiote.o(i.GPIOTE_IRQHandler) for GPIOTE_IRQHandler
    arm_startup_nrf51.o(RESET) refers to app_timer.o(i.RTC1_IRQHandler) for RTC1_IRQHandler
    arm_startup_nrf51.o(RESET) refers to app_timer.o(i.SWI0_IRQHandler) for SWI0_IRQHandler
    arm_startup_nrf51.o(RESET) refers to softdevice_handler.o(i.SWI2_IRQHandler) for SWI2_IRQHandler
    arm_startup_nrf51.o(.text) refers to system_nrf51.o(i.SystemInit) for SystemInit
    arm_startup_nrf51.o(.text) refers to entry.o(.ARM.Collect$$$$00000000) for __main
    system_nrf51.o(i.SystemCoreClockUpdate) refers to system_nrf51.o(.data) for .data
    system_nrf51.o(i.SystemInit) refers to system_nrf51.o(i.is_manual_peripheral_setup_needed) for is_manual_peripheral_setup_needed
    ble_srv_common.o(i.ble_srv_ascii_to_utf8) refers to strlen.o(.text) for strlen
    ble_advdata.o(i.adv_data_encode) refers to ble_advdata.o(i.name_encode) for name_encode
    ble_advdata.o(i.adv_data_encode) refers to ble_advdata.o(i.uint16_encode) for uint16_encode
    ble_advdata.o(i.adv_data_encode) refers to memcpya.o(.text) for __aeabi_memcpy
    ble_advdata.o(i.adv_data_encode) refers to ble_advdata.o(i.uuid_list_encode) for uuid_list_encode
    ble_advdata.o(i.adv_data_encode) refers to ble_advdata.o(i.conn_int_encode) for conn_int_encode
    ble_advdata.o(i.adv_data_encode) refers to ble_advdata.o(i.manuf_specific_data_encode) for manuf_specific_data_encode
    ble_advdata.o(i.adv_data_encode) refers to ble_advdata.o(i.service_data_encode) for service_data_encode
    ble_advdata.o(i.ble_advdata_set) refers to ble_advdata.o(i.adv_data_encode) for adv_data_encode
    ble_advdata.o(i.conn_int_encode) refers to ble_advdata.o(i.uint16_encode) for uint16_encode
    ble_advdata.o(i.manuf_specific_data_encode) refers to ble_advdata.o(i.uint16_encode) for uint16_encode
    ble_advdata.o(i.manuf_specific_data_encode) refers to memcpya.o(.text) for __aeabi_memcpy
    ble_advdata.o(i.service_data_encode) refers to ble_advdata.o(i.uint16_encode) for uint16_encode
    ble_advdata.o(i.service_data_encode) refers to memcpya.o(.text) for __aeabi_memcpy
    ble_advdata.o(i.uuid_list_encode) refers to ble_advdata.o(i.uuid_list_sized_encode) for uuid_list_sized_encode
    ble_conn_params.o(i.ble_conn_params_change_conn_params) refers to memcpya.o(.text) for __aeabi_memcpy
    ble_conn_params.o(i.ble_conn_params_change_conn_params) refers to ble_conn_params.o(i.is_conn_params_ok) for is_conn_params_ok
    ble_conn_params.o(i.ble_conn_params_change_conn_params) refers to ble_conn_params.o(.data) for .data
    ble_conn_params.o(i.ble_conn_params_change_conn_params) refers to ble_conn_params.o(.bss) for .bss
    ble_conn_params.o(i.ble_conn_params_init) refers to memcpya.o(.text) for __aeabi_memcpy4
    ble_conn_params.o(i.ble_conn_params_init) refers to app_timer.o(i.app_timer_create) for app_timer_create
    ble_conn_params.o(i.ble_conn_params_init) refers to ble_conn_params.o(.bss) for .bss
    ble_conn_params.o(i.ble_conn_params_init) refers to ble_conn_params.o(.data) for .data
    ble_conn_params.o(i.ble_conn_params_init) refers to ble_conn_params.o(i.update_timeout_handler) for update_timeout_handler
    ble_conn_params.o(i.ble_conn_params_on_ble_evt) refers to memcpya.o(.text) for __aeabi_memcpy
    ble_conn_params.o(i.ble_conn_params_on_ble_evt) refers to ble_conn_params.o(i.conn_params_negotiation) for conn_params_negotiation
    ble_conn_params.o(i.ble_conn_params_on_ble_evt) refers to app_timer.o(i.app_timer_stop) for app_timer_stop
    ble_conn_params.o(i.ble_conn_params_on_ble_evt) refers to ble_conn_params.o(.data) for .data
    ble_conn_params.o(i.ble_conn_params_on_ble_evt) refers to ble_conn_params.o(.bss) for .bss
    ble_conn_params.o(i.ble_conn_params_stop) refers to app_timer.o(i.app_timer_stop) for app_timer_stop
    ble_conn_params.o(i.ble_conn_params_stop) refers to ble_conn_params.o(.data) for .data
    ble_conn_params.o(i.conn_params_negotiation) refers to ble_conn_params.o(i.is_conn_params_ok) for is_conn_params_ok
    ble_conn_params.o(i.conn_params_negotiation) refers to app_timer.o(i.app_timer_start) for app_timer_start
    ble_conn_params.o(i.conn_params_negotiation) refers to ble_conn_params.o(.data) for .data
    ble_conn_params.o(i.conn_params_negotiation) refers to ble_conn_params.o(.bss) for .bss
    ble_conn_params.o(i.is_conn_params_ok) refers to ble_conn_params.o(.data) for .data
    ble_conn_params.o(i.update_timeout_handler) refers to ble_conn_params.o(.data) for .data
    ble_conn_params.o(i.update_timeout_handler) refers to ble_conn_params.o(.bss) for .bss
    nrf_delay.o(i.nrf_delay_ms) refers to nrf_delay.o(.emb_text) for __asm___11_nrf_delay_c_532987f3__nrf_delay_us
    app_uart.o(i.UART0_IRQHandler) refers to app_uart.o(i.on_uart_event) for on_uart_event
    app_uart.o(i.UART0_IRQHandler) refers to app_uart.o(.data) for .data
    app_uart.o(i.action_tx_stop) refers to app_uart.o(.data) for .data
    app_uart.o(i.action_uart_deactivate) refers to app_uart.o(.data) for .data
    app_uart.o(i.app_uart_close) refers to app_uart.o(i.on_uart_event) for on_uart_event
    app_uart.o(i.app_uart_close) refers to app_gpiote.o(i.app_gpiote_user_disable) for app_gpiote_user_disable
    app_uart.o(i.app_uart_close) refers to app_uart.o(.data) for .data
    app_uart.o(i.app_uart_get) refers to app_uart.o(.data) for .data
    app_uart.o(i.app_uart_get_connection_state) refers to app_uart.o(.data) for .data
    app_uart.o(i.app_uart_init) refers to app_gpiote.o(i.app_gpiote_user_register) for app_gpiote_user_register
    app_uart.o(i.app_uart_init) refers to app_gpiote.o(i.app_gpiote_pins_state_get) for app_gpiote_pins_state_get
    app_uart.o(i.app_uart_init) refers to app_gpiote.o(i.app_gpiote_user_enable) for app_gpiote_user_enable
    app_uart.o(i.app_uart_init) refers to app_uart.o(i.on_uart_event) for on_uart_event
    app_uart.o(i.app_uart_init) refers to app_uart.o(.data) for .data
    app_uart.o(i.app_uart_init) refers to app_uart.o(i.gpiote_uart_event_handler) for gpiote_uart_event_handler
    app_uart.o(i.app_uart_put) refers to app_uart.o(i.on_uart_event) for on_uart_event
    app_uart.o(i.app_uart_put) refers to app_uart.o(.data) for .data
    app_uart.o(i.gpiote_uart_event_handler) refers to app_gpiote.o(i.app_gpiote_pins_state_get) for app_gpiote_pins_state_get
    app_uart.o(i.gpiote_uart_event_handler) refers to app_uart.o(i.on_uart_event) for on_uart_event
    app_uart.o(i.gpiote_uart_event_handler) refers to app_uart.o(.data) for .data
    app_uart.o(i.on_uart_event) refers to app_uart.o(i.__ARM_common_switch8) for __ARM_common_switch8
    app_uart.o(i.on_uart_event) refers to app_uart.o(i.action_uart_deactivate) for action_uart_deactivate
    app_uart.o(i.on_uart_event) refers to app_uart.o(i.action_tx_stop) for action_tx_stop
    app_uart.o(i.on_uart_event) refers to app_uart.o(.data) for .data
    pstorage.o(i.app_notify) refers to pstorage.o(.bss) for .bss
    pstorage.o(i.cmd_process) refers to pstorage.o(i.pstorage_flash_page_size) for pstorage_flash_page_size
    pstorage.o(i.cmd_process) refers to uidiv.o(.text) for __aeabi_uidivmod
    pstorage.o(i.cmd_process) refers to pstorage.o(i.swap_state_process) for swap_state_process
    pstorage.o(i.cmd_process) refers to pstorage.o(.bss) for .bss
    pstorage.o(i.cmd_process) refers to pstorage.o(.data) for .data
    pstorage.o(i.cmd_queue_dequeue) refers to pstorage.o(i.cmd_process) for cmd_process
    pstorage.o(i.cmd_queue_dequeue) refers to pstorage.o(.bss) for .bss
    pstorage.o(i.cmd_queue_element_init) refers to pstorage.o(.bss) for .bss
    pstorage.o(i.cmd_queue_enqueue) refers to pstorage.o(i.cmd_process) for cmd_process
    pstorage.o(i.cmd_queue_enqueue) refers to pstorage.o(.bss) for .bss
    pstorage.o(i.pstorage_access_status_get) refers to pstorage.o(.data) for .data
    pstorage.o(i.pstorage_access_status_get) refers to pstorage.o(.bss) for .bss
    pstorage.o(i.pstorage_block_identifier_get) refers to pstorage.o(.data) for .data
    pstorage.o(i.pstorage_block_identifier_get) refers to pstorage.o(.bss) for .bss
    pstorage.o(i.pstorage_clear) refers to pstorage.o(i.is_word_aligned) for is_word_aligned
    pstorage.o(i.pstorage_clear) refers to uidiv.o(.text) for __aeabi_uidivmod
    pstorage.o(i.pstorage_clear) refers to pstorage.o(i.cmd_queue_enqueue) for cmd_queue_enqueue
    pstorage.o(i.pstorage_clear) refers to pstorage.o(.data) for .data
    pstorage.o(i.pstorage_clear) refers to pstorage.o(.bss) for .bss
    pstorage.o(i.pstorage_flash_page_end) refers to pstorage.o(i.pstorage_flash_page_size) for pstorage_flash_page_size
    pstorage.o(i.pstorage_flash_page_end) refers to uidiv.o(.text) for __aeabi_uidivmod
    pstorage.o(i.pstorage_init) refers to pstorage.o(i.cmd_queue_element_init) for cmd_queue_element_init
    pstorage.o(i.pstorage_init) refers to pstorage.o(i.pstorage_flash_page_end) for pstorage_flash_page_end
    pstorage.o(i.pstorage_init) refers to pstorage.o(i.pstorage_flash_page_size) for pstorage_flash_page_size
    pstorage.o(i.pstorage_init) refers to uidiv.o(.text) for __aeabi_uidivmod
    pstorage.o(i.pstorage_init) refers to pstorage.o(.data) for .data
    pstorage.o(i.pstorage_init) refers to pstorage.o(.bss) for .bss
    pstorage.o(i.pstorage_load) refers to pstorage.o(i.is_word_aligned) for is_word_aligned
    pstorage.o(i.pstorage_load) refers to memcpya.o(.text) for __aeabi_memcpy
    pstorage.o(i.pstorage_load) refers to pstorage.o(.data) for .data
    pstorage.o(i.pstorage_load) refers to pstorage.o(.bss) for .bss
    pstorage.o(i.pstorage_register) refers to pstorage.o(i.pstorage_flash_page_size) for pstorage_flash_page_size
    pstorage.o(i.pstorage_register) refers to pstorage.o(i.pstorage_flash_page_end) for pstorage_flash_page_end
    pstorage.o(i.pstorage_register) refers to uidiv.o(.text) for __aeabi_uidivmod
    pstorage.o(i.pstorage_register) refers to pstorage.o(.data) for .data
    pstorage.o(i.pstorage_register) refers to pstorage.o(.bss) for .bss
    pstorage.o(i.pstorage_store) refers to pstorage.o(i.is_word_aligned) for is_word_aligned
    pstorage.o(i.pstorage_store) refers to pstorage.o(i.cmd_queue_enqueue) for cmd_queue_enqueue
    pstorage.o(i.pstorage_store) refers to pstorage.o(.data) for .data
    pstorage.o(i.pstorage_store) refers to pstorage.o(.bss) for .bss
    pstorage.o(i.pstorage_sys_event_handler) refers to pstorage.o(i.cmd_process) for cmd_process
    pstorage.o(i.pstorage_sys_event_handler) refers to pstorage.o(i.app_notify) for app_notify
    pstorage.o(i.pstorage_sys_event_handler) refers to pstorage.o(i.cmd_queue_dequeue) for cmd_queue_dequeue
    pstorage.o(i.pstorage_sys_event_handler) refers to pstorage.o(i.cmd_queue_element_init) for cmd_queue_element_init
    pstorage.o(i.pstorage_sys_event_handler) refers to pstorage.o(.bss) for .bss
    pstorage.o(i.pstorage_sys_event_handler) refers to pstorage.o(.data) for .data
    pstorage.o(i.pstorage_update) refers to pstorage.o(i.is_word_aligned) for is_word_aligned
    pstorage.o(i.pstorage_update) refers to pstorage.o(i.cmd_queue_enqueue) for cmd_queue_enqueue
    pstorage.o(i.pstorage_update) refers to pstorage.o(.data) for .data
    pstorage.o(i.pstorage_update) refers to pstorage.o(.bss) for .bss
    pstorage.o(i.swap_state_process) refers to app_uart.o(i.__ARM_common_switch8) for __ARM_common_switch8
    pstorage.o(i.swap_state_process) refers to pstorage.o(i.pstorage_flash_page_size) for pstorage_flash_page_size
    pstorage.o(i.swap_state_process) refers to pstorage.o(i.pstorage_flash_page_end) for pstorage_flash_page_end
    pstorage.o(i.swap_state_process) refers to uidiv.o(.text) for __aeabi_uidivmod
    pstorage.o(i.swap_state_process) refers to pstorage.o(.data) for .data
    simple_uart.o(i.simple_uart_get_with_timeout) refers to simple_uart.o(.emb_text) for __asm___13_simple_uart_c_5dda6715__nrf_delay_us
    simple_uart.o(i.simple_uart_putstring) refers to simple_uart.o(i.simple_uart_put) for simple_uart_put
    app_gpiote.o(i.GPIOTE_IRQHandler) refers to app_gpiote.o(i.sense_level_toggle) for sense_level_toggle
    app_gpiote.o(i.GPIOTE_IRQHandler) refers to app_gpiote.o(.data) for .data
    app_gpiote.o(i.app_gpiote_init) refers to memseta.o(.text) for __aeabi_memclr4
    app_gpiote.o(i.app_gpiote_init) refers to app_gpiote.o(.data) for .data
    app_gpiote.o(i.app_gpiote_pins_state_get) refers to app_gpiote.o(.data) for .data
    app_gpiote.o(i.app_gpiote_user_disable) refers to app_gpiote.o(i.pins_sense_disable) for pins_sense_disable
    app_gpiote.o(i.app_gpiote_user_disable) refers to app_gpiote.o(.data) for .data
    app_gpiote.o(i.app_gpiote_user_enable) refers to app_gpiote.o(.data) for .data
    app_gpiote.o(i.app_gpiote_user_register) refers to app_gpiote.o(i.pins_sense_disable) for pins_sense_disable
    app_gpiote.o(i.app_gpiote_user_register) refers to app_gpiote.o(.data) for .data
    app_gpiote.o(i.pins_sense_disable) refers to app_gpiote.o(.data) for .data
    app_timer.o(i.RTC1_IRQHandler) refers to app_timer.o(i.timer_timeouts_check) for timer_timeouts_check
    app_timer.o(i.SWI0_IRQHandler) refers to app_timer.o(i.elapsed_ticks_acquire) for elapsed_ticks_acquire
    app_timer.o(i.SWI0_IRQHandler) refers to app_timer.o(i.list_deletions_handler) for list_deletions_handler
    app_timer.o(i.SWI0_IRQHandler) refers to app_timer.o(i.expired_timers_handler) for expired_timers_handler
    app_timer.o(i.SWI0_IRQHandler) refers to app_timer.o(i.list_insertions_handler) for list_insertions_handler
    app_timer.o(i.SWI0_IRQHandler) refers to app_timer.o(i.compare_reg_update) for compare_reg_update
    app_timer.o(i.SWI0_IRQHandler) refers to app_timer.o(.data) for .data
    app_timer.o(i.app_timer_create) refers to app_timer.o(.data) for .data
    app_timer.o(i.app_timer_init) refers to app_timer.o(i.rtc1_stop) for rtc1_stop
    app_timer.o(i.app_timer_init) refers to app_timer.o(i.NVIC_SetPriority) for NVIC_SetPriority
    app_timer.o(i.app_timer_init) refers to app_timer.o(.data) for .data
    app_timer.o(i.app_timer_start) refers to app_timer.o(i.user_id_get) for user_id_get
    app_timer.o(i.app_timer_start) refers to app_timer.o(i.user_op_alloc) for user_op_alloc
    app_timer.o(i.app_timer_start) refers to app_timer.o(i.timer_list_handler_sched) for timer_list_handler_sched
    app_timer.o(i.app_timer_start) refers to app_timer.o(.data) for .data
    app_timer.o(i.app_timer_stop) refers to app_timer.o(i.user_id_get) for user_id_get
    app_timer.o(i.app_timer_stop) refers to app_timer.o(i.user_op_alloc) for user_op_alloc
    app_timer.o(i.app_timer_stop) refers to app_timer.o(i.timer_list_handler_sched) for timer_list_handler_sched
    app_timer.o(i.app_timer_stop) refers to app_timer.o(.data) for .data
    app_timer.o(i.app_timer_stop_all) refers to app_timer.o(i.user_id_get) for user_id_get
    app_timer.o(i.app_timer_stop_all) refers to app_timer.o(i.user_op_alloc) for user_op_alloc
    app_timer.o(i.app_timer_stop_all) refers to app_timer.o(i.timer_list_handler_sched) for timer_list_handler_sched
    app_timer.o(i.app_timer_stop_all) refers to app_timer.o(.data) for .data
    app_timer.o(i.compare_reg_update) refers to app_timer.o(.emb_text) for __asm___11_app_timer_c_cd27f9c3__nrf_delay_us
    app_timer.o(i.compare_reg_update) refers to app_timer.o(i.rtc1_stop) for rtc1_stop
    app_timer.o(i.compare_reg_update) refers to app_timer.o(.data) for .data
    app_timer.o(i.elapsed_ticks_acquire) refers to app_timer.o(.data) for .data
    app_timer.o(i.expired_timers_handler) refers to app_timer.o(.data) for .data
    app_timer.o(i.list_deletions_handler) refers to app_timer.o(i.timer_list_remove) for timer_list_remove
    app_timer.o(i.list_deletions_handler) refers to app_timer.o(.data) for .data
    app_timer.o(i.list_insertions_handler) refers to app_timer.o(i.timer_list_insert) for timer_list_insert
    app_timer.o(i.list_insertions_handler) refers to app_timer.o(.data) for .data
    app_timer.o(i.rtc1_stop) refers to app_timer.o(.emb_text) for __asm___11_app_timer_c_cd27f9c3__nrf_delay_us
    app_timer.o(i.rtc1_stop) refers to app_timer.o(.data) for .data
    app_timer.o(i.timer_list_insert) refers to app_timer.o(.data) for .data
    app_timer.o(i.timer_list_remove) refers to app_timer.o(.data) for .data
    app_timer.o(i.timer_timeouts_check) refers to app_error.o(i.app_error_handler) for app_error_handler
    app_timer.o(i.timer_timeouts_check) refers to app_timer.o(i.timer_list_handler_sched) for timer_list_handler_sched
    app_timer.o(i.timer_timeouts_check) refers to app_timer.o(.data) for .data
    app_scheduler.o(i.app_sched_event_get) refers to app_scheduler.o(.data) for .data
    app_scheduler.o(i.app_sched_event_put) refers to app_error.o(i.app_error_handler) for app_error_handler
    app_scheduler.o(i.app_sched_event_put) refers to memcpya.o(.text) for __aeabi_memcpy
    app_scheduler.o(i.app_sched_event_put) refers to app_scheduler.o(.data) for .data
    app_scheduler.o(i.app_sched_execute) refers to app_scheduler.o(i.app_sched_event_get) for app_sched_event_get
    app_scheduler.o(i.app_sched_init) refers to app_scheduler.o(.data) for .data
    softdevice_handler.o(i.SWI2_IRQHandler) refers to app_error.o(i.app_error_handler) for app_error_handler
    softdevice_handler.o(i.SWI2_IRQHandler) refers to softdevice_handler.o(i.intern_softdevice_events_execute) for intern_softdevice_events_execute
    softdevice_handler.o(i.SWI2_IRQHandler) refers to softdevice_handler.o(.data) for .data
    softdevice_handler.o(i.intern_softdevice_events_execute) refers to app_error.o(i.app_error_handler) for app_error_handler
    softdevice_handler.o(i.intern_softdevice_events_execute) refers to softdevice_handler.o(.data) for .data
    softdevice_handler.o(i.softdevice_assertion_handler) refers (Weak) to main.o(i.assert_nrf_callback) for assert_nrf_callback
    softdevice_handler.o(i.softdevice_ble_evt_handler_set) refers to softdevice_handler.o(.data) for .data
    softdevice_handler.o(i.softdevice_handler_init) refers to softdevice_handler.o(.data) for .data
    softdevice_handler.o(i.softdevice_handler_init) refers to softdevice_handler.o(i.softdevice_assertion_handler) for softdevice_assertion_handler
    softdevice_handler.o(i.softdevice_handler_sd_disable) refers to softdevice_handler.o(.data) for .data
    softdevice_handler.o(i.softdevice_sys_evt_handler_set) refers to softdevice_handler.o(.data) for .data
    entry.o(.ARM.Collect$$$$00000000) refers (Special) to entry10a.o(.ARM.Collect$$$$0000000D) for __rt_final_cpp
    entry.o(.ARM.Collect$$$$00000000) refers (Special) to entry11a.o(.ARM.Collect$$$$0000000F) for __rt_final_exit
    entry.o(.ARM.Collect$$$$00000000) refers (Special) to entry7b.o(.ARM.Collect$$$$00000008) for _main_clock
    entry.o(.ARM.Collect$$$$00000000) refers (Special) to entry8b.o(.ARM.Collect$$$$0000000A) for _main_cpp_init
    entry.o(.ARM.Collect$$$$00000000) refers (Special) to entry9a.o(.ARM.Collect$$$$0000000B) for _main_init
    entry.o(.ARM.Collect$$$$00000000) refers (Special) to entry5.o(.ARM.Collect$$$$00000004) for _main_scatterload
    entry.o(.ARM.Collect$$$$00000000) refers (Special) to entry2.o(.ARM.Collect$$$$00000001) for _main_stk
    entry2.o(.ARM.Collect$$$$00000001) refers to entry2.o(.ARM.Collect$$$$00002712) for __lit__00000000
    entry2.o(.ARM.Collect$$$$00002712) refers to arm_startup_nrf51.o(STACK) for __initial_sp
    entry2.o(__vectab_stack_and_reset_area) refers to arm_startup_nrf51.o(STACK) for __initial_sp
    entry2.o(__vectab_stack_and_reset_area) refers to entry.o(.ARM.Collect$$$$00000000) for __main
    entry5.o(.ARM.Collect$$$$00000004) refers to init.o(.text) for __scatterload
    entry9a.o(.ARM.Collect$$$$0000000B) refers to main.o(i.main) for main
    entry9b.o(.ARM.Collect$$$$0000000C) refers to main.o(i.main) for main
    init.o(.text) refers to entry5.o(.ARM.Collect$$$$00000004) for __main_after_scatterload


==============================================================================

Removing Unused input sections from the image.

    Removing main.o(.rev16_text), (4 bytes).
    Removing main.o(.revsh_text), (4 bytes).
    Removing main.o(.emb_text), (30 bytes).
    Removing main.o(i.assert_nrf_callback), (20 bytes).
    Removing spi_master.o(.rev16_text), (4 bytes).
    Removing spi_master.o(.revsh_text), (4 bytes).
    Removing spi_master.o(.emb_text), (30 bytes).
    Removing arm_startup_nrf51.o(HEAP), (2048 bytes).
    Removing system_nrf51.o(.rev16_text), (4 bytes).
    Removing system_nrf51.o(.revsh_text), (4 bytes).
    Removing system_nrf51.o(i.SystemCoreClockUpdate), (16 bytes).
    Removing ble_srv_common.o(i.ble_srv_ascii_to_utf8), (18 bytes).
    Removing ble_srv_common.o(i.ble_srv_report_ref_encode), (12 bytes).
    Removing ble_conn_params.o(i.ble_conn_params_change_conn_params), (80 bytes).
    Removing ble_conn_params.o(i.ble_conn_params_init), (84 bytes).
    Removing ble_conn_params.o(i.ble_conn_params_on_ble_evt), (144 bytes).
    Removing ble_conn_params.o(i.ble_conn_params_stop), (16 bytes).
    Removing ble_conn_params.o(i.conn_params_negotiation), (100 bytes).
    Removing ble_conn_params.o(i.is_conn_params_ok), (28 bytes).
    Removing ble_conn_params.o(i.update_timeout_handler), (100 bytes).
    Removing ble_conn_params.o(.bss), (28 bytes).
    Removing ble_conn_params.o(.data), (24 bytes).
    Removing nrf_delay.o(.rev16_text), (4 bytes).
    Removing nrf_delay.o(.revsh_text), (4 bytes).
    Removing app_uart.o(.rev16_text), (4 bytes).
    Removing app_uart.o(.revsh_text), (4 bytes).
    Removing app_uart.o(i.app_uart_close), (48 bytes).
    Removing app_uart.o(i.app_uart_flush), (4 bytes).
    Removing app_uart.o(i.app_uart_get), (36 bytes).
    Removing app_uart.o(i.app_uart_get_connection_state), (20 bytes).
    Removing app_uart.o(i.app_uart_init), (440 bytes).
    Removing app_uart.o(i.app_uart_put), (36 bytes).
    Removing app_uart.o(i.gpiote_uart_event_handler), (64 bytes).
    Removing pstorage.o(.rev16_text), (4 bytes).
    Removing pstorage.o(.revsh_text), (4 bytes).
    Removing pstorage.o(i.pstorage_update), (144 bytes).
    Removing simple_uart.o(.rev16_text), (4 bytes).
    Removing simple_uart.o(.revsh_text), (4 bytes).
    Removing simple_uart.o(i.simple_uart_get), (28 bytes).
    Removing simple_uart.o(i.simple_uart_put), (28 bytes).
    Removing simple_uart.o(i.simple_uart_putstring), (24 bytes).
    Removing app_error.o(.rev16_text), (4 bytes).
    Removing app_error.o(.revsh_text), (4 bytes).
    Removing app_fifo.o(i.app_fifo_flush), (8 bytes).
    Removing app_fifo.o(i.app_fifo_get), (34 bytes).
    Removing app_fifo.o(i.app_fifo_init), (36 bytes).
    Removing app_fifo.o(i.app_fifo_put), (34 bytes).
    Removing app_gpiote.o(.rev16_text), (4 bytes).
    Removing app_gpiote.o(.revsh_text), (4 bytes).
    Removing app_gpiote.o(i.app_gpiote_init), (100 bytes).
    Removing app_gpiote.o(i.app_gpiote_pins_state_get), (52 bytes).
    Removing app_gpiote.o(i.app_gpiote_user_disable), (64 bytes).
    Removing app_gpiote.o(i.app_gpiote_user_enable), (148 bytes).
    Removing app_gpiote.o(i.app_gpiote_user_register), (76 bytes).
    Removing app_gpiote.o(i.pins_sense_disable), (60 bytes).
    Removing app_timer.o(.rev16_text), (4 bytes).
    Removing app_timer.o(.revsh_text), (4 bytes).
    Removing app_timer.o(i.app_timer_cnt_diff_compute), (12 bytes).
    Removing app_timer.o(i.app_timer_cnt_get), (16 bytes).
    Removing app_timer.o(i.app_timer_stop_all), (68 bytes).
    Removing app_scheduler.o(.rev16_text), (4 bytes).
    Removing app_scheduler.o(.revsh_text), (4 bytes).
    Removing app_scheduler.o(i.app_sched_event_put), (256 bytes).
    Removing softdevice_handler.o(.rev16_text), (4 bytes).
    Removing softdevice_handler.o(.revsh_text), (4 bytes).
    Removing softdevice_handler.o(i.softdevice_handler_sd_disable), (24 bytes).

66 unused section(s) (total 4734 bytes) removed from the image.

==============================================================================

Image Symbol Table

    Local Symbols

    Symbol Name                              Value     Ov Type        Size  Object(Section)

    ../clib/microlib/division.c              0x00000000   Number         0  uidiv.o ABSOLUTE
    ../clib/microlib/init/entry.s            0x00000000   Number         0  entry9b.o ABSOLUTE
    ../clib/microlib/init/entry.s            0x00000000   Number         0  entry7b.o ABSOLUTE
    ../clib/microlib/init/entry.s            0x00000000   Number         0  entry7a.o ABSOLUTE
    ../clib/microlib/init/entry.s            0x00000000   Number         0  entry11b.o ABSOLUTE
    ../clib/microlib/init/entry.s            0x00000000   Number         0  entry11a.o ABSOLUTE
    ../clib/microlib/init/entry.s            0x00000000   Number         0  entry5.o ABSOLUTE
    ../clib/microlib/init/entry.s            0x00000000   Number         0  entry.o ABSOLUTE
    ../clib/microlib/init/entry.s            0x00000000   Number         0  entry10b.o ABSOLUTE
    ../clib/microlib/init/entry.s            0x00000000   Number         0  entry10a.o ABSOLUTE
    ../clib/microlib/init/entry.s            0x00000000   Number         0  entry9a.o ABSOLUTE
    ../clib/microlib/init/entry.s            0x00000000   Number         0  entry2.o ABSOLUTE
    ../clib/microlib/init/entry.s            0x00000000   Number         0  entry8b.o ABSOLUTE
    ../clib/microlib/init/entry.s            0x00000000   Number         0  entry8a.o ABSOLUTE
    ../clib/microlib/string/memcpy.c         0x00000000   Number         0  memcpya.o ABSOLUTE
    ../clib/microlib/string/memcpy.c         0x00000000   Number         0  memcpyb.o ABSOLUTE
    ../clib/microlib/string/memset.c         0x00000000   Number         0  memseta.o ABSOLUTE
    ../clib/microlib/string/strlen.c         0x00000000   Number         0  strlen.o ABSOLUTE
    ..\..\..\main.c                          0x00000000   Number         0  main.o ABSOLUTE
    ..\..\..\spi_master.c                    0x00000000   Number         0  spi_master.o ABSOLUTE
    ..\\..\\..\\main.c                       0x00000000   Number         0  main.o ABSOLUTE
    ..\\..\\..\\spi_master.c                 0x00000000   Number         0  spi_master.o ABSOLUTE
    C:\Keil_v5\ARM\PACK\NordicSemiconductor\nRF_BLE\2.0.0\common\ble_srv_common.c 0x00000000   Number         0  ble_srv_common.o ABSOLUTE
    C:\Keil_v5\ARM\PACK\NordicSemiconductor\nRF_Drivers\2.0.0\hal\nrf_delay.c 0x00000000   Number         0  nrf_delay.o ABSOLUTE
    C:\\Keil_v5\\ARM\\PACK\\NordicSemiconductor\\nRF_Drivers\\2.0.0\\hal\\nrf_delay.c 0x00000000   Number         0  nrf_delay.o ABSOLUTE
    RTE\Device\nRF51822_xxAA\arm_startup_nrf51.s 0x00000000   Number         0  arm_startup_nrf51.o ABSOLUTE
    RTE\Device\nRF51822_xxAA\system_nrf51.c  0x00000000   Number         0  system_nrf51.o ABSOLUTE
    RTE\\Device\\nRF51822_xxAA\\system_nrf51.c 0x00000000   Number         0  system_nrf51.o ABSOLUTE
    RTE\\nRF_Drivers\\nRF51822_xxAA\\app_uart.c 0x00000000   Number         0  app_uart.o ABSOLUTE
    RTE\\nRF_Drivers\\nRF51822_xxAA\\pstorage.c 0x00000000   Number         0  pstorage.o ABSOLUTE
    RTE\\nRF_Drivers\\nRF51822_xxAA\\simple_uart.c 0x00000000   Number         0  simple_uart.o ABSOLUTE
    RTE\\nRF_Libraries\\nRF51822_xxAA\\app_error.c 0x00000000   Number         0  app_error.o ABSOLUTE
    RTE\\nRF_Libraries\\nRF51822_xxAA\\app_gpiote.c 0x00000000   Number         0  app_gpiote.o ABSOLUTE
    RTE\\nRF_Libraries\\nRF51822_xxAA\\app_scheduler.c 0x00000000   Number         0  app_scheduler.o ABSOLUTE
    RTE\\nRF_Libraries\\nRF51822_xxAA\\app_timer.c 0x00000000   Number         0  app_timer.o ABSOLUTE
    RTE\\nRF_SoftDevice\\nRF51822_xxAA\\softdevice_handler.c 0x00000000   Number         0  softdevice_handler.o ABSOLUTE
    RTE\nRF_BLE\nRF51822_xxAA\ble_advdata.c  0x00000000   Number         0  ble_advdata.o ABSOLUTE
    RTE\nRF_BLE\nRF51822_xxAA\ble_conn_params.c 0x00000000   Number         0  ble_conn_params.o ABSOLUTE
    RTE\nRF_Drivers\nRF51822_xxAA\app_uart.c 0x00000000   Number         0  app_uart.o ABSOLUTE
    RTE\nRF_Drivers\nRF51822_xxAA\pstorage.c 0x00000000   Number         0  pstorage.o ABSOLUTE
    RTE\nRF_Drivers\nRF51822_xxAA\simple_uart.c 0x00000000   Number         0  simple_uart.o ABSOLUTE
    RTE\nRF_Libraries\nRF51822_xxAA\app_error.c 0x00000000   Number         0  app_error.o ABSOLUTE
    RTE\nRF_Libraries\nRF51822_xxAA\app_fifo.c 0x00000000   Number         0  app_fifo.o ABSOLUTE
    RTE\nRF_Libraries\nRF51822_xxAA\app_gpiote.c 0x00000000   Number         0  app_gpiote.o ABSOLUTE
    RTE\nRF_Libraries\nRF51822_xxAA\app_scheduler.c 0x00000000   Number         0  app_scheduler.o ABSOLUTE
    RTE\nRF_Libraries\nRF51822_xxAA\app_timer.c 0x00000000   Number         0  app_timer.o ABSOLUTE
    RTE\nRF_Libraries\nRF51822_xxAA\nrf_assert.c 0x00000000   Number         0  nrf_assert.o ABSOLUTE
    RTE\nRF_SoftDevice\nRF51822_xxAA\softdevice_handler.c 0x00000000   Number         0  softdevice_handler.o ABSOLUTE
    dc.s                                     0x00000000   Number         0  dc.o ABSOLUTE
    handlers.s                               0x00000000   Number         0  handlers.o ABSOLUTE
    init.s                                   0x00000000   Number         0  init.o ABSOLUTE
    RESET                                    0x00018000   Section      192  arm_startup_nrf51.o(RESET)
    .ARM.Collect$$$$00000000                 0x000180c0   Section        0  entry.o(.ARM.Collect$$$$00000000)
    .ARM.Collect$$$$00000001                 0x000180c0   Section        4  entry2.o(.ARM.Collect$$$$00000001)
    .ARM.Collect$$$$00000004                 0x000180c4   Section        4  entry5.o(.ARM.Collect$$$$00000004)
    .ARM.Collect$$$$00000008                 0x000180c8   Section        0  entry7b.o(.ARM.Collect$$$$00000008)
    .ARM.Collect$$$$0000000A                 0x000180c8   Section        0  entry8b.o(.ARM.Collect$$$$0000000A)
    .ARM.Collect$$$$0000000B                 0x000180c8   Section        8  entry9a.o(.ARM.Collect$$$$0000000B)
    .ARM.Collect$$$$0000000D                 0x000180d0   Section        0  entry10a.o(.ARM.Collect$$$$0000000D)
    .ARM.Collect$$$$0000000F                 0x000180d0   Section        0  entry11a.o(.ARM.Collect$$$$0000000F)
    .ARM.Collect$$$$00002712                 0x000180d0   Section        4  entry2.o(.ARM.Collect$$$$00002712)
    __lit__00000000                          0x000180d0   Data           4  entry2.o(.ARM.Collect$$$$00002712)
    .emb_text                                0x000180d4   Section       30  nrf_delay.o(.emb_text)
    .emb_text                                0x000180f4   Section       30  simple_uart.o(.emb_text)
    .emb_text                                0x00018114   Section       30  app_timer.o(.emb_text)
    .text                                    0x00018134   Section       56  arm_startup_nrf51.o(.text)
    .text                                    0x0001816c   Section        0  uidiv.o(.text)
    .text                                    0x00018198   Section        0  memcpya.o(.text)
    .text                                    0x000181bc   Section        0  memseta.o(.text)
    .text                                    0x000181e0   Section       36  init.o(.text)
    i.GPIOTE_IRQHandler                      0x00018204   Section        0  app_gpiote.o(i.GPIOTE_IRQHandler)
    i.NVIC_SetPriority                       0x000182bc   Section        0  app_timer.o(i.NVIC_SetPriority)
    NVIC_SetPriority                         0x000182bd   Thumb Code    60  app_timer.o(i.NVIC_SetPriority)
    i.RTC1_IRQHandler                        0x00018300   Section        0  app_timer.o(i.RTC1_IRQHandler)
    i.SWI0_IRQHandler                        0x00018320   Section        0  app_timer.o(i.SWI0_IRQHandler)
    i.SWI2_IRQHandler                        0x00018374   Section        0  softdevice_handler.o(i.SWI2_IRQHandler)
    i.SystemInit                             0x00018398   Section        0  system_nrf51.o(i.SystemInit)
    i.UART0_IRQHandler                       0x000183ec   Section        0  app_uart.o(i.UART0_IRQHandler)
    i.__ARM_common_switch8                   0x00018464   Section        0  app_uart.o(i.__ARM_common_switch8)
    i.__scatterload_copy                     0x0001847e   Section       14  handlers.o(i.__scatterload_copy)
    i.__scatterload_null                     0x0001848c   Section        2  handlers.o(i.__scatterload_null)
    i.__scatterload_zeroinit                 0x0001848e   Section       14  handlers.o(i.__scatterload_zeroinit)
    i.action_tx_stop                         0x0001849c   Section        0  app_uart.o(i.action_tx_stop)
    i.action_uart_deactivate                 0x000184c0   Section        0  app_uart.o(i.action_uart_deactivate)
    action_uart_deactivate                   0x000184c1   Thumb Code    20  app_uart.o(i.action_uart_deactivate)
    i.adv_data_encode                        0x000184e0   Section        0  ble_advdata.o(i.adv_data_encode)
    adv_data_encode                          0x000184e1   Thumb Code   360  ble_advdata.o(i.adv_data_encode)
    i.advertising_start                      0x00018648   Section        0  main.o(i.advertising_start)
    advertising_start                        0x00018649   Thumb Code    50  main.o(i.advertising_start)
    i.app_error_handler                      0x00018680   Section        0  app_error.o(i.app_error_handler)
    i.app_notify                             0x00018698   Section        0  pstorage.o(i.app_notify)
    app_notify                               0x00018699   Thumb Code    30  pstorage.o(i.app_notify)
    i.app_sched_event_get                    0x000186bc   Section        0  app_scheduler.o(i.app_sched_event_get)
    app_sched_event_get                      0x000186bd   Thumb Code    62  app_scheduler.o(i.app_sched_event_get)
    i.app_sched_execute                      0x00018700   Section        0  app_scheduler.o(i.app_sched_execute)
    i.app_sched_init                         0x00018720   Section        0  app_scheduler.o(i.app_sched_init)
    i.app_timer_create                       0x0001874c   Section        0  app_timer.o(i.app_timer_create)
    i.app_timer_init                         0x00018798   Section        0  app_timer.o(i.app_timer_init)
    i.app_timer_start                        0x0001884c   Section        0  app_timer.o(i.app_timer_start)
    i.app_timer_stop                         0x000188d0   Section        0  app_timer.o(i.app_timer_stop)
    i.application_timers_start               0x00018928   Section        0  main.o(i.application_timers_start)
    application_timers_start                 0x00018929   Thumb Code    30  main.o(i.application_timers_start)
    i.application_timers_stop                0x0001894c   Section        0  main.o(i.application_timers_stop)
    application_timers_stop                  0x0001894d   Thumb Code    24  main.o(i.application_timers_stop)
    i.battery_start                          0x00018968   Section        0  main.o(i.battery_start)
    i.ble_advdata_set                        0x000189dc   Section        0  ble_advdata.o(i.ble_advdata_set)
    i.ble_evt_dispatch                       0x00018a42   Section        0  main.o(i.ble_evt_dispatch)
    ble_evt_dispatch                         0x00018a43   Thumb Code     8  main.o(i.ble_evt_dispatch)
    i.ble_stack_init                         0x00018a4c   Section        0  main.o(i.ble_stack_init)
    ble_stack_init                           0x00018a4d   Thumb Code    90  main.o(i.ble_stack_init)
    i.char_hex                               0x00018ab4   Section        0  main.o(i.char_hex)
    i.char_notify                            0x00018ac4   Section        0  main.o(i.char_notify)
    char_notify                              0x00018ac5   Thumb Code   122  main.o(i.char_notify)
    i.cmd_process                            0x00018b54   Section        0  pstorage.o(i.cmd_process)
    cmd_process                              0x00018b55   Thumb Code   238  pstorage.o(i.cmd_process)
    i.cmd_queue_dequeue                      0x00018c4c   Section        0  pstorage.o(i.cmd_queue_dequeue)
    cmd_queue_dequeue                        0x00018c4d   Thumb Code    34  pstorage.o(i.cmd_queue_dequeue)
    i.cmd_queue_element_init                 0x00018c74   Section        0  pstorage.o(i.cmd_queue_element_init)
    cmd_queue_element_init                   0x00018c75   Thumb Code    26  pstorage.o(i.cmd_queue_element_init)
    i.cmd_queue_enqueue                      0x00018c94   Section        0  pstorage.o(i.cmd_queue_enqueue)
    cmd_queue_enqueue                        0x00018c95   Thumb Code    80  pstorage.o(i.cmd_queue_enqueue)
    i.compare_reg_update                     0x00018ce8   Section        0  app_timer.o(i.compare_reg_update)
    compare_reg_update                       0x00018ce9   Thumb Code   140  app_timer.o(i.compare_reg_update)
    i.conn_int_encode                        0x00018d8c   Section        0  ble_advdata.o(i.conn_int_encode)
    conn_int_encode                          0x00018d8d   Thumb Code   126  ble_advdata.o(i.conn_int_encode)
    i.connection_interval_timeout_handler    0x00018e10   Section        0  main.o(i.connection_interval_timeout_handler)
    connection_interval_timeout_handler      0x00018e11   Thumb Code     8  main.o(i.connection_interval_timeout_handler)
    i.elapsed_ticks_acquire                  0x00018e18   Section        0  app_timer.o(i.elapsed_ticks_acquire)
    elapsed_ticks_acquire                    0x00018e19   Thumb Code    58  app_timer.o(i.elapsed_ticks_acquire)
    i.example_cb_handler                     0x00018e58   Section        0  main.o(i.example_cb_handler)
    example_cb_handler                       0x00018e59   Thumb Code    16  main.o(i.example_cb_handler)
    i.expired_timers_handler                 0x00018e6c   Section        0  app_timer.o(i.expired_timers_handler)
    expired_timers_handler                   0x00018e6d   Thumb Code    82  app_timer.o(i.expired_timers_handler)
    i.gap_params_init                        0x00018ec4   Section        0  main.o(i.gap_params_init)
    gap_params_init                          0x00018ec5   Thumb Code   170  main.o(i.gap_params_init)
    i.intern_softdevice_events_execute       0x00018f74   Section        0  softdevice_handler.o(i.intern_softdevice_events_execute)
    i.is_manual_peripheral_setup_needed      0x00018ff4   Section        0  system_nrf51.o(i.is_manual_peripheral_setup_needed)
    is_manual_peripheral_setup_needed        0x00018ff5   Thumb Code    66  system_nrf51.o(i.is_manual_peripheral_setup_needed)
    i.is_word_aligned                        0x0001903c   Section        0  pstorage.o(i.is_word_aligned)
    is_word_aligned                          0x0001903d   Thumb Code    12  pstorage.o(i.is_word_aligned)
    i.list_deletions_handler                 0x00019048   Section        0  app_timer.o(i.list_deletions_handler)
    list_deletions_handler                   0x00019049   Thumb Code   144  app_timer.o(i.list_deletions_handler)
    i.list_insertions_handler                0x000190dc   Section        0  app_timer.o(i.list_insertions_handler)
    list_insertions_handler                  0x000190dd   Thumb Code   230  app_timer.o(i.list_insertions_handler)
    i.main                                   0x000191cc   Section        0  main.o(i.main)
    i.manuf_specific_data_encode             0x00019300   Section        0  ble_advdata.o(i.manuf_specific_data_encode)
    manuf_specific_data_encode               0x00019301   Thumb Code   100  ble_advdata.o(i.manuf_specific_data_encode)
    i.name_encode                            0x00019364   Section        0  ble_advdata.o(i.name_encode)
    name_encode                              0x00019365   Thumb Code   106  ble_advdata.o(i.name_encode)
    i.notif_timeout_handler                  0x000193d0   Section        0  main.o(i.notif_timeout_handler)
    notif_timeout_handler                    0x000193d1   Thumb Code    42  main.o(i.notif_timeout_handler)
    i.nrf_delay_ms                           0x00019400   Section        0  nrf_delay.o(i.nrf_delay_ms)
    i.nrf_gpio_pin_set                       0x0001941c   Section        0  spi_master.o(i.nrf_gpio_pin_set)
    nrf_gpio_pin_set                         0x0001941d   Thumb Code    10  spi_master.o(i.nrf_gpio_pin_set)
    i.on_ble_evt                             0x0001942c   Section        0  main.o(i.on_ble_evt)
    on_ble_evt                               0x0001942d   Thumb Code   316  main.o(i.on_ble_evt)
    i.on_uart_event                          0x00019574   Section        0  app_uart.o(i.on_uart_event)
    on_uart_event                            0x00019575   Thumb Code   114  app_uart.o(i.on_uart_event)
    i.on_write                               0x000195f4   Section        0  main.o(i.on_write)
    on_write                                 0x000195f5   Thumb Code   230  main.o(i.on_write)
    i.pstorage_access_status_get             0x000196e8   Section        0  pstorage.o(i.pstorage_access_status_get)
    i.pstorage_block_identifier_get          0x00019710   Section        0  pstorage.o(i.pstorage_block_identifier_get)
    i.pstorage_clear                         0x00019764   Section        0  pstorage.o(i.pstorage_clear)
    i.pstorage_flash_page_end                0x000197e0   Section        0  pstorage.o(i.pstorage_flash_page_end)
    pstorage_flash_page_end                  0x000197e1   Thumb Code    32  pstorage.o(i.pstorage_flash_page_end)
    i.pstorage_flash_page_size               0x00019804   Section        0  pstorage.o(i.pstorage_flash_page_size)
    pstorage_flash_page_size                 0x00019805   Thumb Code    10  pstorage.o(i.pstorage_flash_page_size)
    i.pstorage_init                          0x00019810   Section        0  pstorage.o(i.pstorage_init)
    i.pstorage_load                          0x00019890   Section        0  pstorage.o(i.pstorage_load)
    i.pstorage_register                      0x00019938   Section        0  pstorage.o(i.pstorage_register)
    i.pstorage_store                         0x00019a20   Section        0  pstorage.o(i.pstorage_store)
    i.pstorage_sys_event_handler             0x00019ab0   Section        0  pstorage.o(i.pstorage_sys_event_handler)
    i.rtc1_stop                              0x00019bd8   Section        0  app_timer.o(i.rtc1_stop)
    rtc1_stop                                0x00019bd9   Thumb Code    50  app_timer.o(i.rtc1_stop)
    i.s5tm_timeout_handler                   0x00019c1c   Section        0  main.o(i.s5tm_timeout_handler)
    s5tm_timeout_handler                     0x00019c1d   Thumb Code   318  main.o(i.s5tm_timeout_handler)
    i.sense_level_toggle                     0x00019d70   Section        0  app_gpiote.o(i.sense_level_toggle)
    sense_level_toggle                       0x00019d71   Thumb Code    64  app_gpiote.o(i.sense_level_toggle)
    i.service_add                            0x00019db4   Section        0  main.o(i.service_add)
    service_add                              0x00019db5   Thumb Code   396  main.o(i.service_add)
    i.service_data_encode                    0x00019f50   Section        0  ble_advdata.o(i.service_data_encode)
    service_data_encode                      0x00019f51   Thumb Code   124  ble_advdata.o(i.service_data_encode)
    i.simple_uart_config                     0x00019fcc   Section        0  simple_uart.o(i.simple_uart_config)
    i.simple_uart_get_with_timeout           0x0001a02c   Section        0  simple_uart.o(i.simple_uart_get_with_timeout)
    i.softdevice_assertion_handler           0x0001a06c   Section        0  softdevice_handler.o(i.softdevice_assertion_handler)
    i.softdevice_ble_evt_handler_set         0x0001a078   Section        0  softdevice_handler.o(i.softdevice_ble_evt_handler_set)
    i.softdevice_handler_init                0x0001a08c   Section        0  softdevice_handler.o(i.softdevice_handler_init)
    i.softdevice_sys_evt_handler_set         0x0001a0bc   Section        0  softdevice_handler.o(i.softdevice_sys_evt_handler_set)
    i.spi_master_init                        0x0001a0d0   Section        0  spi_master.o(i.spi_master_init)
    i.spi_master_tx_rx                       0x0001a174   Section        0  spi_master.o(i.spi_master_tx_rx)
    i.swap_state_process                     0x0001a1e8   Section        0  pstorage.o(i.swap_state_process)
    swap_state_process                       0x0001a1e9   Thumb Code   296  pstorage.o(i.swap_state_process)
    i.sys_evt_dispatch                       0x0001a314   Section        0  main.o(i.sys_evt_dispatch)
    sys_evt_dispatch                         0x0001a315   Thumb Code    34  main.o(i.sys_evt_dispatch)
    i.timecounter_handler                    0x0001a33c   Section        0  main.o(i.timecounter_handler)
    timecounter_handler                      0x0001a33d   Thumb Code    44  main.o(i.timecounter_handler)
    i.timer_list_handler_sched               0x0001a374   Section        0  app_timer.o(i.timer_list_handler_sched)
    timer_list_handler_sched                 0x0001a375   Thumb Code    10  app_timer.o(i.timer_list_handler_sched)
    i.timer_list_insert                      0x0001a384   Section        0  app_timer.o(i.timer_list_insert)
    timer_list_insert                        0x0001a385   Thumb Code    94  app_timer.o(i.timer_list_insert)
    i.timer_list_remove                      0x0001a3e8   Section        0  app_timer.o(i.timer_list_remove)
    timer_list_remove                        0x0001a3e9   Thumb Code   104  app_timer.o(i.timer_list_remove)
    i.timer_timeouts_check                   0x0001a458   Section        0  app_timer.o(i.timer_timeouts_check)
    timer_timeouts_check                     0x0001a459   Thumb Code   120  app_timer.o(i.timer_timeouts_check)
    i.timers_init                            0x0001a4d8   Section        0  main.o(i.timers_init)
    timers_init                              0x0001a4d9   Thumb Code   100  main.o(i.timers_init)
    i.uint16_encode                          0x0001a550   Section        0  ble_advdata.o(i.uint16_encode)
    uint16_encode                            0x0001a551   Thumb Code    10  ble_advdata.o(i.uint16_encode)
    i.user_id_get                            0x0001a55c   Section        0  app_timer.o(i.user_id_get)
    user_id_get                              0x0001a55d   Thumb Code    74  app_timer.o(i.user_id_get)
    i.user_op_alloc                          0x0001a5b0   Section        0  app_timer.o(i.user_op_alloc)
    user_op_alloc                            0x0001a5b1   Thumb Code    36  app_timer.o(i.user_op_alloc)
    i.uuid_list_encode                       0x0001a5d4   Section        0  ble_advdata.o(i.uuid_list_encode)
    uuid_list_encode                         0x0001a5d5   Thumb Code    38  ble_advdata.o(i.uuid_list_encode)
    i.uuid_list_sized_encode                 0x0001a5fa   Section        0  ble_advdata.o(i.uuid_list_sized_encode)
    uuid_list_sized_encode                   0x0001a5fb   Thumb Code   162  ble_advdata.o(i.uuid_list_sized_encode)
    .data                                    0x20002000   Section       90  main.o(.data)
    m_is_notifying_enabled                   0x20002000   Data           1  main.o(.data)
    flags                                    0x20002001   Data           1  main.o(.data)
    m_memory_access_in_progress              0x20002002   Data           1  main.o(.data)
    pstorage_wait_flag                       0x20002003   Data           1  main.o(.data)
    m_conn_handle                            0x20002004   Data           2  main.o(.data)
    Vtm_humi                                 0x20002006   Data           2  main.o(.data)
    Vtm_unknow                               0x20002008   Data           2  main.o(.data)
    Vtm_temp                                 0x2000200a   Data           2  main.o(.data)
    m_service_handle                         0x2000200c   Data           2  main.o(.data)
    timer_counter                            0x20002010   Data           4  main.o(.data)
    timer_shifting                           0x20002014   Data           4  main.o(.data)
    nrf_temp                                 0x20002018   Data           4  main.o(.data)
    pstorage_wait_handle                     0x2000201c   Data           4  main.o(.data)
    data_saved                               0x20002020   Data           4  main.o(.data)
    m_conn_int_timer_id                      0x20002024   Data           4  main.o(.data)
    m_notif_timer_id                         0x20002028   Data           4  main.o(.data)
    m_timecounter_id                         0x2000202c   Data           4  main.o(.data)
    flash_block_num                          0x20002030   Data           4  main.o(.data)
    flash_handle_last                        0x20002034   Data           8  main.o(.data)
    flash_base_handle                        0x2000203c   Data           8  main.o(.data)
    adv_name                                 0x20002044   Data          22  main.o(.data)
    .data                                    0x2000205c   Section        4  system_nrf51.o(.data)
    __tagsym$$used                           0x2000205c   Number         0  system_nrf51.o(.data)
    .data                                    0x20002060   Section       16  app_uart.o(.data)
    m_instance_counter                       0x20002060   Data           1  app_uart.o(.data)
    m_current_state                          0x20002061   Data           1  app_uart.o(.data)
    m_tx_byte                                0x20002062   Data           1  app_uart.o(.data)
    m_gpiote_uid                             0x20002063   Data           1  app_uart.o(.data)
    m_rx_byte                                0x20002064   Data           2  app_uart.o(.data)
    m_pin_cts_mask                           0x20002068   Data           4  app_uart.o(.data)
    m_event_handler                          0x2000206c   Data           4  app_uart.o(.data)
    .data                                    0x20002070   Section       12  pstorage.o(.data)
    m_module_initialized                     0x20002070   Data           1  pstorage.o(.data)
    m_swap_state                             0x20002071   Data           1  pstorage.o(.data)
    m_next_app_instance                      0x20002072   Data           2  pstorage.o(.data)
    m_round_val                              0x20002074   Data           2  pstorage.o(.data)
    m_next_page_addr                         0x20002078   Data           4  pstorage.o(.data)
    .data                                    0x2000207c   Section       12  app_gpiote.o(.data)
    m_user_array_size                        0x2000207c   Data           1  app_gpiote.o(.data)
    m_user_count                             0x2000207d   Data           1  app_gpiote.o(.data)
    mp_users                                 0x20002080   Data           4  app_gpiote.o(.data)
    m_enabled_users_mask                     0x20002084   Data           4  app_gpiote.o(.data)
    .data                                    0x20002088   Section       36  app_timer.o(.data)
    m_node_array_size                        0x20002088   Data           1  app_timer.o(.data)
    m_user_array_size                        0x20002089   Data           1  app_timer.o(.data)
    m_ticks_elapsed_q_read_ind               0x2000208a   Data           1  app_timer.o(.data)
    m_ticks_elapsed_q_write_ind              0x2000208b   Data           1  app_timer.o(.data)
    m_rtc1_running                           0x2000208c   Data           1  app_timer.o(.data)
    m_rtc1_reset                             0x2000208d   Data           1  app_timer.o(.data)
    mp_nodes                                 0x20002090   Data           4  app_timer.o(.data)
    mp_users                                 0x20002094   Data           4  app_timer.o(.data)
    m_timer_id_head                          0x20002098   Data           4  app_timer.o(.data)
    m_ticks_latest                           0x2000209c   Data           4  app_timer.o(.data)
    m_evt_schedule_func                      0x200020a0   Data           4  app_timer.o(.data)
    m_ticks_elapsed                          0x200020a4   Data           8  app_timer.o(.data)
    .data                                    0x200020ac   Section       16  app_scheduler.o(.data)
    m_queue_start_index                      0x200020ac   Data           1  app_scheduler.o(.data)
    m_queue_end_index                        0x200020ad   Data           1  app_scheduler.o(.data)
    m_queue_event_size                       0x200020ae   Data           2  app_scheduler.o(.data)
    m_queue_size                             0x200020b0   Data           2  app_scheduler.o(.data)
    m_queue_event_headers                    0x200020b4   Data           4  app_scheduler.o(.data)
    m_queue_event_data                       0x200020b8   Data           4  app_scheduler.o(.data)
    .data                                    0x200020bc   Section       20  softdevice_handler.o(.data)
    m_softdevice_enabled                     0x200020bc   Data           1  softdevice_handler.o(.data)
    m_ble_evt_buffer_size                    0x200020be   Data           2  softdevice_handler.o(.data)
    m_evt_schedule_func                      0x200020c0   Data           4  softdevice_handler.o(.data)
    m_evt_buffer                             0x200020c4   Data           4  softdevice_handler.o(.data)
    m_ble_evt_handler                        0x200020c8   Data           4  softdevice_handler.o(.data)
    m_sys_evt_handler                        0x200020cc   Data           4  softdevice_handler.o(.data)
    .bss                                     0x200020d0   Section     2268  main.o(.bss)
    APP_TIMER_BUF                            0x200020d0   Data         800  main.o(.bss)
    BLE_EVT_BUFFER                           0x200023f0   Data          72  main.o(.bss)
    APP_SCHED_BUF                            0x20002438   Data         176  main.o(.bss)
    m_bas                                    0x200024e8   Data          64  main.o(.bss)
    m_adv_params                             0x20002528   Data          24  main.o(.bss)
    m_addl_adv_manuf_data                    0x20002540   Data          24  main.o(.bss)
    flash_page_data                          0x20002558   Data        1040  main.o(.bss)
    advdata                                  0x20002968   Data          56  main.o(.bss)
    manuf_data                               0x200029a0   Data          12  main.o(.bss)
    .bss                                     0x200029ac   Section     3564  pstorage.o(.bss)
    m_cmd_queue                              0x200029ac   Data         204  pstorage.o(.bss)
    m_app_table                              0x20002a78   Data        3360  pstorage.o(.bss)
    STACK                                    0x20003798   Section     2048  arm_startup_nrf51.o(STACK)

    Global Symbols

    Symbol Name                              Value     Ov Type        Size  Object(Section)

    BuildAttributes$$THM_ISAv3M$S$PE$A:L22$X:L11$S22$IEEE1$IW$USESV6$~STKCKD$USESV7$~SHL$OSPACE$EBA8$MICROLIB$REQ8$PRES8$EABIv2 0x00000000   Number         0  anon$$obj.o ABSOLUTE
    __ARM_use_no_argv                        0x00000000   Number         0  main.o ABSOLUTE
    __cpp_initialize__aeabi_                  - Undefined Weak Reference
    __cxa_finalize                            - Undefined Weak Reference
    __decompress                              - Undefined Weak Reference
    _clock_init                               - Undefined Weak Reference
    _microlib_exit                            - Undefined Weak Reference
    __Vectors_Size                           0x000000c0   Number         0  arm_startup_nrf51.o ABSOLUTE
    __Vectors                                0x00018000   Data           4  arm_startup_nrf51.o(RESET)
    __Vectors_End                            0x000180c0   Data           0  arm_startup_nrf51.o(RESET)
    __main                                   0x000180c1   Thumb Code     0  entry.o(.ARM.Collect$$$$00000000)
    _main_stk                                0x000180c1   Thumb Code     0  entry2.o(.ARM.Collect$$$$00000001)
    _main_scatterload                        0x000180c5   Thumb Code     0  entry5.o(.ARM.Collect$$$$00000004)
    __main_after_scatterload                 0x000180c9   Thumb Code     0  entry5.o(.ARM.Collect$$$$00000004)
    _main_clock                              0x000180c9   Thumb Code     0  entry7b.o(.ARM.Collect$$$$00000008)
    _main_cpp_init                           0x000180c9   Thumb Code     0  entry8b.o(.ARM.Collect$$$$0000000A)
    _main_init                               0x000180c9   Thumb Code     0  entry9a.o(.ARM.Collect$$$$0000000B)
    __rt_final_cpp                           0x000180d1   Thumb Code     0  entry10a.o(.ARM.Collect$$$$0000000D)
    __rt_final_exit                          0x000180d1   Thumb Code     0  entry11a.o(.ARM.Collect$$$$0000000F)
    __asm___11_nrf_delay_c_532987f3__nrf_delay_us 0x000180d5   Thumb Code    30  nrf_delay.o(.emb_text)
    __asm___13_simple_uart_c_5dda6715__nrf_delay_us 0x000180f5   Thumb Code    30  simple_uart.o(.emb_text)
    __asm___11_app_timer_c_cd27f9c3__nrf_delay_us 0x00018115   Thumb Code    30  app_timer.o(.emb_text)
    Reset_Handler                            0x00018135   Thumb Code    26  arm_startup_nrf51.o(.text)
    NMI_Handler                              0x0001814f   Thumb Code     2  arm_startup_nrf51.o(.text)
    HardFault_Handler                        0x00018151   Thumb Code     2  arm_startup_nrf51.o(.text)
    SVC_Handler                              0x00018153   Thumb Code     2  arm_startup_nrf51.o(.text)
    PendSV_Handler                           0x00018155   Thumb Code     2  arm_startup_nrf51.o(.text)
    SysTick_Handler                          0x00018157   Thumb Code     2  arm_startup_nrf51.o(.text)
    ADC_IRQHandler                           0x00018159   Thumb Code     0  arm_startup_nrf51.o(.text)
    CCM_AAR_IRQHandler                       0x00018159   Thumb Code     0  arm_startup_nrf51.o(.text)
    ECB_IRQHandler                           0x00018159   Thumb Code     0  arm_startup_nrf51.o(.text)
    LPCOMP_IRQHandler                        0x00018159   Thumb Code     0  arm_startup_nrf51.o(.text)
    POWER_CLOCK_IRQHandler                   0x00018159   Thumb Code     0  arm_startup_nrf51.o(.text)
    QDEC_IRQHandler                          0x00018159   Thumb Code     0  arm_startup_nrf51.o(.text)
    RADIO_IRQHandler                         0x00018159   Thumb Code     0  arm_startup_nrf51.o(.text)
    RNG_IRQHandler                           0x00018159   Thumb Code     0  arm_startup_nrf51.o(.text)
    RTC0_IRQHandler                          0x00018159   Thumb Code     0  arm_startup_nrf51.o(.text)
    SPI0_TWI0_IRQHandler                     0x00018159   Thumb Code     0  arm_startup_nrf51.o(.text)
    SPI1_TWI1_IRQHandler                     0x00018159   Thumb Code     0  arm_startup_nrf51.o(.text)
    SWI1_IRQHandler                          0x00018159   Thumb Code     0  arm_startup_nrf51.o(.text)
    SWI3_IRQHandler                          0x00018159   Thumb Code     0  arm_startup_nrf51.o(.text)
    SWI4_IRQHandler                          0x00018159   Thumb Code     0  arm_startup_nrf51.o(.text)
    SWI5_IRQHandler                          0x00018159   Thumb Code     0  arm_startup_nrf51.o(.text)
    TEMP_IRQHandler                          0x00018159   Thumb Code     0  arm_startup_nrf51.o(.text)
    TIMER0_IRQHandler                        0x00018159   Thumb Code     0  arm_startup_nrf51.o(.text)
    TIMER1_IRQHandler                        0x00018159   Thumb Code     0  arm_startup_nrf51.o(.text)
    TIMER2_IRQHandler                        0x00018159   Thumb Code     0  arm_startup_nrf51.o(.text)
    WDT_IRQHandler                           0x00018159   Thumb Code     0  arm_startup_nrf51.o(.text)
    __aeabi_uidiv                            0x0001816d   Thumb Code     0  uidiv.o(.text)
    __aeabi_uidivmod                         0x0001816d   Thumb Code    44  uidiv.o(.text)
    __aeabi_memcpy                           0x00018199   Thumb Code    36  memcpya.o(.text)
    __aeabi_memcpy4                          0x00018199   Thumb Code     0  memcpya.o(.text)
    __aeabi_memcpy8                          0x00018199   Thumb Code     0  memcpya.o(.text)
    __aeabi_memset                           0x000181bd   Thumb Code    14  memseta.o(.text)
    __aeabi_memset4                          0x000181bd   Thumb Code     0  memseta.o(.text)
    __aeabi_memset8                          0x000181bd   Thumb Code     0  memseta.o(.text)
    __aeabi_memclr                           0x000181cb   Thumb Code     4  memseta.o(.text)
    __aeabi_memclr4                          0x000181cb   Thumb Code     0  memseta.o(.text)
    __aeabi_memclr8                          0x000181cb   Thumb Code     0  memseta.o(.text)
    _memset$wrapper                          0x000181cf   Thumb Code    18  memseta.o(.text)
    __scatterload                            0x000181e1   Thumb Code    28  init.o(.text)
    __scatterload_rt2                        0x000181e1   Thumb Code     0  init.o(.text)
    GPIOTE_IRQHandler                        0x00018205   Thumb Code   170  app_gpiote.o(i.GPIOTE_IRQHandler)
    RTC1_IRQHandler                          0x00018301   Thumb Code    28  app_timer.o(i.RTC1_IRQHandler)
    SWI0_IRQHandler                          0x00018321   Thumb Code    78  app_timer.o(i.SWI0_IRQHandler)
    SWI2_IRQHandler                          0x00018375   Thumb Code    32  softdevice_handler.o(i.SWI2_IRQHandler)
    SystemInit                               0x00018399   Thumb Code    64  system_nrf51.o(i.SystemInit)
    UART0_IRQHandler                         0x000183ed   Thumb Code   104  app_uart.o(i.UART0_IRQHandler)
    __ARM_common_switch8                     0x00018465   Thumb Code    26  app_uart.o(i.__ARM_common_switch8)
    __scatterload_copy                       0x0001847f   Thumb Code    14  handlers.o(i.__scatterload_copy)
    __scatterload_null                       0x0001848d   Thumb Code     2  handlers.o(i.__scatterload_null)
    __scatterload_zeroinit                   0x0001848f   Thumb Code    14  handlers.o(i.__scatterload_zeroinit)
    action_tx_stop                           0x0001849d   Thumb Code    26  app_uart.o(i.action_tx_stop)
    app_error_handler                        0x00018681   Thumb Code    16  app_error.o(i.app_error_handler)
    app_sched_execute                        0x00018701   Thumb Code    30  app_scheduler.o(i.app_sched_execute)
    app_sched_init                           0x00018721   Thumb Code    40  app_scheduler.o(i.app_sched_init)
    app_timer_create                         0x0001874d   Thumb Code    72  app_timer.o(i.app_timer_create)
    app_timer_init                           0x00018799   Thumb Code   164  app_timer.o(i.app_timer_init)
    app_timer_start                          0x0001884d   Thumb Code   122  app_timer.o(i.app_timer_start)
    app_timer_stop                           0x000188d1   Thumb Code    82  app_timer.o(i.app_timer_stop)
    battery_start                            0x00018969   Thumb Code    94  main.o(i.battery_start)
    ble_advdata_set                          0x000189dd   Thumb Code   102  ble_advdata.o(i.ble_advdata_set)
    char_hex                                 0x00018ab5   Thumb Code    16  main.o(i.char_hex)
    intern_softdevice_events_execute         0x00018f75   Thumb Code   124  softdevice_handler.o(i.intern_softdevice_events_execute)
    main                                     0x000191cd   Thumb Code   268  main.o(i.main)
    nrf_delay_ms                             0x00019401   Thumb Code    24  nrf_delay.o(i.nrf_delay_ms)
    pstorage_access_status_get               0x000196e9   Thumb Code    30  pstorage.o(i.pstorage_access_status_get)
    pstorage_block_identifier_get            0x00019711   Thumb Code    76  pstorage.o(i.pstorage_block_identifier_get)
    pstorage_clear                           0x00019765   Thumb Code   116  pstorage.o(i.pstorage_clear)
    pstorage_init                            0x00019811   Thumb Code   118  pstorage.o(i.pstorage_init)
    pstorage_load                            0x00019891   Thumb Code   158  pstorage.o(i.pstorage_load)
    pstorage_register                        0x00019939   Thumb Code   224  pstorage.o(i.pstorage_register)
    pstorage_store                           0x00019a21   Thumb Code   136  pstorage.o(i.pstorage_store)
    pstorage_sys_event_handler               0x00019ab1   Thumb Code   288  pstorage.o(i.pstorage_sys_event_handler)
    simple_uart_config                       0x00019fcd   Thumb Code    76  simple_uart.o(i.simple_uart_config)
    simple_uart_get_with_timeout             0x0001a02d   Thumb Code    56  simple_uart.o(i.simple_uart_get_with_timeout)
    softdevice_assertion_handler             0x0001a06d   Thumb Code    12  softdevice_handler.o(i.softdevice_assertion_handler)
    softdevice_ble_evt_handler_set           0x0001a079   Thumb Code    16  softdevice_handler.o(i.softdevice_ble_evt_handler_set)
    softdevice_handler_init                  0x0001a08d   Thumb Code    40  softdevice_handler.o(i.softdevice_handler_init)
    softdevice_sys_evt_handler_set           0x0001a0bd   Thumb Code    16  softdevice_handler.o(i.softdevice_sys_evt_handler_set)
    spi_master_init                          0x0001a0d1   Thumb Code   144  spi_master.o(i.spi_master_init)
    spi_master_tx_rx                         0x0001a175   Thumb Code   108  spi_master.o(i.spi_master_tx_rx)
    Region$$Table$$Base                      0x0001a69c   Number         0  anon$$obj.o(Region$$Table)
    Region$$Table$$Limit                     0x0001a6bc   Number         0  anon$$obj.o(Region$$Table)
    batt_lvl_in_milli_volts                  0x2000200e   Data           2  main.o(.data)
    SystemCoreClock                          0x2000205c   Data           4  system_nrf51.o(.data)
    __initial_sp                             0x20003f98   Data           0  arm_startup_nrf51.o(STACK)



==============================================================================

Memory Map of the image

  Image Entry point : 0x000180c1

  Load Region LR_IROM1 (Base: 0x00018000, Size: 0x0000278c, Max: 0x00028000, ABSOLUTE)

    Execution Region ER_IROM1 (Base: 0x00018000, Size: 0x000026bc, Max: 0x00028000, ABSOLUTE)

    Base Addr    Size         Type   Attr      Idx    E Section Name        Object

    0x00018000   0x000000c0   Data   RO          330    RESET               arm_startup_nrf51.o
    0x000180c0   0x00000000   Code   RO         1214  * .ARM.Collect$$$$00000000  mc_p.l(entry.o)
    0x000180c0   0x00000004   Code   RO         1227    .ARM.Collect$$$$00000001  mc_p.l(entry2.o)
    0x000180c4   0x00000004   Code   RO         1230    .ARM.Collect$$$$00000004  mc_p.l(entry5.o)
    0x000180c8   0x00000000   Code   RO         1232    .ARM.Collect$$$$00000008  mc_p.l(entry7b.o)
    0x000180c8   0x00000000   Code   RO         1234    .ARM.Collect$$$$0000000A  mc_p.l(entry8b.o)
    0x000180c8   0x00000008   Code   RO         1235    .ARM.Collect$$$$0000000B  mc_p.l(entry9a.o)
    0x000180d0   0x00000000   Code   RO         1237    .ARM.Collect$$$$0000000D  mc_p.l(entry10a.o)
    0x000180d0   0x00000000   Code   RO         1239    .ARM.Collect$$$$0000000F  mc_p.l(entry11a.o)
    0x000180d0   0x00000004   Code   RO         1228    .ARM.Collect$$$$00002712  mc_p.l(entry2.o)
    0x000180d4   0x0000001e   Code   RO          514    .emb_text           nrf_delay.o
    0x000180f2   0x00000002   PAD
    0x000180f4   0x0000001e   Code   RO          772    .emb_text           simple_uart.o
    0x00018112   0x00000002   PAD
    0x00018114   0x0000001e   Code   RO          953    .emb_text           app_timer.o
    0x00018132   0x00000002   PAD
    0x00018134   0x00000038   Code   RO          331    .text               arm_startup_nrf51.o
    0x0001816c   0x0000002c   Code   RO         1217    .text               mc_p.l(uidiv.o)
    0x00018198   0x00000024   Code   RO         1219    .text               mc_p.l(memcpya.o)
    0x000181bc   0x00000024   Code   RO         1221    .text               mc_p.l(memseta.o)
    0x000181e0   0x00000024   Code   RO         1241    .text               mc_p.l(init.o)
    0x00018204   0x000000b8   Code   RO          885    i.GPIOTE_IRQHandler  app_gpiote.o
    0x000182bc   0x00000044   Code   RO          954    i.NVIC_SetPriority  app_timer.o
    0x00018300   0x00000020   Code   RO          955    i.RTC1_IRQHandler   app_timer.o
    0x00018320   0x00000054   Code   RO          956    i.SWI0_IRQHandler   app_timer.o
    0x00018374   0x00000024   Code   RO         1158    i.SWI2_IRQHandler   softdevice_handler.o
    0x00018398   0x00000054   Code   RO          338    i.SystemInit        system_nrf51.o
    0x000183ec   0x00000078   Code   RO          545    i.UART0_IRQHandler  app_uart.o
    0x00018464   0x0000001a   Code   RO          618    i.__ARM_common_switch8  app_uart.o
    0x0001847e   0x0000000e   Code   RO         1245    i.__scatterload_copy  mc_p.l(handlers.o)
    0x0001848c   0x00000002   Code   RO         1246    i.__scatterload_null  mc_p.l(handlers.o)
    0x0001848e   0x0000000e   Code   RO         1247    i.__scatterload_zeroinit  mc_p.l(handlers.o)
    0x0001849c   0x00000024   Code   RO          546    i.action_tx_stop    app_uart.o
    0x000184c0   0x00000020   Code   RO          547    i.action_uart_deactivate  app_uart.o
    0x000184e0   0x00000168   Code   RO          396    i.adv_data_encode   ble_advdata.o
    0x00018648   0x00000038   Code   RO            4    i.advertising_start  main.o
    0x00018680   0x00000018   Code   RO          826    i.app_error_handler  app_error.o
    0x00018698   0x00000024   Code   RO          641    i.app_notify        pstorage.o
    0x000186bc   0x00000044   Code   RO         1116    i.app_sched_event_get  app_scheduler.o
    0x00018700   0x0000001e   Code   RO         1118    i.app_sched_execute  app_scheduler.o
    0x0001871e   0x00000002   PAD
    0x00018720   0x0000002c   Code   RO         1119    i.app_sched_init    app_scheduler.o
    0x0001874c   0x0000004c   Code   RO          959    i.app_timer_create  app_timer.o
    0x00018798   0x000000b4   Code   RO          960    i.app_timer_init    app_timer.o
    0x0001884c   0x00000084   Code   RO          961    i.app_timer_start   app_timer.o
    0x000188d0   0x00000058   Code   RO          962    i.app_timer_stop    app_timer.o
    0x00018928   0x00000024   Code   RO            5    i.application_timers_start  main.o
    0x0001894c   0x0000001c   Code   RO            6    i.application_timers_stop  main.o
    0x00018968   0x00000074   Code   RO            8    i.battery_start     main.o
    0x000189dc   0x00000066   Code   RO          397    i.ble_advdata_set   ble_advdata.o
    0x00018a42   0x00000008   Code   RO            9    i.ble_evt_dispatch  main.o
    0x00018a4a   0x00000002   PAD
    0x00018a4c   0x00000068   Code   RO           10    i.ble_stack_init    main.o
    0x00018ab4   0x00000010   Code   RO           11    i.char_hex          main.o
    0x00018ac4   0x00000090   Code   RO           12    i.char_notify       main.o
    0x00018b54   0x000000f8   Code   RO          642    i.cmd_process       pstorage.o
    0x00018c4c   0x00000028   Code   RO          643    i.cmd_queue_dequeue  pstorage.o
    0x00018c74   0x00000020   Code   RO          644    i.cmd_queue_element_init  pstorage.o
    0x00018c94   0x00000054   Code   RO          645    i.cmd_queue_enqueue  pstorage.o
    0x00018ce8   0x000000a4   Code   RO          964    i.compare_reg_update  app_timer.o
    0x00018d8c   0x00000084   Code   RO          398    i.conn_int_encode   ble_advdata.o
    0x00018e10   0x00000008   Code   RO           13    i.connection_interval_timeout_handler  main.o
    0x00018e18   0x00000040   Code   RO          965    i.elapsed_ticks_acquire  app_timer.o
    0x00018e58   0x00000014   Code   RO           14    i.example_cb_handler  main.o
    0x00018e6c   0x00000058   Code   RO          966    i.expired_timers_handler  app_timer.o
    0x00018ec4   0x000000b0   Code   RO           15    i.gap_params_init   main.o
    0x00018f74   0x00000080   Code   RO         1159    i.intern_softdevice_events_execute  softdevice_handler.o
    0x00018ff4   0x00000048   Code   RO          339    i.is_manual_peripheral_setup_needed  system_nrf51.o
    0x0001903c   0x0000000c   Code   RO          646    i.is_word_aligned   pstorage.o
    0x00019048   0x00000094   Code   RO          967    i.list_deletions_handler  app_timer.o
    0x000190dc   0x000000f0   Code   RO          968    i.list_insertions_handler  app_timer.o
    0x000191cc   0x00000134   Code   RO           16    i.main              main.o
    0x00019300   0x00000064   Code   RO          399    i.manuf_specific_data_encode  ble_advdata.o
    0x00019364   0x0000006a   Code   RO          400    i.name_encode       ble_advdata.o
    0x000193ce   0x00000002   PAD
    0x000193d0   0x00000030   Code   RO           17    i.notif_timeout_handler  main.o
    0x00019400   0x0000001c   Code   RO          515    i.nrf_delay_ms      nrf_delay.o
    0x0001941c   0x00000010   Code   RO          287    i.nrf_gpio_pin_set  spi_master.o
    0x0001942c   0x00000148   Code   RO           18    i.on_ble_evt        main.o
    0x00019574   0x00000080   Code   RO          555    i.on_uart_event     app_uart.o
    0x000195f4   0x000000f4   Code   RO           19    i.on_write          main.o
    0x000196e8   0x00000028   Code   RO          647    i.pstorage_access_status_get  pstorage.o
    0x00019710   0x00000054   Code   RO          648    i.pstorage_block_identifier_get  pstorage.o
    0x00019764   0x0000007c   Code   RO          649    i.pstorage_clear    pstorage.o
    0x000197e0   0x00000024   Code   RO          650    i.pstorage_flash_page_end  pstorage.o
    0x00019804   0x0000000a   Code   RO          651    i.pstorage_flash_page_size  pstorage.o
    0x0001980e   0x00000002   PAD
    0x00019810   0x00000080   Code   RO          652    i.pstorage_init     pstorage.o
    0x00019890   0x000000a8   Code   RO          653    i.pstorage_load     pstorage.o
    0x00019938   0x000000e8   Code   RO          654    i.pstorage_register  pstorage.o
    0x00019a20   0x00000090   Code   RO          655    i.pstorage_store    pstorage.o
    0x00019ab0   0x00000128   Code   RO          656    i.pstorage_sys_event_handler  pstorage.o
    0x00019bd8   0x00000044   Code   RO          969    i.rtc1_stop         app_timer.o
    0x00019c1c   0x00000154   Code   RO           20    i.s5tm_timeout_handler  main.o
    0x00019d70   0x00000044   Code   RO          892    i.sense_level_toggle  app_gpiote.o
    0x00019db4   0x0000019c   Code   RO           21    i.service_add       main.o
    0x00019f50   0x0000007c   Code   RO          401    i.service_data_encode  ble_advdata.o
    0x00019fcc   0x00000060   Code   RO          773    i.simple_uart_config  simple_uart.o
    0x0001a02c   0x00000040   Code   RO          775    i.simple_uart_get_with_timeout  simple_uart.o
    0x0001a06c   0x0000000c   Code   RO         1160    i.softdevice_assertion_handler  softdevice_handler.o
    0x0001a078   0x00000014   Code   RO         1161    i.softdevice_ble_evt_handler_set  softdevice_handler.o
    0x0001a08c   0x00000030   Code   RO         1162    i.softdevice_handler_init  softdevice_handler.o
    0x0001a0bc   0x00000014   Code   RO         1164    i.softdevice_sys_evt_handler_set  softdevice_handler.o
    0x0001a0d0   0x000000a4   Code   RO          288    i.spi_master_init   spi_master.o
    0x0001a174   0x00000074   Code   RO          289    i.spi_master_tx_rx  spi_master.o
    0x0001a1e8   0x0000012c   Code   RO          658    i.swap_state_process  pstorage.o
    0x0001a314   0x00000028   Code   RO           22    i.sys_evt_dispatch  main.o
    0x0001a33c   0x00000038   Code   RO           23    i.timecounter_handler  main.o
    0x0001a374   0x00000010   Code   RO          970    i.timer_list_handler_sched  app_timer.o
    0x0001a384   0x00000064   Code   RO          971    i.timer_list_insert  app_timer.o
    0x0001a3e8   0x00000070   Code   RO          972    i.timer_list_remove  app_timer.o
    0x0001a458   0x00000080   Code   RO          973    i.timer_timeouts_check  app_timer.o
    0x0001a4d8   0x00000078   Code   RO           24    i.timers_init       main.o
    0x0001a550   0x0000000a   Code   RO          402    i.uint16_encode     ble_advdata.o
    0x0001a55a   0x00000002   PAD
    0x0001a55c   0x00000054   Code   RO          974    i.user_id_get       app_timer.o
    0x0001a5b0   0x00000024   Code   RO          975    i.user_op_alloc     app_timer.o
    0x0001a5d4   0x00000026   Code   RO          403    i.uuid_list_encode  ble_advdata.o
    0x0001a5fa   0x000000a2   Code   RO          404    i.uuid_list_sized_encode  ble_advdata.o
    0x0001a69c   0x00000020   Data   RO         1243    Region$$Table       anon$$obj.o


    Execution Region RW_IRAM1 (Base: 0x20002000, Size: 0x00001f98, Max: 0x00002000, ABSOLUTE)

    Base Addr    Size         Type   Attr      Idx    E Section Name        Object

    0x20002000   0x0000005a   Data   RW           26    .data               main.o
    0x2000205a   0x00000002   PAD
    0x2000205c   0x00000004   Data   RW          340    .data               system_nrf51.o
    0x20002060   0x00000010   Data   RW          556    .data               app_uart.o
    0x20002070   0x0000000c   Data   RW          660    .data               pstorage.o
    0x2000207c   0x0000000c   Data   RW          893    .data               app_gpiote.o
    0x20002088   0x00000024   Data   RW          976    .data               app_timer.o
    0x200020ac   0x00000010   Data   RW         1120    .data               app_scheduler.o
    0x200020bc   0x00000014   Data   RW         1165    .data               softdevice_handler.o
    0x200020d0   0x000008dc   Zero   RW           25    .bss                main.o
    0x200029ac   0x00000dec   Zero   RW          659    .bss                pstorage.o
    0x20003798   0x00000800   Zero   RW          328    STACK               arm_startup_nrf51.o


==============================================================================

Image component sizes


      Code (inc. data)   RO Data    RW Data    ZI Data      Debug   Object Name

        24          8          0          0          0       6868   app_error.o
       252         18          0         12          0       3864   app_gpiote.o
       142         10          0         16          0       3661   app_scheduler.o
      1938        160          0         36          0      28643   app_timer.o
       342         60          0         16          0       6180   app_uart.o
        56         18        192          0       2048        660   arm_startup_nrf51.o
      1134          6          0          0          0      11278   ble_advdata.o
      2608        232          0         90       2268      89492   main.o
        58          4          0          0          0       1587   nrf_delay.o
      2014        120          0         12       3564      18272   pstorage.o
       190         28          0          0          0       4874   simple_uart.o
       264         24          0         20          0       5432   softdevice_handler.o
       296         34          0          0          0       5037   spi_master.o
       156         26          0          4          0       1951   system_nrf51.o

    ----------------------------------------------------------------------
      9490        748        224        208       7880     187799   Object Totals
         0          0         32          0          0          0   (incl. Generated)
        16          0          0          2          0          0   (incl. Padding)

    ----------------------------------------------------------------------

      Code (inc. data)   RO Data    RW Data    ZI Data      Debug   Library Member Name

         0          0          0          0          0          0   entry.o
         0          0          0          0          0          0   entry10a.o
         0          0          0          0          0          0   entry11a.o
         8          4          0          0          0          0   entry2.o
         4          0          0          0          0          0   entry5.o
         0          0          0          0          0          0   entry7b.o
         0          0          0          0          0          0   entry8b.o
         8          4          0          0          0          0   entry9a.o
        30          0          0          0          0          0   handlers.o
        36          8          0          0          0         68   init.o
        36          0          0          0          0         60   memcpya.o
        36          0          0          0          0        100   memseta.o
        44          0          0          0          0         72   uidiv.o

    ----------------------------------------------------------------------
       202         16          0          0          0        300   Library Totals
         0          0          0          0          0          0   (incl. Padding)

    ----------------------------------------------------------------------

      Code (inc. data)   RO Data    RW Data    ZI Data      Debug   Library Name

       202         16          0          0          0        300   mc_p.l

    ----------------------------------------------------------------------
       202         16          0          0          0        300   Library Totals

    ----------------------------------------------------------------------

==============================================================================


      Code (inc. data)   RO Data    RW Data    ZI Data      Debug   

      9692        764        224        208       7880     184179   Grand Totals
      9692        764        224        208       7880     184179   ELF Image Totals
      9692        764        224        208          0          0   ROM Totals

==============================================================================

    Total RO  Size (Code + RO Data)                 9916 (   9.68kB)
    Total RW  Size (RW Data + ZI Data)              8088 (   7.90kB)
    Total ROM Size (Code + RO Data + RW Data)      10124 (   9.89kB)

==============================================================================

