<html>
<body>
<pre>
<h1>µVision Build Log</h1>
<h2>Project:</h2>
C:\Users\Yelun\Documents\GitHub\NRF51822_Datelog\pca10028\s110\arm5\ble_app_pwr_profiling_s110_pca10028.uvprojx
Project File Date:  03/18/2015

<h2>Output:</h2>
Build target 'nrf51822_5TM_s110'
compiling main.c...
..\..\..\main.c(324): warning:  #177-D: variable "flash_handle" was declared but never referenced
                                pstorage_handle_t flash_handle;
..\..\..\main.c(362): warning:  #177-D: variable "gap_conn_params" was declared but never referenced
      ble_gap_conn_params_t   gap_conn_params;
..\..\..\main.c(545): warning:  #223-D: function "ble_conn_params_stop" declared implicitly
      err_code = ble_conn_params_stop();
..\..\..\main.c(557): warning:  #550-D: variable "body_sensor_location" was set but never used
      uint8_t        body_sensor_location;
..\..\..\main.c(686): warning:  #177-D: variable "len" was declared but never referenced
                uint16_t len = 4;
..\..\..\main.c(696): warning:  #177-D: variable "rx_count" was declared but never referenced
                                uint8_t cr,rx_count=10;
..\..\..\main.c(885): warning:  #177-D: variable "err_code" was declared but never referenced
                uint32_t err_code;
..\..\..\main.c(916): warning:  #546-D: transfer of control bypasses initialization of:
            variable "len" (declared at line 936)
      switch (p_ble_evt->header.evt_id)
      ^
..\..\..\main.c(59): warning:  #177-D: variable "m_storage_handle" was declared but never referenced
  static pstorage_handle_t      m_storage_handle;                                     /**< Persistent storage handle for blocks requested by the module. */
..\..\..\main.c(148): warning:  #177-D: variable "m_base_uuid128" was declared but never referenced
  static const ble_uuid128_t m_base_uuid128 =
..\..\..\main.c(166): warning:  #177-D: variable "m_s5tm_timer_id" was declared but never referenced
  static app_timer_id_t           m_s5tm_timer_id;  
..\..\..\main.c(173): warning:  #177-D: variable "spi_flash_pages" was declared but never referenced
  static uint16_t spi_flash_pages = 0;
..\..\..\main.c(174): warning:  #177-D: variable "spi_flash_pages_count" was declared but never referenced
  static uint16_t spi_flash_pages_count = 0;
..\..\..\main.c(201): warning:  #550-D: variable "pstorage_wait_flag" was set but never used
  static uint8_t pstorage_wait_flag = 0;
..\..\..\main.c(404): warning:  #177-D: function "advertising_data_init" was declared but never referenced
  static void advertising_data_init(void)
..\..\..\main.c(437): warning:  #177-D: function "char_add" was declared but never referenced
  static void char_add(const uint8_t uuid_type)
..\..\..\main.c(1084): warning:  #177-D: function "dm_pstorage_cb_handler" was declared but never referenced
  static void dm_pstorage_cb_handler(pstorage_handle_t * p_handle,
..\..\..\main.c: 17 warnings, 0 errors
linking...
Program Size: Code=18252 RO-data=248 RW-data=272 ZI-data=6584  
FromELF: creating hex file...
".\_build\nrf51422_xxac_s110.axf" - 0 Error(s), 17 Warning(s).

<h2>Software Packages used:</h2>

Package Vendor: ARM
                http://www.keil.com/pack/ARM.CMSIS.3.20.4.pack
                ARM::CMSIS:CORE:3.20.0
                Cortex Microcontroller Software Interface Standard (CMSIS) CORE, DSP, RTOS, Driver
   * Component: CORE Version: 3.20.0

Package Vendor: NordicSemiconductor
                http://developer.nordicsemi.com/nRF51_SDK/pieces/nRF_BLE/NordicSemiconductor.nRF_BLE.1.1.0.pack
                NordicSemiconductor::nRF_BLE:BLE_Services:ble_dfu:1.1.0
                Bluetooth Low Energy (Bluetooth Smart) services and software modules for Nordic Semiconductor nRF family.
   * Component: ble_dfu Version: 1.1.0
   * Component: ble_advdata Version: 1.1.0
   * Component: ble_conn_params Version: 1.1.0
   * Component: ble_service_common Version: 1.1.0
   * Component: ble_hrs Version: 1.1.0
   * Component: device_manager Variant: Peripheral Version: 1.1.0
   * Component: ble_common Version: 1.1.0

Package Vendor: NordicSemiconductor
                http://developer.nordicsemi.com/nRF51_SDK/pieces/nRF_DeviceFamilyPack/NordicSemiconductor.nRF_DeviceFamilyPack.1.1.4.pack
                NordicSemiconductor::Device:Startup:1.0.1
                Nordic Semiconductor nRF ARM devices Device Family Pack.
   * Component: Startup Version: 1.0.1

Package Vendor: NordicSemiconductor
                http://developer.nordicsemi.com/nRF51_SDK/pieces/nRF_Drivers/NordicSemiconductor.nRF_Drivers.1.2.0.pack
                NordicSemiconductor::nRF_Drivers:nrf_gpio:1.2.0
                Drivers for Nordic Semiconductor nRF family.
   * Component: nrf_gpio Version: 1.2.0
   * Component: nrf_delay Version: 1.2.0
   * Component: nrf_error Variant: default Version: 1.2.0
   * Component: simple_uart Version: 1.2.0
   * Component: nrf_temp Version: 1.2.0
   * Component: pstorage Variant: default Version: 1.2.0

Package Vendor: NordicSemiconductor
                http://developer.nordicsemi.com/nRF51_SDK/pieces/nRF_Libraries/NordicSemiconductor.nRF_Libraries.1.1.0.pack
                NordicSemiconductor::nRF_Libraries:app_error:1.1.0
                Software modules for Nordic Semiconductor nRF family.
   * Component: app_error Version: 1.1.0
   * Component: dfu_app_handler Version: 1.1.0
   * Component: app_scheduler Variant: default Version: 1.1.0
   * Component: app_fifo Version: 1.1.0
   * Component: app_timer Variant: default Version: 1.1.0
   * Component: dfu_bootloader_util Version: 1.1.0
   * Component: app_util Variant: default Version: 1.1.0
   * Component: nrf_assert Version: 1.1.0
   * Component: app_trace Variant: Dummy Version: 1.1.0

Package Vendor: NordicSemiconductor
                http://developer.nordicsemi.com/nRF51_SDK/pieces/nRF_SoftDevice_Common/NordicSemiconductor.nRF_SoftDevice_Common.1.1.0.pack
                NordicSemiconductor::nRF_SoftDevice:Internal:sd_common:default:1.1.0
                Common components for Nordic Semiconductor nRF family SoftDevices.
   * Component: sd_common Variant: default Version: 1.1.0
   * Component: softdevice_present Version: 1.1.0

Package Vendor: NordicSemiconductor
                http://developer.nordicsemi.com/nRF51_SDK/pieces/nRF_SoftDevice_S110/NordicSemiconductor.nRF_SoftDevice_S110.7.1.0-3.pack
                NordicSemiconductor::nRF_SoftDevice:s110:default:7.1.0-3
                Components for Bluetooth Low Energy (Bluetooth Smart) S110 SoftDevice for Nordic Semiconductor nRF family.
   * Component: s110 Variant: default Version: 7.1.0-3

<h2>Collection of Component include folders:</h2>
  C:\Users\Yelun\Documents\GitHub\NRF51822_Datelog\pca10028\s110\arm5\RTE
  C:\Users\Yelun\Documents\GitHub\NRF51822_Datelog\pca10028\s110\arm5\RTE\nRF_BLE\nRF51822_xxAA
  C:\Users\Yelun\Documents\GitHub\NRF51822_Datelog\pca10028\s110\arm5\RTE\nRF_Drivers\nRF51822_xxAA
  C:\Users\Yelun\Documents\GitHub\NRF51822_Datelog\pca10028\s110\arm5\RTE\nRF_Libraries\nRF51822_xxAA
  C:\Keil_v5\ARM\PACK\ARM\CMSIS\3.20.4\CMSIS\Include
  C:\Keil_v5\ARM\PACK\NordicSemiconductor\nRF_BLE\1.1.0\ble_services\ble_dfu
  C:\Keil_v5\ARM\PACK\NordicSemiconductor\nRF_BLE\1.1.0\ble_services\ble_hrs
  C:\Keil_v5\ARM\PACK\NordicSemiconductor\nRF_BLE\1.1.0\common
  C:\Keil_v5\ARM\PACK\NordicSemiconductor\nRF_BLE\1.1.0\device_manager
  C:\Keil_v5\ARM\PACK\NordicSemiconductor\nRF_DeviceFamilyPack\1.1.4\Device\Include
  C:\Keil_v5\ARM\PACK\NordicSemiconductor\nRF_Drivers\1.2.0\hal
  C:\Keil_v5\ARM\PACK\NordicSemiconductor\nRF_Drivers\1.2.0\pstorage
  C:\Keil_v5\ARM\PACK\NordicSemiconductor\nRF_Drivers\1.2.0\simple_uart
  C:\Keil_v5\ARM\PACK\NordicSemiconductor\nRF_Libraries\1.1.0\bootloader_dfu
  C:\Keil_v5\ARM\PACK\NordicSemiconductor\nRF_Libraries\1.1.0\bootloader_dfu\experimental
  C:\Keil_v5\ARM\PACK\NordicSemiconductor\nRF_Libraries\1.1.0\fifo
  C:\Keil_v5\ARM\PACK\NordicSemiconductor\nRF_Libraries\1.1.0\scheduler
  C:\Keil_v5\ARM\PACK\NordicSemiconductor\nRF_Libraries\1.1.0\timer
  C:\Keil_v5\ARM\PACK\NordicSemiconductor\nRF_Libraries\1.1.0\trace
  C:\Keil_v5\ARM\PACK\NordicSemiconductor\nRF_Libraries\1.1.0\util
  C:\Keil_v5\ARM\PACK\NordicSemiconductor\nRF_SoftDevice_Common\1.1.0\softdevice_handler
  C:\Keil_v5\ARM\PACK\NordicSemiconductor\nRF_SoftDevice_S110\7.1.0-3\headers

<h2>Collection of Component Files used:</h2>

   * Component: ARM::CMSIS:CORE:3.20.0

   * Component: NordicSemiconductor::nRF_BLE:BLE_Services:ble_dfu:1.1.0
      Source file:   ble_services\ble_dfu\ble_dfu.c
      Include file:  ble_services\ble_dfu\ble_dfu.h

   * Component: NordicSemiconductor::nRF_BLE:BLE_Modules:ble_advdata:1.1.0
      Source file:   common\ble_advdata.c
      Include file:  common\ble_advdata.h

   * Component: NordicSemiconductor::nRF_BLE:BLE_Modules:ble_conn_params:1.1.0
      Source file:   common\ble_conn_params.c
      Include file:  common\ble_conn_params.h

   * Component: NordicSemiconductor::nRF_BLE:BLE_Modules:ble_service_common:1.1.0
      Source file:   common\ble_srv_common.c
      Include file:  common\ble_srv_common.h

   * Component: NordicSemiconductor::nRF_BLE:BLE_Services:ble_hrs:1.1.0
      Source file:   ble_services\ble_hrs\ble_hrs.c
      Include file:  ble_services\ble_hrs\ble_hrs.h

   * Component: NordicSemiconductor::nRF_BLE:BLE_Modules:device_manager:Peripheral:1.1.0
      Include file:  device_manager\device_manager.h
      Include file:  device_manager\config\device_manager_cnfg.h
      Source file:   device_manager\device_manager_peripheral.c

   * Component: NordicSemiconductor::nRF_BLE:BLE_Modules:ble_common:1.1.0

   * Component: NordicSemiconductor::Device:Startup:1.0.1
      Source file:   Device\Source\arm\arm_startup_nrf51.s
      Source file:   Device\Source\system_nrf51.c
      Include file:  Device\Include\system_nrf51.h

   * Component: NordicSemiconductor::nRF_Drivers:nrf_gpio:1.2.0
      Include file:  hal\nrf_gpio.h

   * Component: NordicSemiconductor::nRF_Drivers:nrf_delay:1.2.0
      Source file:   hal\nrf_delay.c
      Include file:  hal\nrf_delay.h

   * Component: NordicSemiconductor::nRF_Drivers:nrf_error:default:1.2.0

   * Component: NordicSemiconductor::nRF_Drivers:simple_uart:1.2.0
      Source file:   simple_uart\simple_uart.c
      Include file:  simple_uart\simple_uart.h

   * Component: NordicSemiconductor::nRF_Drivers:nrf_temp:1.2.0
      Include file:  hal\nrf_temp.h

   * Component: NordicSemiconductor::nRF_Drivers:pstorage:default:1.2.0
      Include file:  pstorage\pstorage.h
      Include file:  pstorage\config\pstorage_platform.h
      Source file:   pstorage\pstorage.c

   * Component: NordicSemiconductor::nRF_Libraries:app_error:1.1.0
      Include file:  util\app_error.h
      Source file:   util\app_error.c

   * Component: NordicSemiconductor::nRF_Libraries:DFU:dfu_app_handler:1.1.0
      Source file:   bootloader_dfu\experimental\dfu_app_handler.c
      Include file:  bootloader_dfu\experimental\dfu_app_handler.h

   * Component: NordicSemiconductor::nRF_Libraries:app_scheduler:default:1.1.0
      Include file:  scheduler\app_scheduler.h
      Source file:   scheduler\app_scheduler.c

   * Component: NordicSemiconductor::nRF_Libraries:app_fifo:1.1.0
      Source file:   fifo\app_fifo.c
      Include file:  fifo\app_fifo.h

   * Component: NordicSemiconductor::nRF_Libraries:app_timer:default:1.1.0
      Include file:  timer\app_timer.h
      Source file:   timer\app_timer.c

   * Component: NordicSemiconductor::nRF_Libraries:DFU:dfu_bootloader_util:1.1.0
      Source file:   bootloader_dfu\bootloader_util_arm.c
      Include file:  bootloader_dfu\bootloader_util.h

   * Component: NordicSemiconductor::nRF_Libraries:app_util:default:1.1.0

   * Component: NordicSemiconductor::nRF_Libraries:nrf_assert:1.1.0
      Source file:   util\nrf_assert.c
      Include file:  util\nrf_assert.h

   * Component: NordicSemiconductor::nRF_Libraries:app_trace:Dummy:1.1.0
      Include file:  trace\app_trace.h

   * Component: NordicSemiconductor::nRF_SoftDevice:Internal:sd_common:default:1.1.0
      Source file:   softdevice_handler\softdevice_handler.c

   * Component: NordicSemiconductor::nRF_SoftDevice:Internal:softdevice_present:1.1.0

   * Component: NordicSemiconductor::nRF_SoftDevice:s110:default:7.1.0-3
      Include file:  headers\nrf_error_soc.h
      Include file:  headers\ble_gap.h
      Include file:  headers\nrf_sdm.h
      Include file:  headers\nrf_soc.h
      Include file:  headers\softdevice_assert.h
      Include file:  headers\ble_err.h
      Include file:  headers\ble_gattc.h
      Include file:  headers\nrf_error_sdm.h
      Include file:  headers\ble.h
      Include file:  headers\ble_l2cap.h
      Include file:  headers\nrf_mbr.h
      Include file:  headers\ble_ranges.h
      Include file:  headers\ble_gatt.h
      Include file:  headers\ble_hci.h
      Include file:  headers\nrf_error.h
      Include file:  headers\ble_gatts.h
      Include file:  headers\ble_types.h
      Include file:  headers\nrf_svc.h
Load "C:\\Users\\Yelun\\Documents\\GitHub\\NRF51822_Datelog\\pca10028\\s110\\arm5\\_build\\nrf51422_xxac_s110.axf" 
Set JLink Project File to "C:\Users\Yelun\Documents\GitHub\NRF51822_Datelog\pca10028\s110\arm5\JLinkSettings.ini"
* JLink Info: Device "NRF51822_XXAA" selected (257 KB flash, 16 KB RAM).
 
JLink info:
------------
DLL: V4.92 , compiled Sep 30 2014 09:33:42
Firmware: J-Link ARM V8 compiled Sep 22 2014 23:26:43
Hardware: V8.00
S/N : 286370559 
Feature(s) : RDI,FlashDL,FlashBP,JFlash 
 
* JLink Info: Found SWD-DP with ID 0x0BB11477
* JLink Info: Found Cortex-M0 r0p0, Little endian.
* JLink Info: FPUnit: 4 code (BP) slots and 0 literal slots
ROMTableAddr = 0xE00FF003
 
Target info:
------------
Device: nRF51822_xxAA
VTarget = 3.306V
State of Pins: 
TCK: 0, TDI: 0, TDO: 0, TMS: 1, TRES: 1, TRST: 1
Hardware-Breakpoints: 4
Software-Breakpoints: 8192
Watchpoints:          2
JTAG speed: 4000 kHz
 
Erase Done.
Programming Done.
Verify OK.
Application running ...
Load "C:\\Users\\Yelun\\Documents\\GitHub\\NRF51822_Datelog\\pca10028\\s110\\arm5\\_build\\nrf51422_xxac_s110.axf" 
Error: Flash Download failed  -  Target DLL has been cancelled
Load "C:\\Users\\Yelun\\Documents\\GitHub\\NRF51822_Datelog\\pca10028\\s110\\arm5\\_build\\nrf51422_xxac_s110.axf" 
Set JLink Project File to "C:\Users\Yelun\Documents\GitHub\NRF51822_Datelog\pca10028\s110\arm5\JLinkSettings.ini"
* JLink Info: Device "NRF51822_XXAA" selected (257 KB flash, 16 KB RAM).
 
JLink info:
------------
DLL: V4.92 , compiled Sep 30 2014 09:33:42
Firmware: J-Link ARM V8 compiled Sep 22 2014 23:26:43
Hardware: V8.00
S/N : 286370559 
Feature(s) : RDI,FlashDL,FlashBP,JFlash 
 
* JLink Info: Found SWD-DP with ID 0x0BB11477
* JLink Info: Found Cortex-M0 r0p0, Little endian.
* JLink Info: FPUnit: 4 code (BP) slots and 0 literal slots
ROMTableAddr = 0xE00FF003
 
Target info:
------------
Device: nRF51822_xxAA
VTarget = 3.313V
State of Pins: 
TCK: 0, TDI: 0, TDO: 0, TMS: 1, TRES: 1, TRST: 1
Hardware-Breakpoints: 4
Software-Breakpoints: 8192
Watchpoints:          2
JTAG speed: 4000 kHz
 
Erase Done.
Programming Done.
Verify OK.
Application running ...
</pre>
</body>
</html>
nkSettings.ini"
* JLink Info: Device "NRF51822_XXAA" selected (257 KB flash, 16 KB RAM).
 
JLink info:
------------
DLL: V4.92 , compiled Sep 30 2014 09:33:42
Firmware: J-Link ARM V8 compiled Sep 22 2014 23:26:43
Hardware: V8.00
S/N : 286370559 
Feature(s) : RDI,FlashDL,FlashBP,JFlash 
 
* JLink Info: Found SWD-DP with ID 0x0BB11477
* JLink Info: Found Cortex-M0 r0p0, Little endian.
* JLink Info: FPUnit: 4 code (BP) slots and 0 literal slots
ROMTableAddr = 0xE00FF003
 
Target info:
------------
Device: nRF51822_xxAA
VTarget = 3.921V
State of Pins: 
TCK: 0, TDI: 0, TDO: 0, TMS: 1, TRES: 1, TRST: 1
Hardware-Breakpoints: 4
Software-Breakpoints: 8192
Watchpoints:          2
JTAG speed: 4000 kHz
 
Erase Failed!
Error: Flash Download failed  -  "Cortex-M0"
Load "C:\\Users\\Yelun\\Documents\\GitHub\\NRF51822_Datelog\\pca10028\\s110\\arm5\\_build\\nrf51422_xxac_s110.axf" 
Set JLink Project File to "C:\Users\Yelun\Documents\GitHub\NRF51822_Datelog\pca10028\s110\arm5\JLinkSettings.ini"
* JLink Info: Device "NRF51822_XXAA" selected (257 KB flash, 16 KB RAM).
 
JLink info:
------------
DLL: V4.92 , compiled Sep 30 2014 09:33:42
Firmware: J-Link ARM V8 compiled Sep 22 2014 23:26:43
Hardware: V8.00
S/N : 286370559 
Feature(s) : RDI,FlashDL,FlashBP,JFlash 
 
* JLink Info: Found SWD-DP with ID 0x0BB11477
* JLink Info: Found Cortex-M0 r0p0, Little endian.
* JLink Info: FPUnit: 4 code (BP) slots and 0 literal slots
ROMTableAddr = 0xE00FF003
 
Target info:
------------
Device: nRF51822_xxAA
VTarget = 3.908V
State of Pins: 
TCK: 0, TDI: 0, TDO: 0, TMS: 1, TRES: 1, TRST: 1
Hardware-Breakpoints: 4
Software-Breakpoints: 8192
Watchpoints:          2
JTAG speed: 4000 kHz
 
Erase Failed!
Error: Flash Download failed  -  "Cortex-M0"
Load "C:\\Users\\Yelun\\Documents\\GitHub\\NRF51822_Datelog\\pca10028\\s110\\arm5\\_build\\nrf51422_xxac_s110.axf" 
Set JLink Project File to "C:\Users\Yelun\Documents\GitHub\NRF51822_Datelog\pca10028\s110\arm5\JLinkSettings.ini"
* JLink Info: Device "NRF51822_XXAA" selected (257 KB flash, 16 KB RAM).
 
JLink info:
------------
DLL: V4.92 , compiled Sep 30 2014 09:33:42
Firmware: J-Link ARM V8 compiled Sep 22 2014 23:26:43
Hardware: V8.00
S/N : 286370559 
Feature(s) : RDI,FlashDL,FlashBP,JFlash 
 
* JLink Info: Found SWD-DP with ID 0x0BB11477
* JLink Info: Found Cortex-M0 r0p0, Little endian.
* JLink Info: FPUnit: 4 code (BP) slots and 0 literal slots
ROMTableAddr = 0xE00FF003
 
Target info:
------------
Device: nRF51822_xxAA
VTarget = 3.914V
State of Pins: 
TCK: 0, TDI: 0, TDO: 0, TMS: 1, TRES: 1, TRST: 1
Hardware-Breakpoints: 4
Software-Breakpoints: 8192
Watchpoints:          2
JTAG speed: 4000 kHz
 
Erase Failed!
Error: Flash Download failed  -  "Cortex-M0"
Load "C:\\Users\\Yelun\\Documents\\GitHub\\NRF51822_Datelog\\pca10028\\s110\\arm5\\_build\\nrf51422_xxac_s110.axf" 
Set JLink Project File to "C:\Users\Yelun\Documents\GitHub\NRF51822_Datelog\pca10028\s110\arm5\JLinkSettings.ini"
* JLink Info: Device "NRF51822_XXAA" selected (257 KB flash, 16 KB RAM).
 
JLink info:
------------
DLL: V4.92 , compiled Sep 30 2014 09:33:42
Firmware: J-Link ARM V8 compiled Sep 22 2014 23:26:43
Hardware: V8.00
S/N : 286370559 
Feature(s) : RDI,FlashDL,FlashBP,JFlash 
 
* JLink Info: Found SWD-DP with ID 0x0BB11477
* JLink Info: Found Cortex-M0 r0p0, Little endian.
* JLink Info: FPUnit: 4 code (BP) slots and 0 literal slots
ROMTableAddr = 0xE00FF003
 
Target info:
------------
Device: nRF51822_xxAA
VTarget = 3.914V
State of Pins: 
TCK: 0, TDI: 0, TDO: 0, TMS: 1, TRES: 1, TRST: 1
Hardware-Breakpoints: 4
Software-Breakpoints: 8192
Watchpoints:          2
JTAG speed: 4000 kHz
 
Erase Failed!
Error: Flash Download failed  -  "Cortex-M0"
Load "C:\\Users\\Yelun\\Documents\\GitHub\\NRF51822_Datelog\\pca10028\\s110\\arm5\\_build\\nrf51422_xxac_s110.axf" 
Set JLink Project File to "C:\Users\Yelun\Documents\GitHub\NRF51822_Datelog\pca10028\s110\arm5\JLinkSettings.ini"
* JLink Info: Device "NRF51822_XXAA" selected (257 KB flash, 16 KB RAM).
 
JLink info:
------------
DLL: V4.92 , compiled Sep 30 2014 09:33:42
Firmware: J-Link ARM V8 compiled Sep 22 2014 23:26:43
Hardware: V8.00
S/N : 286370559 
Feature(s) : RDI,FlashDL,FlashBP,JFlash 
 
* JLink Info: Found SWD-DP with ID 0x0BB11477
* JLink Info: Found Cortex-M0 r0p0, Little endian.
* JLink Info: FPUnit: 4 code (BP) slots and 0 literal slots
ROMTableAddr = 0xE00FF003
 
Target info:
------------
Device: nRF51822_xxAA
VTarget = 3.319V
State of Pins: 
TCK: 0, TDI: 0, TDO: 0, TMS: 1, TRES: 1, TRST: 1
Hardware-Breakpoints: 4
Software-Breakpoints: 8192
Watchpoints:          2
JTAG speed: 4000 kHz
 
Erase Done.
Programming Done.
Verify OK.
Application running ...
